03-14 14:02:34.003  1407  5182 D vendor.qti.bluetooth@1.0-ibs_handler: SerialClockVote: vote for UART CLK OFF
03-14 14:02:34.044  1407  5182 I vendor.qti.bluetooth@1.0-ibs_handler: ProcessIbsCmd: Received IBS_WAKE_IND: 0xFD
03-14 14:02:34.044  1407  5182 D vendor.qti.bluetooth@1.0-ibs_handler: SerialClockVote: vote for UART CLK ON
03-14 14:02:34.044  1407  5182 I vendor.qti.bluetooth@1.0-ibs_handler: ProcessIbsCmd: Writing IBS_WAKE_ACK
03-14 14:02:34.214  1407  5182 I vendor.qti.bluetooth@1.0-ibs_handler: ProcessIbsCmd: Received IBS_SLEEP_IND: 0xFE
03-14 14:02:34.214  1407  5182 D vendor.qti.bluetooth@1.0-ibs_handler: SerialClockVote: vote for UART CLK OFF
03-14 14:02:34.247  1407  5182 I vendor.qti.bluetooth@1.0-ibs_handler: ProcessIbsCmd: Received IBS_WAKE_IND: 0xFD
03-14 14:02:34.247  1407  5182 D vendor.qti.bluetooth@1.0-ibs_handler: SerialClockVote: vote for UART CLK ON
03-14 14:02:34.247  1407  5182 I vendor.qti.bluetooth@1.0-ibs_handler: ProcessIbsCmd: Writing IBS_WAKE_ACK
03-14 14:02:34.323  1407  5182 I vendor.qti.bluetooth@1.0-ibs_handler: ProcessIbsCmd: Received IBS_SLEEP_IND: 0xFE
03-14 14:02:34.323  1407  5182 D vendor.qti.bluetooth@1.0-ibs_handler: SerialClockVote: vote for UART CLK OFF
03-14 14:02:34.325  1407  5182 I vendor.qti.bluetooth@1.0-ibs_handler: ProcessIbsCmd: Received IBS_WAKE_IND: 0xFD
03-14 14:02:34.325  1407  5182 D vendor.qti.bluetooth@1.0-ibs_handler: SerialClockVote: vote for UART CLK ON
03-14 14:02:34.325  1407  5182 I vendor.qti.bluetooth@1.0-ibs_handler: ProcessIbsCmd: Writing IBS_WAKE_ACK
03-14 14:02:34.367  1407  5182 I vendor.qti.bluetooth@1.0-ibs_handler: ProcessIbsCmd: Received IBS_SLEEP_IND: 0xFE
03-14 14:02:34.367  1407  5182 D vendor.qti.bluetooth@1.0-ibs_handler: SerialClockVote: vote for UART CLK OFF
03-14 14:02:34.370  1407  5182 I vendor.qti.bluetooth@1.0-ibs_handler: ProcessIbsCmd: Received IBS_WAKE_IND: 0xFD
03-14 14:02:34.370  1407  5182 D vendor.qti.bluetooth@1.0-ibs_handler: SerialClockVote: vote for UART CLK ON
03-14 14:02:34.370  1407  5182 I vendor.qti.bluetooth@1.0-ibs_handler: ProcessIbsCmd: Writing IBS_WAKE_ACK
03-14 14:02:34.421  1407  5182 I vendor.qti.bluetooth@1.0-ibs_handler: ProcessIbsCmd: Received IBS_SLEEP_IND: 0xFE
03-14 14:02:34.421  1407  5182 D vendor.qti.bluetooth@1.0-ibs_handler: SerialClockVote: vote for UART CLK OFF
03-14 14:02:34.486  1407  5182 I vendor.qti.bluetooth@1.0-ibs_handler: ProcessIbsCmd: Received IBS_WAKE_IND: 0xFD
03-14 14:02:34.486  1407  5182 D vendor.qti.bluetooth@1.0-ibs_handler: SerialClockVote: vote for UART CLK ON
03-14 14:02:34.486  1407  5182 I vendor.qti.bluetooth@1.0-ibs_handler: ProcessIbsCmd: Writing IBS_WAKE_ACK
03-14 14:02:34.530  1407  5182 I vendor.qti.bluetooth@1.0-ibs_handler: ProcessIbsCmd: Received IBS_SLEEP_IND: 0xFE
03-14 14:02:34.530  1407  5182 D vendor.qti.bluetooth@1.0-ibs_handler: SerialClockVote: vote for UART CLK OFF
03-14 14:02:34.533  1407  5182 I vendor.qti.bluetooth@1.0-ibs_handler: ProcessIbsCmd: Received IBS_WAKE_IND: 0xFD
03-14 14:02:34.533  1407  5182 D vendor.qti.bluetooth@1.0-ibs_handler: SerialClockVote: vote for UART CLK ON
03-14 14:02:34.533  1407  5182 I vendor.qti.bluetooth@1.0-ibs_handler: ProcessIbsCmd: Writing IBS_WAKE_ACK
03-14 14:02:34.680  1407  5182 I vendor.qti.bluetooth@1.0-ibs_handler: ProcessIbsCmd: Received IBS_SLEEP_IND: 0xFE
03-14 14:02:34.680  1407  5182 D vendor.qti.bluetooth@1.0-ibs_handler: SerialClockVote: vote for UART CLK OFF
03-14 14:02:34.738  1407  5182 I vendor.qti.bluetooth@1.0-ibs_handler: ProcessIbsCmd: Received IBS_WAKE_IND: 0xFD
03-14 14:02:34.738  1407  5182 D vendor.qti.bluetooth@1.0-ibs_handler: SerialClockVote: vote for UART CLK ON
03-14 14:02:34.738  1407  5182 I vendor.qti.bluetooth@1.0-ibs_handler: ProcessIbsCmd: Writing IBS_WAKE_ACK
03-14 14:02:34.849  1407  5182 I vendor.qti.bluetooth@1.0-ibs_handler: ProcessIbsCmd: Received IBS_SLEEP_IND: 0xFE
03-14 14:02:34.850  1407  5182 D vendor.qti.bluetooth@1.0-ibs_handler: SerialClockVote: vote for UART CLK OFF
03-14 14:02:34.856  1407  5182 I vendor.qti.bluetooth@1.0-ibs_handler: ProcessIbsCmd: Received IBS_WAKE_IND: 0xFD
03-14 14:02:34.856  1407  5182 D vendor.qti.bluetooth@1.0-ibs_handler: SerialClockVote: vote for UART CLK ON
03-14 14:02:34.856  1407  5182 I vendor.qti.bluetooth@1.0-ibs_handler: ProcessIbsCmd: Writing IBS_WAKE_ACK
03-14 14:02:34.899  1407  5182 I vendor.qti.bluetooth@1.0-ibs_handler: ProcessIbsCmd: Received IBS_SLEEP_IND: 0xFE
03-14 14:02:34.900  1407  5182 D vendor.qti.bluetooth@1.0-ibs_handler: SerialClockVote: vote for UART CLK OFF
03-14 14:02:34.902  1407  5182 I vendor.qti.bluetooth@1.0-ibs_handler: ProcessIbsCmd: Received IBS_WAKE_IND: 0xFD
03-14 14:02:34.902  1407  5182 D vendor.qti.bluetooth@1.0-ibs_handler: SerialClockVote: vote for UART CLK ON
03-14 14:02:34.903  1407  5182 I vendor.qti.bluetooth@1.0-ibs_handler: ProcessIbsCmd: Writing IBS_WAKE_ACK
03-14 14:02:35.002  1407  5182 I vendor.qti.bluetooth@1.0-ibs_handler: ProcessIbsCmd: Received IBS_SLEEP_IND: 0xFE
03-14 14:02:35.002  1407  5182 D vendor.qti.bluetooth@1.0-ibs_handler: SerialClockVote: vote for UART CLK OFF
03-14 14:02:35.010  1407  5182 I vendor.qti.bluetooth@1.0-ibs_handler: ProcessIbsCmd: Received IBS_WAKE_IND: 0xFD
03-14 14:02:35.010  1407  5182 D vendor.qti.bluetooth@1.0-ibs_handler: SerialClockVote: vote for UART CLK ON
03-14 14:02:35.010  1407  5182 I vendor.qti.bluetooth@1.0-ibs_handler: ProcessIbsCmd: Writing IBS_WAKE_ACK
03-14 14:02:35.101  1407  5182 I vendor.qti.bluetooth@1.0-ibs_handler: ProcessIbsCmd: Received IBS_SLEEP_IND: 0xFE
03-14 14:02:35.101  1407  5182 D vendor.qti.bluetooth@1.0-ibs_handler: SerialClockVote: vote for UART CLK OFF
03-14 14:02:35.119  1407  5182 I vendor.qti.bluetooth@1.0-ibs_handler: ProcessIbsCmd: Received IBS_WAKE_IND: 0xFD
03-14 14:02:35.119  1407  5182 D vendor.qti.bluetooth@1.0-ibs_handler: SerialClockVote: vote for UART CLK ON
03-14 14:02:35.119  1407  5182 I vendor.qti.bluetooth@1.0-ibs_handler: ProcessIbsCmd: Writing IBS_WAKE_ACK
03-14 14:02:35.162  1407  5182 I vendor.qti.bluetooth@1.0-ibs_handler: ProcessIbsCmd: Received IBS_SLEEP_IND: 0xFE
03-14 14:02:35.163  1407  5182 D vendor.qti.bluetooth@1.0-ibs_handler: SerialClockVote: vote for UART CLK OFF
03-14 14:02:35.176  1407  5182 I vendor.qti.bluetooth@1.0-ibs_handler: ProcessIbsCmd: Received IBS_WAKE_IND: 0xFD
03-14 14:02:35.176  1407  5182 D vendor.qti.bluetooth@1.0-ibs_handler: SerialClockVote: vote for UART CLK ON
03-14 14:02:35.176  1407  5182 I vendor.qti.bluetooth@1.0-ibs_handler: ProcessIbsCmd: Writing IBS_WAKE_ACK
03-14 14:02:35.219  1407  5182 I vendor.qti.bluetooth@1.0-ibs_handler: ProcessIbsCmd: Received IBS_SLEEP_IND: 0xFE
03-14 14:02:35.219  1407  5182 D vendor.qti.bluetooth@1.0-ibs_handler: SerialClockVote: vote for UART CLK OFF
03-14 14:02:35.280  1407  5182 I vendor.qti.bluetooth@1.0-ibs_handler: ProcessIbsCmd: Received IBS_WAKE_IND: 0xFD
03-14 14:02:35.280  1407  5182 D vendor.qti.bluetooth@1.0-ibs_handler: SerialClockVote: vote for UART CLK ON
03-14 14:02:35.280  1407  5182 I vendor.qti.bluetooth@1.0-ibs_handler: ProcessIbsCmd: Writing IBS_WAKE_ACK
03-14 14:02:35.328  1407  5182 I vendor.qti.bluetooth@1.0-ibs_handler: ProcessIbsCmd: Received IBS_SLEEP_IND: 0xFE
03-14 14:02:35.328  1407  5182 D vendor.qti.bluetooth@1.0-ibs_handler: SerialClockVote: vote for UART CLK OFF
03-14 14:02:35.331  1407  5182 I vendor.qti.bluetooth@1.0-ibs_handler: ProcessIbsCmd: Received IBS_WAKE_IND: 0xFD
03-14 14:02:35.331  1407  5182 D vendor.qti.bluetooth@1.0-ibs_handler: SerialClockVote: vote for UART CLK ON
03-14 14:02:35.331  1407  5182 I vendor.qti.bluetooth@1.0-ibs_handler: ProcessIbsCmd: Writing IBS_WAKE_ACK
03-14 14:02:35.432  1407  5182 I vendor.qti.bluetooth@1.0-ibs_handler: ProcessIbsCmd: Received IBS_SLEEP_IND: 0xFE
03-14 14:02:35.432  1407  5182 D vendor.qti.bluetooth@1.0-ibs_handler: SerialClockVote: vote for UART CLK OFF
03-14 14:02:35.438  1407  5182 I vendor.qti.bluetooth@1.0-ibs_handler: ProcessIbsCmd: Received IBS_WAKE_IND: 0xFD
03-14 14:02:35.439  1407  5182 D vendor.qti.bluetooth@1.0-ibs_handler: SerialClockVote: vote for UART CLK ON
03-14 14:02:35.439  1407  5182 I vendor.qti.bluetooth@1.0-ibs_handler: ProcessIbsCmd: Writing IBS_WAKE_ACK
03-14 14:02:35.482  1407  5182 I vendor.qti.bluetooth@1.0-ibs_handler: ProcessIbsCmd: Received IBS_SLEEP_IND: 0xFE
03-14 14:02:35.482  1407  5182 D vendor.qti.bluetooth@1.0-ibs_handler: SerialClockVote: vote for UART CLK OFF
03-14 14:02:35.509  1407  5182 I vendor.qti.bluetooth@1.0-ibs_handler: ProcessIbsCmd: Received IBS_WAKE_IND: 0xFD
03-14 14:02:35.509  1407  5182 D vendor.qti.bluetooth@1.0-ibs_handler: SerialClockVote: vote for UART CLK ON
03-14 14:02:35.509  1407  5182 I vendor.qti.bluetooth@1.0-ibs_handler: ProcessIbsCmd: Writing IBS_WAKE_ACK
03-14 14:02:35.637  1407  5182 I vendor.qti.bluetooth@1.0-ibs_handler: ProcessIbsCmd: Received IBS_SLEEP_IND: 0xFE
03-14 14:02:35.637  1407  5182 D vendor.qti.bluetooth@1.0-ibs_handler: SerialClockVote: vote for UART CLK OFF
03-14 14:02:35.752  1404  3069 I slpi    : mn78_get_data_dri_befor: gpio_state=0 
03-14 14:02:35.752  1404  3069 I slpi    : mn78_sensor_read_als ag_stage=0, REG0x69=0x8, cmp h = 0x0, l = 0x8, int_flag = 0x4,cmp_rstn = 0x2, lock = 0x1,als_sat = 0x0,als channel 0 = 64,als channel 1 = 153,als channel 2= 3
03-14 14:02:35.753  1404  3069 I slpi    : mn78_get_data_dri_befor als: int_flag = 0x4  ps: int_flag = 0x0
03-14 14:02:35.754  1404  3069 I slpi    : mn78_set_lsensor_intr_threshold - rc=0, low_thd = 123, high_thd = 183
03-14 14:02:35.754  1404  3069 I slpi    : [lux_convert_to_lux]: lux_per_lux=973, new_lpc=223, lux=33 
03-14 14:02:35.754  1404  3069 I slpi    : mn78_sensor_als_report: lux=33, ch1=153, state->als_info.scale =973 
03-14 14:02:35.755  1404  3069 I slpi    : mn78_sensor_ps_report:state->ps_info.ps_last_report  = far , state->ps_info.pdata=1290,state->ps_info.cover_raw=1443,state->ps_info.uncover_raw=183,low_threshold=1817,high_threshold=2422
03-14 14:02:35.755  1404  3069 I slpi    : [mn78_sensor_als_report]: -------------------  lux=33, stage=0, ch0=64, ch1=153 
03-14 14:02:35.756  1404  3069 I slpi    : mn78_sensor_read_als ag_stage=0, REG0x69=0x8, cmp h = 0x0, l = 0x0, int_flag = 0x0,cmp_rstn = 0x2, lock = 0x0,als_sat = 0x0,als channel 0 = 64,als channel 1 = 153,als channel 2= 3
03-14 14:02:35.757  1404  3069 I slpi    : mn78_get_data_dri_after als: int_flag = 0x0  ps: int_flag = 0x0
03-14 14:02:35.757  1404  3069 I slpi    : mn78_get_data_dri_after: gpio_state=1 
03-14 14:02:35.769  1407  5182 I vendor.qti.bluetooth@1.0-ibs_handler: ProcessIbsCmd: Received IBS_WAKE_IND: 0xFD
03-14 14:02:35.769  1407  5182 D vendor.qti.bluetooth@1.0-ibs_handler: SerialClockVote: vote for UART CLK ON
03-14 14:02:35.769  1407  5182 I vendor.qti.bluetooth@1.0-ibs_handler: ProcessIbsCmd: Writing IBS_WAKE_ACK
03-14 14:02:35.876  1407  5182 I vendor.qti.bluetooth@1.0-ibs_handler: ProcessIbsCmd: Received IBS_SLEEP_IND: 0xFE
03-14 14:02:35.876  1407  5182 D vendor.qti.bluetooth@1.0-ibs_handler: SerialClockVote: vote for UART CLK OFF
03-14 14:02:35.905  1407  5182 I vendor.qti.bluetooth@1.0-ibs_handler: ProcessIbsCmd: Received IBS_WAKE_IND: 0xFD
03-14 14:02:35.905  1407  5182 D vendor.qti.bluetooth@1.0-ibs_handler: SerialClockVote: vote for UART CLK ON
03-14 14:02:35.905  1407  5182 I vendor.qti.bluetooth@1.0-ibs_handler: ProcessIbsCmd: Writing IBS_WAKE_ACK
03-14 14:02:36.042  1407  5182 I vendor.qti.bluetooth@1.0-ibs_handler: ProcessIbsCmd: Received IBS_SLEEP_IND: 0xFE
03-14 14:02:36.043  1407  5182 D vendor.qti.bluetooth@1.0-ibs_handler: SerialClockVote: vote for UART CLK OFF
03-14 14:02:36.051  1901  3067 D BatteryService: uevent={POWER_SUPPLY_VOLTAGE_NOW=4384587, POWER_SUPPLY_CHARGE_CONTROL_LIMIT_MAX=7, POWER_SUPPLY_TYPE=Battery, POWER_SUPPLY_HEALTH=Good, POWER_SUPPLY_TECHNOLOGY=Li-ion, POWER_SUPPLY_CHARGE_FULL_DESIGN=5142000, SEQNUM=868347, POWER_SUPPLY_CHARGE_CONTROL_LIMIT=0, POWER_SUPPLY_STATUS=Charging, POWER_SUPPLY_CURRENT_MAX=4000000, POWER_SUPPLY_CYCLE_COUNT=303, POWER_SUPPLY_CHARGE_TERM_CURRENT=-100, POWER_SUPPLY_CAPACITY=81, DEVPATH=/devices/platform/soc/1c40000.qcom,spmi/spmi-0/spmi0-02/1c40000.qcom,spmi:qcom,pm7250b@2:qcom,qpnp-smb5-mmi/power_supply/battery, POWER_SUPPLY_CHARGE_TYPE=Fast, POWER_SUPPLY_CHARGE_RATE=Normal, POWER_SUPPLY_INPUT_CURRENT_LIMIT=0, POWER_SUPPLY_CURRENT_NOW=1246338, POWER_SUPPLY_PRESENT=1, POWER_SUPPLY_CHARGE_FULL=5142000, POWER_SUPPLY_TIME_TO_FULL_NOW=6136, POWER_SUPPLY_CONSTANT_CHARGE_CURRENT=4000000, SUBSYSTEM=power_supply, POWER_SUPPLY_TEMP=341, ACTION=change, POWER_SUPPLY_NAME=battery, POWER_SUPPLY_VOLTAGE_MAX=-22, POWER_SUPPLY_CONSTANT_CHARGE_CURRENT_MAX=4000000, POWER_SUPPLY_CHARGE_COUNTER=4027728}
03-14 14:02:36.054  1901  3067 D BatteryService: uevent={POWER_SUPPLY_VOLTAGE_NOW=4384587, POWER_SUPPLY_CHARGE_CONTROL_LIMIT_MAX=7, POWER_SUPPLY_TYPE=Battery, POWER_SUPPLY_HEALTH=Good, POWER_SUPPLY_TECHNOLOGY=Li-ion, POWER_SUPPLY_CHARGE_FULL_DESIGN=5142000, SEQNUM=868348, POWER_SUPPLY_CHARGE_CONTROL_LIMIT=0, POWER_SUPPLY_STATUS=Charging, POWER_SUPPLY_CURRENT_MAX=4000000, POWER_SUPPLY_CYCLE_COUNT=303, POWER_SUPPLY_CHARGE_TERM_CURRENT=-100, POWER_SUPPLY_CAPACITY=81, DEVPATH=/devices/platform/soc/1c40000.qcom,spmi/spmi-0/spmi0-02/1c40000.qcom,spmi:qcom,pm7250b@2:qcom,qpnp-smb5-mmi/power_supply/battery, POWER_SUPPLY_CHARGE_TYPE=Fast, POWER_SUPPLY_INPUT_CURRENT_LIMIT=0, POWER_SUPPLY_CURRENT_NOW=1246338, POWER_SUPPLY_PRESENT=1, POWER_SUPPLY_CHARGE_FULL=5142000, POWER_SUPPLY_TIME_TO_FULL_NOW=6136, POWER_SUPPLY_CONSTANT_CHARGE_CURRENT=4000000, SUBSYSTEM=power_supply, POWER_SUPPLY_TEMP=341, ACTION=change, POWER_SUPPLY_NAME=battery, POWER_SUPPLY_VOLTAGE_MAX=-22, POWER_SUPPLY_CONSTANT_CHARGE_CURRENT_MAX=4000000, POWER_SUPPLY_CHARGE_COUNTER=4027728}
03-14 14:02:36.057  1901  1901 W HwBinder:1901_2: type=1400 audit(0.0:1380613): avc:  denied  { read } for  name="u:object_r:moto_df_prop:s0" dev="tmpfs" ino=11157 scontext=u:r:system_server:s0 tcontext=u:object_r:moto_df_prop:s0 tclass=file permissive=0
03-14 14:02:36.060  1901  3236 W libc    : Access denied finding property "persist.mot.dogfooding"
03-14 14:02:36.061  1901  1901 W HwBinder:1901_2: type=1400 audit(0.0:1380614): avc:  denied  { read } for  name="u:object_r:moto_df_prop:s0" dev="tmpfs" ino=11157 scontext=u:r:system_server:s0 tcontext=u:object_r:moto_df_prop:s0 tclass=file permissive=0
03-14 14:02:36.065  1901  3236 W libc    : Access denied finding property "persist.mot.dogfooding"
03-14 14:02:36.069  4006  5022 D PowerUI : can't show warning due to - plugged: true status unknown: false
03-14 14:02:36.070  1901  1901 V UiModeManager: updateLocked: null action, mDockState=0, category=null
03-14 14:02:36.071  1901  1901 D UiModeManager: updateConfigurationLocked: mDockState=0; mCarMode=false; mNightMode=2; mNightModeCustomType=-1; uiMode=33
03-14 14:02:36.071  4233  4233 D QtiCarrierConfigHelper: WARNING, no carrier configs on phone Id: 0
03-14 14:02:36.075  1407  5182 I vendor.qti.bluetooth@1.0-ibs_handler: ProcessIbsCmd: Received IBS_WAKE_IND: 0xFD
03-14 14:02:36.075  1407  5182 D vendor.qti.bluetooth@1.0-ibs_handler: SerialClockVote: vote for UART CLK ON
03-14 14:02:36.075  1407  5182 I vendor.qti.bluetooth@1.0-ibs_handler: ProcessIbsCmd: Writing IBS_WAKE_ACK
03-14 14:02:36.152  1407  5182 I vendor.qti.bluetooth@1.0-ibs_handler: ProcessIbsCmd: Received IBS_SLEEP_IND: 0xFE
03-14 14:02:36.152  1407  5182 D vendor.qti.bluetooth@1.0-ibs_handler: SerialClockVote: vote for UART CLK OFF
03-14 14:02:36.163  1407  5182 I vendor.qti.bluetooth@1.0-ibs_handler: ProcessIbsCmd: Received IBS_WAKE_IND: 0xFD
03-14 14:02:36.163  1407  5182 D vendor.qti.bluetooth@1.0-ibs_handler: SerialClockVote: vote for UART CLK ON
03-14 14:02:36.164  1407  5182 I vendor.qti.bluetooth@1.0-ibs_handler: ProcessIbsCmd: Writing IBS_WAKE_ACK
03-14 14:02:36.218  1407  5182 I vendor.qti.bluetooth@1.0-ibs_handler: ProcessIbsCmd: Received IBS_SLEEP_IND: 0xFE
03-14 14:02:36.219  1407  5182 D vendor.qti.bluetooth@1.0-ibs_handler: SerialClockVote: vote for UART CLK OFF
03-14 14:02:36.264  1407  5182 I vendor.qti.bluetooth@1.0-ibs_handler: ProcessIbsCmd: Received IBS_WAKE_IND: 0xFD
03-14 14:02:36.264  1407  5182 D vendor.qti.bluetooth@1.0-ibs_handler: SerialClockVote: vote for UART CLK ON
03-14 14:02:36.264  1407  5182 I vendor.qti.bluetooth@1.0-ibs_handler: ProcessIbsCmd: Writing IBS_WAKE_ACK
03-14 14:02:36.368  1407  5182 I vendor.qti.bluetooth@1.0-ibs_handler: ProcessIbsCmd: Received IBS_SLEEP_IND: 0xFE
03-14 14:02:36.368  1407  5182 D vendor.qti.bluetooth@1.0-ibs_handler: SerialClockVote: vote for UART CLK OFF
03-14 14:02:36.370  1407  5182 I vendor.qti.bluetooth@1.0-ibs_handler: ProcessIbsCmd: Received IBS_WAKE_IND: 0xFD
03-14 14:02:36.371  1407  5182 D vendor.qti.bluetooth@1.0-ibs_handler: SerialClockVote: vote for UART CLK ON
03-14 14:02:36.371  1407  5182 I vendor.qti.bluetooth@1.0-ibs_handler: ProcessIbsCmd: Writing IBS_WAKE_ACK
03-14 14:02:36.467  1407  5182 I vendor.qti.bluetooth@1.0-ibs_handler: ProcessIbsCmd: Received IBS_SLEEP_IND: 0xFE
03-14 14:02:36.467  1407  5182 D vendor.qti.bluetooth@1.0-ibs_handler: SerialClockVote: vote for UART CLK OFF
03-14 14:02:36.477  1407  5182 I vendor.qti.bluetooth@1.0-ibs_handler: ProcessIbsCmd: Received IBS_WAKE_IND: 0xFD
03-14 14:02:36.477  1407  5182 D vendor.qti.bluetooth@1.0-ibs_handler: SerialClockVote: vote for UART CLK ON
03-14 14:02:36.477  1407  5182 I vendor.qti.bluetooth@1.0-ibs_handler: ProcessIbsCmd: Writing IBS_WAKE_ACK
03-14 14:02:36.565  1407  5182 I vendor.qti.bluetooth@1.0-ibs_handler: ProcessIbsCmd: Received IBS_SLEEP_IND: 0xFE
03-14 14:02:36.565  1407  5182 D vendor.qti.bluetooth@1.0-ibs_handler: SerialClockVote: vote for UART CLK OFF
03-14 14:02:36.589  1407  5182 I vendor.qti.bluetooth@1.0-ibs_handler: ProcessIbsCmd: Received IBS_WAKE_IND: 0xFD
03-14 14:02:36.589  1407  5182 D vendor.qti.bluetooth@1.0-ibs_handler: SerialClockVote: vote for UART CLK ON
03-14 14:02:36.589  1407  5182 I vendor.qti.bluetooth@1.0-ibs_handler: ProcessIbsCmd: Writing IBS_WAKE_ACK
03-14 14:02:36.672  1407  5182 I vendor.qti.bluetooth@1.0-ibs_handler: ProcessIbsCmd: Received IBS_SLEEP_IND: 0xFE
03-14 14:02:36.673  1407  5182 D vendor.qti.bluetooth@1.0-ibs_handler: SerialClockVote: vote for UART CLK OFF
03-14 14:02:36.697  1407  5182 I vendor.qti.bluetooth@1.0-ibs_handler: ProcessIbsCmd: Received IBS_WAKE_IND: 0xFD
03-14 14:02:36.698  1407  5182 D vendor.qti.bluetooth@1.0-ibs_handler: SerialClockVote: vote for UART CLK ON
03-14 14:02:36.698  1407  5182 I vendor.qti.bluetooth@1.0-ibs_handler: ProcessIbsCmd: Writing IBS_WAKE_ACK
03-14 14:02:36.741  1407  5182 I vendor.qti.bluetooth@1.0-ibs_handler: ProcessIbsCmd: Received IBS_SLEEP_IND: 0xFE
03-14 14:02:36.741  1407  5182 D vendor.qti.bluetooth@1.0-ibs_handler: SerialClockVote: vote for UART CLK OFF
03-14 14:02:36.753  1407  5182 I vendor.qti.bluetooth@1.0-ibs_handler: ProcessIbsCmd: Received IBS_WAKE_IND: 0xFD
03-14 14:02:36.753  1407  5182 D vendor.qti.bluetooth@1.0-ibs_handler: SerialClockVote: vote for UART CLK ON
03-14 14:02:36.753  1407  5182 I vendor.qti.bluetooth@1.0-ibs_handler: ProcessIbsCmd: Writing IBS_WAKE_ACK
03-14 14:02:36.896  1407  5182 I vendor.qti.bluetooth@1.0-ibs_handler: ProcessIbsCmd: Received IBS_SLEEP_IND: 0xFE
03-14 14:02:36.896  1407  5182 D vendor.qti.bluetooth@1.0-ibs_handler: SerialClockVote: vote for UART CLK OFF
03-14 14:02:36.896  1407  5182 I vendor.qti.bluetooth@1.0-ibs_handler: ProcessIbsCmd: Received IBS_WAKE_IND: 0xFD
03-14 14:02:36.896  1407  5182 D vendor.qti.bluetooth@1.0-ibs_handler: SerialClockVote: vote for UART CLK ON
03-14 14:02:36.896  1407  5182 I vendor.qti.bluetooth@1.0-ibs_handler: ProcessIbsCmd: Writing IBS_WAKE_ACK
03-14 14:02:36.938  1407  5182 I vendor.qti.bluetooth@1.0-ibs_handler: ProcessIbsCmd: Received IBS_SLEEP_IND: 0xFE
03-14 14:02:36.938  1407  5182 D vendor.qti.bluetooth@1.0-ibs_handler: SerialClockVote: vote for UART CLK OFF
03-14 14:02:36.939  1407  5182 I vendor.qti.bluetooth@1.0-ibs_handler: ProcessIbsCmd: Received IBS_WAKE_IND: 0xFD
03-14 14:02:36.939  1407  5182 D vendor.qti.bluetooth@1.0-ibs_handler: SerialClockVote: vote for UART CLK ON
03-14 14:02:36.939  1407  5182 I vendor.qti.bluetooth@1.0-ibs_handler: ProcessIbsCmd: Writing IBS_WAKE_ACK
03-14 14:02:37.005  1407  5182 I vendor.qti.bluetooth@1.0-ibs_handler: ProcessIbsCmd: Received IBS_SLEEP_IND: 0xFE
03-14 14:02:37.005  1407  5182 D vendor.qti.bluetooth@1.0-ibs_handler: SerialClockVote: vote for UART CLK OFF
03-14 14:02:37.040  1407  5182 I vendor.qti.bluetooth@1.0-ibs_handler: ProcessIbsCmd: Received IBS_WAKE_IND: 0xFD
03-14 14:02:37.040  1407  5182 D vendor.qti.bluetooth@1.0-ibs_handler: SerialClockVote: vote for UART CLK ON
03-14 14:02:37.040  1407  5182 I vendor.qti.bluetooth@1.0-ibs_handler: ProcessIbsCmd: Writing IBS_WAKE_ACK
03-14 14:02:37.082  1407  5182 I vendor.qti.bluetooth@1.0-ibs_handler: ProcessIbsCmd: Received IBS_SLEEP_IND: 0xFE
03-14 14:02:37.082  1407  5182 D vendor.qti.bluetooth@1.0-ibs_handler: SerialClockVote: vote for UART CLK OFF
03-14 14:02:37.101  1407  5182 I vendor.qti.bluetooth@1.0-ibs_handler: ProcessIbsCmd: Received IBS_WAKE_IND: 0xFD
03-14 14:02:37.101  1407  5182 D vendor.qti.bluetooth@1.0-ibs_handler: SerialClockVote: vote for UART CLK ON
03-14 14:02:37.101  1407  5182 I vendor.qti.bluetooth@1.0-ibs_handler: ProcessIbsCmd: Writing IBS_WAKE_ACK
03-14 14:02:37.143  1407  5182 I vendor.qti.bluetooth@1.0-ibs_handler: ProcessIbsCmd: Received IBS_SLEEP_IND: 0xFE
03-14 14:02:37.144  1407  5182 D vendor.qti.bluetooth@1.0-ibs_handler: SerialClockVote: vote for UART CLK OFF
03-14 14:02:37.145  1407  5182 I vendor.qti.bluetooth@1.0-ibs_handler: ProcessIbsCmd: Received IBS_WAKE_IND: 0xFD
03-14 14:02:37.145  1407  5182 D vendor.qti.bluetooth@1.0-ibs_handler: SerialClockVote: vote for UART CLK ON
03-14 14:02:37.145  1407  5182 I vendor.qti.bluetooth@1.0-ibs_handler: ProcessIbsCmd: Writing IBS_WAKE_ACK
03-14 14:02:37.195  1407  5182 I vendor.qti.bluetooth@1.0-ibs_handler: ProcessIbsCmd: Received IBS_SLEEP_IND: 0xFE
03-14 14:02:37.196  1407  5182 D vendor.qti.bluetooth@1.0-ibs_handler: SerialClockVote: vote for UART CLK OFF
03-14 14:02:37.206  1407  5182 I vendor.qti.bluetooth@1.0-ibs_handler: ProcessIbsCmd: Received IBS_WAKE_IND: 0xFD
03-14 14:02:37.206  1407  5182 D vendor.qti.bluetooth@1.0-ibs_handler: SerialClockVote: vote for UART CLK ON
03-14 14:02:37.206  1407  5182 I vendor.qti.bluetooth@1.0-ibs_handler: ProcessIbsCmd: Writing IBS_WAKE_ACK
03-14 14:02:37.291  1407  5182 I vendor.qti.bluetooth@1.0-ibs_handler: ProcessIbsCmd: Received IBS_SLEEP_IND: 0xFE
03-14 14:02:37.291  1407  5182 D vendor.qti.bluetooth@1.0-ibs_handler: SerialClockVote: vote for UART CLK OFF
03-14 14:02:37.317  1407  5182 I vendor.qti.bluetooth@1.0-ibs_handler: ProcessIbsCmd: Received IBS_WAKE_IND: 0xFD
03-14 14:02:37.317  1407  5182 D vendor.qti.bluetooth@1.0-ibs_handler: SerialClockVote: vote for UART CLK ON
03-14 14:02:37.317  1407  5182 I vendor.qti.bluetooth@1.0-ibs_handler: ProcessIbsCmd: Writing IBS_WAKE_ACK
03-14 14:02:37.396  1407  5182 I vendor.qti.bluetooth@1.0-ibs_handler: ProcessIbsCmd: Received IBS_SLEEP_IND: 0xFE
03-14 14:02:37.396  1407  5182 D vendor.qti.bluetooth@1.0-ibs_handler: SerialClockVote: vote for UART CLK OFF
03-14 14:02:37.421  1407  5182 I vendor.qti.bluetooth@1.0-ibs_handler: ProcessIbsCmd: Received IBS_WAKE_IND: 0xFD
03-14 14:02:37.421  1407  5182 D vendor.qti.bluetooth@1.0-ibs_handler: SerialClockVote: vote for UART CLK ON
03-14 14:02:37.421  1407  5182 I vendor.qti.bluetooth@1.0-ibs_handler: ProcessIbsCmd: Writing IBS_WAKE_ACK
03-14 14:02:37.541  1407  5182 I vendor.qti.bluetooth@1.0-ibs_handler: ProcessIbsCmd: Received IBS_SLEEP_IND: 0xFE
03-14 14:02:37.541  1407  5182 D vendor.qti.bluetooth@1.0-ibs_handler: SerialClockVote: vote for UART CLK OFF
03-14 14:02:37.583  1407  5182 I vendor.qti.bluetooth@1.0-ibs_handler: ProcessIbsCmd: Received IBS_WAKE_IND: 0xFD
03-14 14:02:37.583  1407  5182 D vendor.qti.bluetooth@1.0-ibs_handler: SerialClockVote: vote for UART CLK ON
03-14 14:02:37.583  1407  5182 I vendor.qti.bluetooth@1.0-ibs_handler: ProcessIbsCmd: Writing IBS_WAKE_ACK
03-14 14:02:37.624  1407  5182 I vendor.qti.bluetooth@1.0-ibs_handler: ProcessIbsCmd: Received IBS_SLEEP_IND: 0xFE
03-14 14:02:37.624  1407  5182 D vendor.qti.bluetooth@1.0-ibs_handler: SerialClockVote: vote for UART CLK OFF
03-14 14:02:37.678  1407  5182 I vendor.qti.bluetooth@1.0-ibs_handler: ProcessIbsCmd: Received IBS_WAKE_IND: 0xFD
03-14 14:02:37.678  1407  5182 D vendor.qti.bluetooth@1.0-ibs_handler: SerialClockVote: vote for UART CLK ON
03-14 14:02:37.678  1407  5182 I vendor.qti.bluetooth@1.0-ibs_handler: ProcessIbsCmd: Writing IBS_WAKE_ACK
03-14 14:02:37.721  1407  5182 I vendor.qti.bluetooth@1.0-ibs_handler: ProcessIbsCmd: Received IBS_SLEEP_IND: 0xFE
03-14 14:02:37.721  1407  5182 D vendor.qti.bluetooth@1.0-ibs_handler: SerialClockVote: vote for UART CLK OFF
03-14 14:02:37.733  1407  5182 I vendor.qti.bluetooth@1.0-ibs_handler: ProcessIbsCmd: Received IBS_WAKE_IND: 0xFD
03-14 14:02:37.733  1407  5182 D vendor.qti.bluetooth@1.0-ibs_handler: SerialClockVote: vote for UART CLK ON
03-14 14:02:37.733  1407  5182 I vendor.qti.bluetooth@1.0-ibs_handler: ProcessIbsCmd: Writing IBS_WAKE_ACK
03-14 14:02:37.775  1407  5182 I vendor.qti.bluetooth@1.0-ibs_handler: ProcessIbsCmd: Received IBS_SLEEP_IND: 0xFE
03-14 14:02:37.775  1407  5182 D vendor.qti.bluetooth@1.0-ibs_handler: SerialClockVote: vote for UART CLK OFF
03-14 14:02:37.785  1407  5182 I vendor.qti.bluetooth@1.0-ibs_handler: ProcessIbsCmd: Received IBS_WAKE_IND: 0xFD
03-14 14:02:37.785  1407  5182 D vendor.qti.bluetooth@1.0-ibs_handler: SerialClockVote: vote for UART CLK ON
03-14 14:02:37.785  1407  5182 I vendor.qti.bluetooth@1.0-ibs_handler: ProcessIbsCmd: Writing IBS_WAKE_ACK
03-14 14:02:37.828  1407  5182 I vendor.qti.bluetooth@1.0-ibs_handler: ProcessIbsCmd: Received IBS_SLEEP_IND: 0xFE
03-14 14:02:37.828  1407  5182 D vendor.qti.bluetooth@1.0-ibs_handler: SerialClockVote: vote for UART CLK OFF
03-14 14:02:37.894  1407  5182 I vendor.qti.bluetooth@1.0-ibs_handler: ProcessIbsCmd: Received IBS_WAKE_IND: 0xFD
03-14 14:02:37.894  1407  5182 D vendor.qti.bluetooth@1.0-ibs_handler: SerialClockVote: vote for UART CLK ON
03-14 14:02:37.894  1407  5182 I vendor.qti.bluetooth@1.0-ibs_handler: ProcessIbsCmd: Writing IBS_WAKE_ACK
03-14 14:02:37.986  1407  5182 I vendor.qti.bluetooth@1.0-ibs_handler: ProcessIbsCmd: Received IBS_SLEEP_IND: 0xFE
03-14 14:02:37.986  1407  5182 D vendor.qti.bluetooth@1.0-ibs_handler: SerialClockVote: vote for UART CLK OFF
03-14 14:02:38.001  1407  5182 I vendor.qti.bluetooth@1.0-ibs_handler: ProcessIbsCmd: Received IBS_WAKE_IND: 0xFD
03-14 14:02:38.001  1407  5182 D vendor.qti.bluetooth@1.0-ibs_handler: SerialClockVote: vote for UART CLK ON
03-14 14:02:38.001  1407  5182 I vendor.qti.bluetooth@1.0-ibs_handler: ProcessIbsCmd: Writing IBS_WAKE_ACK
03-14 14:02:38.133  1407  5182 I vendor.qti.bluetooth@1.0-ibs_handler: ProcessIbsCmd: Received IBS_SLEEP_IND: 0xFE
03-14 14:02:38.133  1407  5182 D vendor.qti.bluetooth@1.0-ibs_handler: SerialClockVote: vote for UART CLK OFF
03-14 14:02:38.134  1407  5182 I vendor.qti.bluetooth@1.0-ibs_handler: ProcessIbsCmd: Received IBS_WAKE_IND: 0xFD
03-14 14:02:38.134  1407  5182 D vendor.qti.bluetooth@1.0-ibs_handler: SerialClockVote: vote for UART CLK ON
03-14 14:02:38.134  1407  5182 I vendor.qti.bluetooth@1.0-ibs_handler: ProcessIbsCmd: Writing IBS_WAKE_ACK
03-14 14:02:38.196  1407  5182 I vendor.qti.bluetooth@1.0-ibs_handler: ProcessIbsCmd: Received IBS_SLEEP_IND: 0xFE
03-14 14:02:38.196  1407  5182 D vendor.qti.bluetooth@1.0-ibs_handler: SerialClockVote: vote for UART CLK OFF
03-14 14:02:38.246  1407  5182 I vendor.qti.bluetooth@1.0-ibs_handler: ProcessIbsCmd: Received IBS_WAKE_IND: 0xFD
03-14 14:02:38.246  1407  5182 D vendor.qti.bluetooth@1.0-ibs_handler: SerialClockVote: vote for UART CLK ON
03-14 14:02:38.246  1407  5182 I vendor.qti.bluetooth@1.0-ibs_handler: ProcessIbsCmd: Writing IBS_WAKE_ACK
03-14 14:02:38.300  1407  5182 I vendor.qti.bluetooth@1.0-ibs_handler: ProcessIbsCmd: Received IBS_SLEEP_IND: 0xFE
03-14 14:02:38.300  1407  5182 D vendor.qti.bluetooth@1.0-ibs_handler: SerialClockVote: vote for UART CLK OFF
03-14 14:02:38.305  1407  5182 I vendor.qti.bluetooth@1.0-ibs_handler: ProcessIbsCmd: Received IBS_WAKE_IND: 0xFD
03-14 14:02:38.306  1407  5182 D vendor.qti.bluetooth@1.0-ibs_handler: SerialClockVote: vote for UART CLK ON
03-14 14:02:38.306  1407  5182 I vendor.qti.bluetooth@1.0-ibs_handler: ProcessIbsCmd: Writing IBS_WAKE_ACK
03-14 14:02:38.417  1407  5182 I vendor.qti.bluetooth@1.0-ibs_handler: ProcessIbsCmd: Received IBS_SLEEP_IND: 0xFE
03-14 14:02:38.417  1407  5182 D vendor.qti.bluetooth@1.0-ibs_handler: SerialClockVote: vote for UART CLK OFF
03-14 14:02:38.423  1407  5182 I vendor.qti.bluetooth@1.0-ibs_handler: ProcessIbsCmd: Received IBS_WAKE_IND: 0xFD
03-14 14:02:38.423  1407  5182 D vendor.qti.bluetooth@1.0-ibs_handler: SerialClockVote: vote for UART CLK ON
03-14 14:02:38.423  1407  5182 I vendor.qti.bluetooth@1.0-ibs_handler: ProcessIbsCmd: Writing IBS_WAKE_ACK
03-14 14:02:38.490  1407  5182 I vendor.qti.bluetooth@1.0-ibs_handler: ProcessIbsCmd: Received IBS_SLEEP_IND: 0xFE
03-14 14:02:38.490  1407  5182 D vendor.qti.bluetooth@1.0-ibs_handler: SerialClockVote: vote for UART CLK OFF
03-14 14:02:38.553  1407  5182 I vendor.qti.bluetooth@1.0-ibs_handler: ProcessIbsCmd: Received IBS_WAKE_IND: 0xFD
03-14 14:02:38.553  1407  5182 D vendor.qti.bluetooth@1.0-ibs_handler: SerialClockVote: vote for UART CLK ON
03-14 14:02:38.553  1407  5182 I vendor.qti.bluetooth@1.0-ibs_handler: ProcessIbsCmd: Writing IBS_WAKE_ACK
03-14 14:02:38.620  1407  5182 I vendor.qti.bluetooth@1.0-ibs_handler: ProcessIbsCmd: Received IBS_SLEEP_IND: 0xFE
03-14 14:02:38.620  1407  5182 D vendor.qti.bluetooth@1.0-ibs_handler: SerialClockVote: vote for UART CLK OFF
03-14 14:02:38.627  1407  5182 I vendor.qti.bluetooth@1.0-ibs_handler: ProcessIbsCmd: Received IBS_WAKE_IND: 0xFD
03-14 14:02:38.627  1407  5182 D vendor.qti.bluetooth@1.0-ibs_handler: SerialClockVote: vote for UART CLK ON
03-14 14:02:38.627  1407  5182 I vendor.qti.bluetooth@1.0-ibs_handler: ProcessIbsCmd: Writing IBS_WAKE_ACK
03-14 14:02:38.764  1407  5182 I vendor.qti.bluetooth@1.0-ibs_handler: ProcessIbsCmd: Received IBS_SLEEP_IND: 0xFE
03-14 14:02:38.765  1407  5182 D vendor.qti.bluetooth@1.0-ibs_handler: SerialClockVote: vote for UART CLK OFF
03-14 14:02:38.773  1407  5182 I vendor.qti.bluetooth@1.0-ibs_handler: ProcessIbsCmd: Received IBS_WAKE_IND: 0xFD
03-14 14:02:38.773  1407  5182 D vendor.qti.bluetooth@1.0-ibs_handler: SerialClockVote: vote for UART CLK ON
03-14 14:02:38.773  1407  5182 I vendor.qti.bluetooth@1.0-ibs_handler: ProcessIbsCmd: Writing IBS_WAKE_ACK
03-14 14:02:38.823  1407  5182 I vendor.qti.bluetooth@1.0-ibs_handler: ProcessIbsCmd: Received IBS_SLEEP_IND: 0xFE
03-14 14:02:38.824  1407  5182 D vendor.qti.bluetooth@1.0-ibs_handler: SerialClockVote: vote for UART CLK OFF
03-14 14:02:38.824  1407  5182 I vendor.qti.bluetooth@1.0-ibs_handler: ProcessIbsCmd: Received IBS_WAKE_IND: 0xFD
03-14 14:02:38.825  1407  5182 D vendor.qti.bluetooth@1.0-ibs_handler: SerialClockVote: vote for UART CLK ON
03-14 14:02:38.825  1407  5182 I vendor.qti.bluetooth@1.0-ibs_handler: ProcessIbsCmd: Writing IBS_WAKE_ACK
03-14 14:02:38.889  1901  1901 W HwBinder:1901_2: type=1400 audit(0.0:1380615): avc:  denied  { read } for  name="u:object_r:moto_df_prop:s0" dev="tmpfs" ino=11157 scontext=u:r:system_server:s0 tcontext=u:object_r:moto_df_prop:s0 tclass=file permissive=0
03-14 14:02:38.894  1901  3236 W libc    : Access denied finding property "persist.mot.dogfooding"
03-14 14:02:38.898  4006  4664 D PowerUI : can't show warning due to - plugged: true status unknown: false
03-14 14:02:38.902  1901  1901 V UiModeManager: updateLocked: null action, mDockState=0, category=null
03-14 14:02:38.902  1901  1901 D UiModeManager: updateConfigurationLocked: mDockState=0; mCarMode=false; mNightMode=2; mNightModeCustomType=-1; uiMode=33
03-14 14:02:38.902  4233  4233 D QtiCarrierConfigHelper: WARNING, no carrier configs on phone Id: 0
03-14 14:02:38.931  1407  5182 I vendor.qti.bluetooth@1.0-ibs_handler: ProcessIbsCmd: Received IBS_SLEEP_IND: 0xFE
03-14 14:02:38.931  1407  5182 D vendor.qti.bluetooth@1.0-ibs_handler: SerialClockVote: vote for UART CLK OFF
03-14 14:02:38.943  1407  5182 I vendor.qti.bluetooth@1.0-ibs_handler: ProcessIbsCmd: Received IBS_WAKE_IND: 0xFD
03-14 14:02:38.943  1407  5182 D vendor.qti.bluetooth@1.0-ibs_handler: SerialClockVote: vote for UART CLK ON
03-14 14:02:38.943  1407  5182 I vendor.qti.bluetooth@1.0-ibs_handler: ProcessIbsCmd: Writing IBS_WAKE_ACK
03-14 14:02:39.053  1407  5182 I vendor.qti.bluetooth@1.0-ibs_handler: ProcessIbsCmd: Received IBS_SLEEP_IND: 0xFE
03-14 14:02:39.054  1407  5182 D vendor.qti.bluetooth@1.0-ibs_handler: SerialClockVote: vote for UART CLK OFF
03-14 14:02:39.054  1407  5182 I vendor.qti.bluetooth@1.0-ibs_handler: ProcessIbsCmd: Received IBS_WAKE_IND: 0xFD
03-14 14:02:39.055  1407  5182 D vendor.qti.bluetooth@1.0-ibs_handler: SerialClockVote: vote for UART CLK ON
03-14 14:02:39.055  1407  5182 I vendor.qti.bluetooth@1.0-ibs_handler: ProcessIbsCmd: Writing IBS_WAKE_ACK
03-14 14:02:39.139  1407  5182 I vendor.qti.bluetooth@1.0-ibs_handler: ProcessIbsCmd: Received IBS_SLEEP_IND: 0xFE
03-14 14:02:39.139  1407  5182 D vendor.qti.bluetooth@1.0-ibs_handler: SerialClockVote: vote for UART CLK OFF
03-14 14:02:39.161  1407  5182 I vendor.qti.bluetooth@1.0-ibs_handler: ProcessIbsCmd: Received IBS_WAKE_IND: 0xFD
03-14 14:02:39.162  1407  5182 D vendor.qti.bluetooth@1.0-ibs_handler: SerialClockVote: vote for UART CLK ON
03-14 14:02:39.162  1407  5182 I vendor.qti.bluetooth@1.0-ibs_handler: ProcessIbsCmd: Writing IBS_WAKE_ACK
03-14 14:02:39.329  1407  5182 I vendor.qti.bluetooth@1.0-ibs_handler: ProcessIbsCmd: Received IBS_SLEEP_IND: 0xFE
03-14 14:02:39.329  1407  5182 D vendor.qti.bluetooth@1.0-ibs_handler: SerialClockVote: vote for UART CLK OFF
03-14 14:02:39.368  1407  5182 I vendor.qti.bluetooth@1.0-ibs_handler: ProcessIbsCmd: Received IBS_WAKE_IND: 0xFD
03-14 14:02:39.369  1407  5182 D vendor.qti.bluetooth@1.0-ibs_handler: SerialClockVote: vote for UART CLK ON
03-14 14:02:39.369  1407  5182 I vendor.qti.bluetooth@1.0-ibs_handler: ProcessIbsCmd: Writing IBS_WAKE_ACK
03-14 14:02:39.403  1901  3177 D ActivityManager: freezing 10828 com.google.android.apps.turbo, reason = oom_cached
03-14 14:02:39.405  1901  3177 D ActivityManager: freezing 10863 com.google.android.apps.turbo, reason = oom_cached
03-14 14:02:39.410  1901  3807 D InetDiagMessage: Destroyed 0 sockets, proto=IPPROTO_TCP, family=AF_INET, states=14
03-14 14:02:39.412  1901  3807 D InetDiagMessage: Destroyed 0 sockets, proto=IPPROTO_TCP, family=AF_INET6, states=14
03-14 14:02:39.413  1901  3807 D InetDiagMessage: Destroyed live tcp sockets for uids={10205} in 5ms
03-14 14:02:39.414  1901  3177 D ActivityManager: freezing 14433 com.android.settings, reason = oom_cached
03-14 14:02:39.415  1901  3807 D InetDiagMessage: Destroyed 0 sockets, proto=IPPROTO_TCP, family=AF_INET, states=14
03-14 14:02:39.417  1901  3807 D InetDiagMessage: Destroyed 0 sockets, proto=IPPROTO_TCP, family=AF_INET6, states=14
03-14 14:02:39.417  1901  3177 D ActivityManager: freezing 20929 com.google.android.apps.wellbeing, reason = oom_cached
03-14 14:02:39.417  1901  3807 D InetDiagMessage: Destroyed live tcp sockets for uids={1110205} in 5ms
03-14 14:02:39.422  1901  3807 D InetDiagMessage: Destroyed 0 sockets, proto=IPPROTO_TCP, family=AF_INET, states=14
03-14 14:02:39.424  1901  3807 D InetDiagMessage: Destroyed 0 sockets, proto=IPPROTO_TCP, family=AF_INET6, states=14
03-14 14:02:39.424  1901  3807 D InetDiagMessage: Destroyed live tcp sockets for uids={10213} in 4ms
03-14 14:02:39.452  1407  5182 I vendor.qti.bluetooth@1.0-ibs_handler: ProcessIbsCmd: Received IBS_SLEEP_IND: 0xFE
03-14 14:02:39.452  1407  5182 D vendor.qti.bluetooth@1.0-ibs_handler: SerialClockVote: vote for UART CLK OFF
03-14 14:02:39.493  1407  5182 I vendor.qti.bluetooth@1.0-ibs_handler: ProcessIbsCmd: Received IBS_WAKE_IND: 0xFD
03-14 14:02:39.494  1407  5182 D vendor.qti.bluetooth@1.0-ibs_handler: SerialClockVote: vote for UART CLK ON
03-14 14:02:39.494  1407  5182 I vendor.qti.bluetooth@1.0-ibs_handler: ProcessIbsCmd: Writing IBS_WAKE_ACK
03-14 14:02:39.544  1407  5182 I vendor.qti.bluetooth@1.0-ibs_handler: ProcessIbsCmd: Received IBS_SLEEP_IND: 0xFE
03-14 14:02:39.544  1407  5182 D vendor.qti.bluetooth@1.0-ibs_handler: SerialClockVote: vote for UART CLK OFF
03-14 14:02:39.548  1407  5182 I vendor.qti.bluetooth@1.0-ibs_handler: ProcessIbsCmd: Received IBS_WAKE_IND: 0xFD
03-14 14:02:39.548  1407  5182 D vendor.qti.bluetooth@1.0-ibs_handler: SerialClockVote: vote for UART CLK ON
03-14 14:02:39.548  1407  5182 I vendor.qti.bluetooth@1.0-ibs_handler: ProcessIbsCmd: Writing IBS_WAKE_ACK
03-14 14:02:39.589  1407  5182 I vendor.qti.bluetooth@1.0-ibs_handler: ProcessIbsCmd: Received IBS_SLEEP_IND: 0xFE
03-14 14:02:39.590  1407  5182 D vendor.qti.bluetooth@1.0-ibs_handler: SerialClockVote: vote for UART CLK OFF
03-14 14:02:39.597  1407  5182 I vendor.qti.bluetooth@1.0-ibs_handler: ProcessIbsCmd: Received IBS_WAKE_IND: 0xFD
03-14 14:02:39.597  1407  5182 D vendor.qti.bluetooth@1.0-ibs_handler: SerialClockVote: vote for UART CLK ON
03-14 14:02:39.597  1407  5182 I vendor.qti.bluetooth@1.0-ibs_handler: ProcessIbsCmd: Writing IBS_WAKE_ACK
03-14 14:02:39.659  1407  5182 I vendor.qti.bluetooth@1.0-ibs_handler: ProcessIbsCmd: Received IBS_SLEEP_IND: 0xFE
03-14 14:02:39.659  1407  5182 D vendor.qti.bluetooth@1.0-ibs_handler: SerialClockVote: vote for UART CLK OFF
03-14 14:02:39.678  1407  5182 I vendor.qti.bluetooth@1.0-ibs_handler: ProcessIbsCmd: Received IBS_WAKE_IND: 0xFD
03-14 14:02:39.678  1407  5182 D vendor.qti.bluetooth@1.0-ibs_handler: SerialClockVote: vote for UART CLK ON
03-14 14:02:39.679  1407  5182 I vendor.qti.bluetooth@1.0-ibs_handler: ProcessIbsCmd: Writing IBS_WAKE_ACK
03-14 14:02:39.720  1407  5182 I vendor.qti.bluetooth@1.0-ibs_handler: ProcessIbsCmd: Received IBS_SLEEP_IND: 0xFE
03-14 14:02:39.720  1407  5182 D vendor.qti.bluetooth@1.0-ibs_handler: SerialClockVote: vote for UART CLK OFF
03-14 14:02:39.811  1407  5182 I vendor.qti.bluetooth@1.0-ibs_handler: ProcessIbsCmd: Received IBS_WAKE_IND: 0xFD
03-14 14:02:39.811  1407  5182 D vendor.qti.bluetooth@1.0-ibs_handler: SerialClockVote: vote for UART CLK ON
03-14 14:02:39.811  1407  5182 I vendor.qti.bluetooth@1.0-ibs_handler: ProcessIbsCmd: Writing IBS_WAKE_ACK
03-14 14:02:39.872  1407  5182 I vendor.qti.bluetooth@1.0-ibs_handler: ProcessIbsCmd: Received IBS_SLEEP_IND: 0xFE
03-14 14:02:39.873  1407  5182 D vendor.qti.bluetooth@1.0-ibs_handler: SerialClockVote: vote for UART CLK OFF
03-14 14:02:39.886  1407  5182 I vendor.qti.bluetooth@1.0-ibs_handler: ProcessIbsCmd: Received IBS_WAKE_IND: 0xFD
03-14 14:02:39.887  1407  5182 D vendor.qti.bluetooth@1.0-ibs_handler: SerialClockVote: vote for UART CLK ON
03-14 14:02:39.887  1407  5182 I vendor.qti.bluetooth@1.0-ibs_handler: ProcessIbsCmd: Writing IBS_WAKE_ACK
03-14 14:02:39.979  1407  5182 I vendor.qti.bluetooth@1.0-ibs_handler: ProcessIbsCmd: Received IBS_SLEEP_IND: 0xFE
03-14 14:02:39.979  1407  5182 D vendor.qti.bluetooth@1.0-ibs_handler: SerialClockVote: vote for UART CLK OFF
03-14 14:02:39.992  1407  5182 I vendor.qti.bluetooth@1.0-ibs_handler: ProcessIbsCmd: Received IBS_WAKE_IND: 0xFD
03-14 14:02:39.992  1407  5182 D vendor.qti.bluetooth@1.0-ibs_handler: SerialClockVote: vote for UART CLK ON
03-14 14:02:39.992  1407  5182 I vendor.qti.bluetooth@1.0-ibs_handler: ProcessIbsCmd: Writing IBS_WAKE_ACK
03-14 14:02:40.033  1407  5182 I vendor.qti.bluetooth@1.0-ibs_handler: ProcessIbsCmd: Received IBS_SLEEP_IND: 0xFE
03-14 14:02:40.034  1407  5182 D vendor.qti.bluetooth@1.0-ibs_handler: SerialClockVote: vote for UART CLK OFF
03-14 14:02:40.072  1407  5182 I vendor.qti.bluetooth@1.0-ibs_handler: ProcessIbsCmd: Received IBS_WAKE_IND: 0xFD
03-14 14:02:40.072  1407  5182 D vendor.qti.bluetooth@1.0-ibs_handler: SerialClockVote: vote for UART CLK ON
03-14 14:02:40.072  1407  5182 I vendor.qti.bluetooth@1.0-ibs_handler: ProcessIbsCmd: Writing IBS_WAKE_ACK
03-14 14:02:40.136  1407  5182 I vendor.qti.bluetooth@1.0-ibs_handler: ProcessIbsCmd: Received IBS_SLEEP_IND: 0xFE
03-14 14:02:40.136  1407  5182 D vendor.qti.bluetooth@1.0-ibs_handler: SerialClockVote: vote for UART CLK OFF
03-14 14:02:40.151  1407  5182 I vendor.qti.bluetooth@1.0-ibs_handler: ProcessIbsCmd: Received IBS_WAKE_IND: 0xFD
03-14 14:02:40.152  1407  5182 D vendor.qti.bluetooth@1.0-ibs_handler: SerialClockVote: vote for UART CLK ON
03-14 14:02:40.152  1407  5182 I vendor.qti.bluetooth@1.0-ibs_handler: ProcessIbsCmd: Writing IBS_WAKE_ACK
03-14 14:02:40.212  1407  5182 I vendor.qti.bluetooth@1.0-ibs_handler: ProcessIbsCmd: Received IBS_SLEEP_IND: 0xFE
03-14 14:02:40.212  1407  5182 D vendor.qti.bluetooth@1.0-ibs_handler: SerialClockVote: vote for UART CLK OFF
03-14 14:02:40.238  1407  5182 I vendor.qti.bluetooth@1.0-ibs_handler: ProcessIbsCmd: Received IBS_WAKE_IND: 0xFD
03-14 14:02:40.238  1407  5182 D vendor.qti.bluetooth@1.0-ibs_handler: SerialClockVote: vote for UART CLK ON
03-14 14:02:40.238  1407  5182 I vendor.qti.bluetooth@1.0-ibs_handler: ProcessIbsCmd: Writing IBS_WAKE_ACK
03-14 14:02:40.294  1407  5182 I vendor.qti.bluetooth@1.0-ibs_handler: ProcessIbsCmd: Received IBS_SLEEP_IND: 0xFE
03-14 14:02:40.295  1407  5182 D vendor.qti.bluetooth@1.0-ibs_handler: SerialClockVote: vote for UART CLK OFF
03-14 14:02:40.330  1407  5182 I vendor.qti.bluetooth@1.0-ibs_handler: ProcessIbsCmd: Received IBS_WAKE_IND: 0xFD
03-14 14:02:40.330  1407  5182 D vendor.qti.bluetooth@1.0-ibs_handler: SerialClockVote: vote for UART CLK ON
03-14 14:02:40.330  1407  5182 I vendor.qti.bluetooth@1.0-ibs_handler: ProcessIbsCmd: Writing IBS_WAKE_ACK
03-14 14:02:40.550  1407  5182 I vendor.qti.bluetooth@1.0-ibs_handler: ProcessIbsCmd: Received IBS_SLEEP_IND: 0xFE
03-14 14:02:40.551  1407  5182 D vendor.qti.bluetooth@1.0-ibs_handler: SerialClockVote: vote for UART CLK OFF
03-14 14:02:40.610  1407  5182 I vendor.qti.bluetooth@1.0-ibs_handler: ProcessIbsCmd: Received IBS_WAKE_IND: 0xFD
03-14 14:02:40.610  1407  5182 D vendor.qti.bluetooth@1.0-ibs_handler: SerialClockVote: vote for UART CLK ON
03-14 14:02:40.611  1407  5182 I vendor.qti.bluetooth@1.0-ibs_handler: ProcessIbsCmd: Writing IBS_WAKE_ACK
03-14 14:02:40.757  1407  5182 I vendor.qti.bluetooth@1.0-ibs_handler: ProcessIbsCmd: Received IBS_SLEEP_IND: 0xFE
03-14 14:02:40.757  1407  5182 D vendor.qti.bluetooth@1.0-ibs_handler: SerialClockVote: vote for UART CLK OFF
03-14 14:02:40.769  1407  5182 I vendor.qti.bluetooth@1.0-ibs_handler: ProcessIbsCmd: Received IBS_WAKE_IND: 0xFD
03-14 14:02:40.770  1407  5182 D vendor.qti.bluetooth@1.0-ibs_handler: SerialClockVote: vote for UART CLK ON
03-14 14:02:40.770  1407  5182 I vendor.qti.bluetooth@1.0-ibs_handler: ProcessIbsCmd: Writing IBS_WAKE_ACK
03-14 14:02:40.819  1407  5182 I vendor.qti.bluetooth@1.0-ibs_handler: ProcessIbsCmd: Received IBS_SLEEP_IND: 0xFE
03-14 14:02:40.819  1407  5182 D vendor.qti.bluetooth@1.0-ibs_handler: SerialClockVote: vote for UART CLK OFF
03-14 14:02:40.894  1407  5182 I vendor.qti.bluetooth@1.0-ibs_handler: ProcessIbsCmd: Received IBS_WAKE_IND: 0xFD
03-14 14:02:40.894  1407  5182 D vendor.qti.bluetooth@1.0-ibs_handler: SerialClockVote: vote for UART CLK ON
03-14 14:02:40.894  1407  5182 I vendor.qti.bluetooth@1.0-ibs_handler: ProcessIbsCmd: Writing IBS_WAKE_ACK
03-14 14:02:41.105  1407  5182 I vendor.qti.bluetooth@1.0-ibs_handler: ProcessIbsCmd: Received IBS_SLEEP_IND: 0xFE
03-14 14:02:41.105  1407  5182 D vendor.qti.bluetooth@1.0-ibs_handler: SerialClockVote: vote for UART CLK OFF
03-14 14:02:41.140  1407  5182 I vendor.qti.bluetooth@1.0-ibs_handler: ProcessIbsCmd: Received IBS_WAKE_IND: 0xFD
03-14 14:02:41.141  1407  5182 D vendor.qti.bluetooth@1.0-ibs_handler: SerialClockVote: vote for UART CLK ON
03-14 14:02:41.141  1407  5182 I vendor.qti.bluetooth@1.0-ibs_handler: ProcessIbsCmd: Writing IBS_WAKE_ACK
03-14 14:02:41.171  1901  3067 D BatteryService: uevent={POWER_SUPPLY_VOLTAGE_NOW=4387701, POWER_SUPPLY_CHARGE_CONTROL_LIMIT_MAX=7, POWER_SUPPLY_TYPE=Battery, POWER_SUPPLY_HEALTH=Good, POWER_SUPPLY_TECHNOLOGY=Li-ion, POWER_SUPPLY_CHARGE_FULL_DESIGN=5142000, SEQNUM=868350, POWER_SUPPLY_CHARGE_CONTROL_LIMIT=0, POWER_SUPPLY_STATUS=Charging, POWER_SUPPLY_CURRENT_MAX=4000000, POWER_SUPPLY_CYCLE_COUNT=303, POWER_SUPPLY_CHARGE_TERM_CURRENT=-100, POWER_SUPPLY_CAPACITY=81, DEVPATH=/devices/platform/soc/1c40000.qcom,spmi/spmi-0/spmi0-02/1c40000.qcom,spmi:qcom,pm7250b@2:qcom,qpnp-smb5-mmi/power_supply/battery, POWER_SUPPLY_CHARGE_TYPE=Fast, POWER_SUPPLY_CHARGE_RATE=Normal, POWER_SUPPLY_INPUT_CURRENT_LIMIT=0, POWER_SUPPLY_CURRENT_NOW=1243592, POWER_SUPPLY_PRESENT=1, POWER_SUPPLY_CHARGE_FULL=5142000, POWER_SUPPLY_TIME_TO_FULL_NOW=6107, POWER_SUPPLY_CONSTANT_CHARGE_CURRENT=4000000, SUBSYSTEM=power_supply, POWER_SUPPLY_TEMP=341, ACTION=change, POWER_SUPPLY_NAME=battery, POWER_SUPPLY_VOLTAGE_MAX=-22, POWER_SUPPLY_CONSTANT_CHARGE_CURRENT_MAX=4000000, POWER_SUPPLY_CHARGE_COUNTER=4027728}
03-14 14:02:41.174  1901  3067 D BatteryService: uevent={POWER_SUPPLY_VOLTAGE_NOW=4387701, POWER_SUPPLY_CHARGE_CONTROL_LIMIT_MAX=7, POWER_SUPPLY_TYPE=Battery, POWER_SUPPLY_HEALTH=Good, POWER_SUPPLY_TECHNOLOGY=Li-ion, POWER_SUPPLY_CHARGE_FULL_DESIGN=5142000, SEQNUM=868351, POWER_SUPPLY_CHARGE_CONTROL_LIMIT=0, POWER_SUPPLY_STATUS=Charging, POWER_SUPPLY_CURRENT_MAX=4000000, POWER_SUPPLY_CYCLE_COUNT=303, POWER_SUPPLY_CHARGE_TERM_CURRENT=-100, POWER_SUPPLY_CAPACITY=81, DEVPATH=/devices/platform/soc/1c40000.qcom,spmi/spmi-0/spmi0-02/1c40000.qcom,spmi:qcom,pm7250b@2:qcom,qpnp-smb5-mmi/power_supply/battery, POWER_SUPPLY_CHARGE_TYPE=Fast, POWER_SUPPLY_INPUT_CURRENT_LIMIT=0, POWER_SUPPLY_CURRENT_NOW=1243592, POWER_SUPPLY_PRESENT=1, POWER_SUPPLY_CHARGE_FULL=5142000, POWER_SUPPLY_TIME_TO_FULL_NOW=6107, POWER_SUPPLY_CONSTANT_CHARGE_CURRENT=4000000, SUBSYSTEM=power_supply, POWER_SUPPLY_TEMP=341, ACTION=change, POWER_SUPPLY_NAME=battery, POWER_SUPPLY_VOLTAGE_MAX=-22, POWER_SUPPLY_CONSTANT_CHARGE_CURRENT_MAX=4000000, POWER_SUPPLY_CHARGE_COUNTER=4027728}
03-14 14:02:41.180  1901  3236 W libc    : Access denied finding property "persist.mot.dogfooding"
03-14 14:02:41.177  1901  1901 W HwBinder:1901_2: type=1400 audit(0.0:1380616): avc:  denied  { read } for  name="u:object_r:moto_df_prop:s0" dev="tmpfs" ino=11157 scontext=u:r:system_server:s0 tcontext=u:object_r:moto_df_prop:s0 tclass=file permissive=0
03-14 14:02:41.181  1407  5182 I vendor.qti.bluetooth@1.0-ibs_handler: ProcessIbsCmd: Received IBS_SLEEP_IND: 0xFE
03-14 14:02:41.181  1407  5182 D vendor.qti.bluetooth@1.0-ibs_handler: SerialClockVote: vote for UART CLK OFF
03-14 14:02:41.181  1901  1901 W HwBinder:1901_2: type=1400 audit(0.0:1380617): avc:  denied  { read } for  name="u:object_r:moto_df_prop:s0" dev="tmpfs" ino=11157 scontext=u:r:system_server:s0 tcontext=u:object_r:moto_df_prop:s0 tclass=file permissive=0
03-14 14:02:41.185  4006  4788 D PowerUI : can't show warning due to - plugged: true status unknown: false
03-14 14:02:41.186  1478  1478 I vendor.rmt_storage: rmt_storage_connect_cb: clnt_h=0x2c9 conn_h=0xb400006f1e5f3350
03-14 14:02:41.186  1478  1478 I vendor.rmt_storage: rmt_storage_rw_iovec_cb: /boot/modem_fs2: req_h=0x2c9 msg_id=3: R/W request received (wr_count 706)
03-14 14:02:41.186  1478  1478 I vendor.rmt_storage: Write iovec request (req_h 0x2c9 wr_count 706) received for /boot/modem_fs2
03-14 14:02:41.186  1478  1478 I vendor.rmt_storage: rw_iovec client->path = /boot/modem_fs2
03-14 14:02:41.186  1478  1478 I vendor.rmt_storage: wakelock acquired: 1, error no: 11
03-14 14:02:41.186  1901  3236 W libc    : Access denied finding property "persist.mot.dogfooding"
03-14 14:02:41.186  1478  1773 I vendor.rmt_storage: rmt_storage_client_thread: /boot/modem_fs2: Unblock worker thread (th_id: 471861423280)
03-14 14:02:41.186  1478  1773 I vendor.rmt_storage: Calling Write [offset=0, size=2621440, req_h 0x2c9, wr_count 706] for /boot/modem_fs2!
03-14 14:02:41.190  1901  1901 V UiModeManager: updateLocked: null action, mDockState=0, category=null
03-14 14:02:41.191  1901  1901 D UiModeManager: updateConfigurationLocked: mDockState=0; mCarMode=false; mNightMode=2; mNightModeCustomType=-1; uiMode=33
03-14 14:02:41.191  4233  4233 D QtiCarrierConfigHelper: WARNING, no carrier configs on phone Id: 0
03-14 14:02:41.201  1407  5182 I vendor.qti.bluetooth@1.0-ibs_handler: ProcessIbsCmd: Received IBS_WAKE_IND: 0xFD
03-14 14:02:41.201  1407  5182 D vendor.qti.bluetooth@1.0-ibs_handler: SerialClockVote: vote for UART CLK ON
03-14 14:02:41.201  1407  5182 I vendor.qti.bluetooth@1.0-ibs_handler: ProcessIbsCmd: Writing IBS_WAKE_ACK
03-14 14:02:41.239  1478  1773 I vendor.rmt_storage: Done Write (bytes = 2621440, req_h 0x2c9, wr_count 706) for /boot/modem_fs2!
03-14 14:02:41.240  1478  1773 I vendor.rmt_storage: rmt_storage_client_thread: /boot/modem_fs2: req_h=0x2c9 msg_id=3: Bytes written = 2621440, wr_count 706
03-14 14:02:41.240  1478  1773 I vendor.rmt_storage: rmt_storage_client_thread: /boot/modem_fs2: req_h=0x2c9 msg_id=3: Send response: res=0 err=0, wr_count 706
03-14 14:02:41.240  1478  1773 I vendor.rmt_storage: rmt_storage_client_thread: /boot/modem_fs2: About to block rmt_storage client thread (th_id: 471861423280) wakelock released: 1, error no: 0
03-14 14:02:41.240  1478  1773 I vendor.rmt_storage: 
03-14 14:02:41.240  1478  1478 I vendor.rmt_storage: rmt_storage_disconnect_cb: clnt_h=0x2c9 conn_h=0xb400006f1e5f3350
03-14 14:02:41.290  1407  5182 I vendor.qti.bluetooth@1.0-ibs_handler: ProcessIbsCmd: Received IBS_SLEEP_IND: 0xFE
03-14 14:02:41.291  1407  5182 D vendor.qti.bluetooth@1.0-ibs_handler: SerialClockVote: vote for UART CLK OFF
