03-14 14:03:57.886  1407  1407 D vendor.qti.bluetooth@1.0-ibs_handler: DeviceWakeUp: Unblocked from waiting for FC, pthread_cond_timedwait ret = 0
03-14 14:03:57.887  5127  5369 D BluetoothGatt: onServiceChanged() - Device=6B:91:BF:61:4E:1F
03-14 14:03:57.947  1407  5182 I vendor.qti.bluetooth@1.0-ibs_handler: ProcessIbsCmd: Received IBS_SLEEP_IND: 0xFE
03-14 14:03:57.955  1407  5182 I vendor.qti.bluetooth@1.0-ibs_handler: ProcessIbsCmd: Received IBS_WAKE_IND: 0xFD
03-14 14:03:57.955  1407  5182 I vendor.qti.bluetooth@1.0-ibs_handler: ProcessIbsCmd: Writing IBS_WAKE_ACK
03-14 14:03:57.957  4791  4878 E bt_bta_gattc: system/bta/gatt/bta_gattc_db_storage.cc:94 bta_gattc_load_db: can't open GATT cache file /data/misc/bluetooth/gatt_hash_3055F9B8FE91C092E69EAEC8BD41CE5D for reading, error: No such file or directory
03-14 14:03:57.958  4791  4878 W l2c_ble_conn_params: system/stack/l2cap/l2c_ble_conn_params.cc:116 L2CA_LockBleConnParamsForServiceDiscovery: xx:xx:xx:xx:4e:1f service discovery already locked/unlocked conn params: true
03-14 14:03:57.958  4791  4878 I gatt_api: system/stack/gatt/gatt_api.cc:928 GATTC_Discover: conn_id=0x107, disc_type=1, s_handle=0x1, e_handle=0xffff
03-14 14:03:57.969  1901  3067 D BatteryService: uevent={POWER_SUPPLY_VOLTAGE_NOW=4394124, POWER_SUPPLY_CHARGE_CONTROL_LIMIT_MAX=7, POWER_SUPPLY_TYPE=Battery, POWER_SUPPLY_HEALTH=Good, POWER_SUPPLY_TECHNOLOGY=Li-ion, POWER_SUPPLY_CHARGE_FULL_DESIGN=5142000, SEQNUM=868403, POWER_SUPPLY_CHARGE_CONTROL_LIMIT=0, POWER_SUPPLY_STATUS=Charging, POWER_SUPPLY_CURRENT_MAX=4000000, POWER_SUPPLY_CYCLE_COUNT=303, POWER_SUPPLY_CHARGE_TERM_CURRENT=-100, POWER_SUPPLY_CAPACITY=81, DEVPATH=/devices/platform/soc/1c40000.qcom,spmi/spmi-0/spmi0-02/1c40000.qcom,spmi:qcom,pm7250b@2:qcom,qpnp-smb5-mmi/power_supply/battery, POWER_SUPPLY_CHARGE_TYPE=Fast, POWER_SUPPLY_CHARGE_RATE=Normal, POWER_SUPPLY_INPUT_CURRENT_LIMIT=0, POWER_SUPPLY_CURRENT_NOW=1250000, POWER_SUPPLY_PRESENT=1, POWER_SUPPLY_CHARGE_FULL=5142000, POWER_SUPPLY_TIME_TO_FULL_NOW=6099, POWER_SUPPLY_CONSTANT_CHARGE_CURRENT=4000000, SUBSYSTEM=power_supply, POWER_SUPPLY_TEMP=341, ACTION=change, POWER_SUPPLY_NAME=battery, POWER_SUPPLY_VOLTAGE_MAX=-22, POWER_SUPPLY_CONSTANT_CHARGE_CURRENT_MAX=4000000, POWER_SUPPLY_CHARGE_COUNTER=4048810}
03-14 14:03:57.974  1901  3067 D BatteryService: uevent={POWER_SUPPLY_VOLTAGE_NOW=4394124, POWER_SUPPLY_CHARGE_CONTROL_LIMIT_MAX=7, POWER_SUPPLY_TYPE=Battery, POWER_SUPPLY_HEALTH=Good, POWER_SUPPLY_TECHNOLOGY=Li-ion, POWER_SUPPLY_CHARGE_FULL_DESIGN=5142000, SEQNUM=868404, POWER_SUPPLY_CHARGE_CONTROL_LIMIT=0, POWER_SUPPLY_STATUS=Charging, POWER_SUPPLY_CURRENT_MAX=4000000, POWER_SUPPLY_CYCLE_COUNT=303, POWER_SUPPLY_CHARGE_TERM_CURRENT=-100, POWER_SUPPLY_CAPACITY=81, DEVPATH=/devices/platform/soc/1c40000.qcom,spmi/spmi-0/spmi0-02/1c40000.qcom,spmi:qcom,pm7250b@2:qcom,qpnp-smb5-mmi/power_supply/battery, POWER_SUPPLY_CHARGE_TYPE=Fast, POWER_SUPPLY_INPUT_CURRENT_LIMIT=0, POWER_SUPPLY_CURRENT_NOW=1250000, POWER_SUPPLY_PRESENT=1, POWER_SUPPLY_CHARGE_FULL=5142000, POWER_SUPPLY_TIME_TO_FULL_NOW=6099, POWER_SUPPLY_CONSTANT_CHARGE_CURRENT=4000000, SUBSYSTEM=power_supply, POWER_SUPPLY_TEMP=341, ACTION=change, POWER_SUPPLY_NAME=battery, POWER_SUPPLY_VOLTAGE_MAX=-22, POWER_SUPPLY_CONSTANT_CHARGE_CURRENT_MAX=4000000, POWER_SUPPLY_CHARGE_COUNTER=4048810}
03-14 14:03:57.980  1901  3236 W libc    : Access denied finding property "persist.mot.dogfooding"
03-14 14:03:57.977  1901  1901 W HwBinder:1901_2: type=1400 audit(0.0:1380659): avc:  denied  { read } for  name="u:object_r:moto_df_prop:s0" dev="tmpfs" ino=11157 scontext=u:r:system_server:s0 tcontext=u:object_r:moto_df_prop:s0 tclass=file permissive=0
03-14 14:03:57.981  1901  1901 W HwBinder:1901_2: type=1400 audit(0.0:1380660): avc:  denied  { read } for  name="u:object_r:moto_df_prop:s0" dev="tmpfs" ino=11157 scontext=u:r:system_server:s0 tcontext=u:object_r:moto_df_prop:s0 tclass=file permissive=0
03-14 14:03:57.986  1901  3236 W libc    : Access denied finding property "persist.mot.dogfooding"
03-14 14:03:57.989  4006  4663 D PowerUI : can't show warning due to - plugged: true status unknown: false
03-14 14:03:57.990  1901  1901 V UiModeManager: updateLocked: null action, mDockState=0, category=null
03-14 14:03:57.990  1901  1901 D UiModeManager: updateConfigurationLocked: mDockState=0; mCarMode=false; mNightMode=2; mNightModeCustomType=-1; uiMode=33
03-14 14:03:57.990  4233  4233 D QtiCarrierConfigHelper: WARNING, no carrier configs on phone Id: 0
03-14 14:03:57.995  1407  5182 I vendor.qti.bluetooth@1.0-ibs_handler: ProcessIbsCmd: Received IBS_SLEEP_IND: 0xFE
03-14 14:03:58.003  1407  5182 I vendor.qti.bluetooth@1.0-ibs_handler: ProcessIbsCmd: Received IBS_WAKE_IND: 0xFD
03-14 14:03:58.003  1407  5182 I vendor.qti.bluetooth@1.0-ibs_handler: ProcessIbsCmd: Writing IBS_WAKE_ACK
03-14 14:03:58.044  1407  5182 I vendor.qti.bluetooth@1.0-ibs_handler: ProcessIbsCmd: Received IBS_SLEEP_IND: 0xFE
03-14 14:03:58.054  1407  5182 I vendor.qti.bluetooth@1.0-ibs_handler: ProcessIbsCmd: Received IBS_WAKE_IND: 0xFD
03-14 14:03:58.054  1407  5182 I vendor.qti.bluetooth@1.0-ibs_handler: ProcessIbsCmd: Writing IBS_WAKE_ACK
03-14 14:03:58.095  1407  5182 I vendor.qti.bluetooth@1.0-ibs_handler: ProcessIbsCmd: Received IBS_SLEEP_IND: 0xFE
03-14 14:03:58.101  1407  5182 I vendor.qti.bluetooth@1.0-ibs_handler: ProcessIbsCmd: Received IBS_WAKE_IND: 0xFD
03-14 14:03:58.101  1407  5182 I vendor.qti.bluetooth@1.0-ibs_handler: ProcessIbsCmd: Writing IBS_WAKE_ACK
03-14 14:03:58.142  1407  5182 I vendor.qti.bluetooth@1.0-ibs_handler: ProcessIbsCmd: Received IBS_SLEEP_IND: 0xFE
03-14 14:03:58.150  1407  5182 I vendor.qti.bluetooth@1.0-ibs_handler: ProcessIbsCmd: Received IBS_WAKE_IND: 0xFD
03-14 14:03:58.150  1407  5182 I vendor.qti.bluetooth@1.0-ibs_handler: ProcessIbsCmd: Writing IBS_WAKE_ACK
03-14 14:03:58.191  1407  5182 I vendor.qti.bluetooth@1.0-ibs_handler: ProcessIbsCmd: Received IBS_SLEEP_IND: 0xFE
03-14 14:03:58.198  1407  5182 I vendor.qti.bluetooth@1.0-ibs_handler: ProcessIbsCmd: Received IBS_WAKE_IND: 0xFD
03-14 14:03:58.198  1407  5182 I vendor.qti.bluetooth@1.0-ibs_handler: ProcessIbsCmd: Writing IBS_WAKE_ACK
03-14 14:03:58.240  1407  5182 I vendor.qti.bluetooth@1.0-ibs_handler: ProcessIbsCmd: Received IBS_SLEEP_IND: 0xFE
03-14 14:03:58.247  1407  5182 I vendor.qti.bluetooth@1.0-ibs_handler: ProcessIbsCmd: Received IBS_WAKE_IND: 0xFD
03-14 14:03:58.247  1407  5182 I vendor.qti.bluetooth@1.0-ibs_handler: ProcessIbsCmd: Writing IBS_WAKE_ACK
03-14 14:03:58.250  4791  4878 I gatt_api: system/stack/gatt/gatt_api.cc:928 GATTC_Discover: conn_id=0x107, disc_type=3, s_handle=0x1, e_handle=0x9
03-14 14:03:58.288  1407  5182 I vendor.qti.bluetooth@1.0-ibs_handler: ProcessIbsCmd: Received IBS_SLEEP_IND: 0xFE
03-14 14:03:58.296  1407  5182 I vendor.qti.bluetooth@1.0-ibs_handler: ProcessIbsCmd: Received IBS_WAKE_IND: 0xFD
03-14 14:03:58.296  1407  5182 I vendor.qti.bluetooth@1.0-ibs_handler: ProcessIbsCmd: Writing IBS_WAKE_ACK
03-14 14:03:58.337  1407  5182 I vendor.qti.bluetooth@1.0-ibs_handler: ProcessIbsCmd: Received IBS_SLEEP_IND: 0xFE
03-14 14:03:58.348  1407  5182 I vendor.qti.bluetooth@1.0-ibs_handler: ProcessIbsCmd: Received IBS_WAKE_IND: 0xFD
03-14 14:03:58.348  1407  5182 I vendor.qti.bluetooth@1.0-ibs_handler: ProcessIbsCmd: Writing IBS_WAKE_ACK
03-14 14:03:58.352  6086  6127 D BluetoothGattServer: onConnectionUpdated() - Device=6B:91:BF:61:4E:1F interval=6 latency=0 timeout=500 status=0
03-14 14:03:58.353  5127  5147 D BluetoothGatt: onConnectionUpdated() - Device=6B:91:BF:61:4E:1F interval=6 latency=0 timeout=500 status=0
03-14 14:03:58.353  5127  5369 D BluetoothGattServer: onConnectionUpdated() - Device=6B:91:BF:61:4E:1F interval=6 latency=0 timeout=500 status=0
03-14 14:03:58.357  4791  4878 I gatt_api: system/stack/gatt/gatt_api.cc:928 GATTC_Discover: conn_id=0x107, disc_type=4, s_handle=0x1, e_handle=0x9
03-14 14:03:58.411  4791  4878 I gatt_api: system/stack/gatt/gatt_api.cc:928 GATTC_Discover: conn_id=0x107, disc_type=3, s_handle=0x14, e_handle=0x1a
03-14 14:03:58.425  4791  4878 I gatt_api: system/stack/gatt/gatt_api.cc:928 GATTC_Discover: conn_id=0x107, disc_type=4, s_handle=0x14, e_handle=0x1a
03-14 14:03:58.428  4791  4885 I droid.bluetooth: system/gd/hci/acl_manager/le_impl.h:433 on_le_connection_complete: Received connection complete with Peripheral role
03-14 14:03:58.455  4791  4878 I gatt_api: system/stack/gatt/gatt_api.cc:928 GATTC_Discover: conn_id=0x107, disc_type=3, s_handle=0x86, e_handle=0x8d
03-14 14:03:58.466  4791  4885 I bluetooth: system/gd/hci/le_advertising_manager.cc:385 handle_set_terminated: Reenable advertising
03-14 14:03:58.467  4791  4885 W droid.bluetooth: system/main/shim/acl.cc:190 Remove: Unknown device being removed from acceptlist:51:2b:a5:22:ec:72[RANDOM_DEVICE_ADDRESS(0x01)]
03-14 14:03:58.467  4791  4878 I bluetooth: system/stack/gatt/connection_manager.cc:428 on_connection_complete: Le connection completed to device:xx:xx:xx:xx:ec:72
03-14 14:03:58.467  4791  4878 I ble     : system/stack/btm/btm_ble_addr.cc:313 maybe_resolve_address: unable to match/resolve random address:xx:xx:xx:xx:ec:72
03-14 14:03:58.467  4791  4878 I bluetooth: system/stack/gatt/connection_manager.cc:428 on_connection_complete: Le connection completed to device:xx:xx:xx:xx:ec:72
03-14 14:03:58.468  4791  4878 W ble_sec : system/stack/btm/btm_ble_sec.cc:1563 btm_ble_connected: Update timestamp for ble connection:xx:xx:xx:xx:ec:72
03-14 14:03:58.472  5127  5127 E BluetoothLeAdvertiser: Legacy advertiser should be only disabled on timeout, but was enabled!
03-14 14:03:58.472  4791  4878 E bt_btu_hcif: system/stack/btu/btu_hcif.cc:1160 btu_hcif_hdl_command_status: Command status for opcode:0x2016 should not be handled here status:HCI_SUCCESS
03-14 14:03:58.477  4791  4878 I gatt_api: system/stack/gatt/gatt_api.cc:928 GATTC_Discover: conn_id=0x107, disc_type=4, s_handle=0x86, e_handle=0x8d
03-14 14:03:58.554  4791  4878 I gatt_api: system/stack/gatt/gatt_api.cc:928 GATTC_Discover: conn_id=0x107, disc_type=5, s_handle=0x8d, e_handle=0x8d
03-14 14:03:58.567  4791  4878 E bt_btu_hcif: system/stack/btu/btu_hcif.cc:1160 btu_hcif_hdl_command_status: Command status for opcode:0x41d should not be handled here status:HCI_SUCCESS
03-14 14:03:58.567  4791  4878 I gatt_api: system/stack/gatt/gatt_api.cc:928 GATTC_Discover: conn_id=0x107, disc_type=3, s_handle=0x8e, e_handle=0xffff
03-14 14:03:58.582  4791  4878 I gatt_api: system/stack/gatt/gatt_api.cc:928 GATTC_Discover: conn_id=0x107, disc_type=4, s_handle=0x8e, e_handle=0xffff
03-14 14:03:58.620  4791  4878 I gatt_api: system/stack/gatt/gatt_api.cc:928 GATTC_Discover: conn_id=0x107, disc_type=5, s_handle=0x91, e_handle=0xffff
03-14 14:03:58.650  4791  4878 I bt_bta_gattc: system/bta/gatt/bta_gattc_cache.cc:300 bta_gattc_explore_srvc_finished: service discovery finished
03-14 14:03:58.652  4791  4878 I l2c_ble_conn_params: system/stack/l2cap/l2c_ble_conn_params.cc:128 L2CA_LockBleConnParamsForServiceDiscovery: xx:xx:xx:xx:4e:1f Locking/unlocking conn params for service discovery: false
03-14 14:03:58.662  4791  4878 I bluetooth: system/stack/gatt/gatt_attr.cc:1115 gatt_sr_init_cl_status: bda=xx:xx:xx:xx:ec:72, cl_supp_feat=0x0, aware=true
03-14 14:03:58.662  4791  4878 I bluetooth: system/stack/gap/gap_ble.cc:491 client_connect_cback: No active GAP service found for peer:xx:xx:xx:xx:ec:72 callback:Connected
03-14 14:03:58.662  4791  4878 I bt_bta_gattc: system/bta/gatt/bta_gattc_act.cc:1451 bta_gattc_conn_cback: Connected client_if:3 addr:xx:xx:xx:xx:ec:72, transport:BT_TRANSPORT_LE reason:GATT_CONN_OK
03-14 14:03:58.662  4791  4878 I bt_bta_gattc: system/bta/gatt/bta_gattc_act.cc:1451 bta_gattc_conn_cback: Connected client_if:4 addr:xx:xx:xx:xx:ec:72, transport:BT_TRANSPORT_LE reason:GATT_CONN_OK
03-14 14:03:58.662  4791  4878 I bt_bta_gattc: system/bta/gatt/bta_gattc_act.cc:1451 bta_gattc_conn_cback: Connected client_if:7 addr:xx:xx:xx:xx:ec:72, transport:BT_TRANSPORT_LE reason:GATT_CONN_OK
03-14 14:03:58.662  4791  4878 I bluetooth: system/stack/gatt/connection_manager.cc:428 on_connection_complete: Le connection completed to device:xx:xx:xx:xx:ec:72
03-14 14:03:58.662  4791  4878 I gatt_api: system/stack/gatt/gatt_api.cc:1219 GATT_SetIdleTimeout: idle_timeout=1, is_active=false, status=true (1-OK 0-not performed)
03-14 14:03:58.663  4791  4878 I bluetooth: system/stack/arbiter/acl_arbiter.cc:52 OnLeConnect: Notifying Rust of LE connection
03-14 14:03:58.663  4791  4878 I bluetooth: system/stack/gatt/gatt_main.cc:593 check_cached_model_name: Device xx:xx:xx:xx:ec:72 no cached model name
03-14 14:03:58.664  4791  4878 I l2c_csm : system/stack/l2cap/l2c_csm.cc:147 l2c_csm_execute: Enter CSM, chnl_state:CST_CLOSED [0], event:RECV_CREDIT_BASED_CONNECT_REQ [37]
03-14 14:03:58.664  4791  4878 I l2c_csm : system/stack/l2cap/l2c_csm.cc:147 l2c_csm_execute: Enter CSM, chnl_state:CST_TERM_W4_SEC_COMP [2], event:SECURITY_COMPLETE [7]
03-14 14:03:58.664  4791  4878 I bluetooth: system/stack/eatt/eatt_impl.h:311 eatt_l2cap_connect_ind: Device xx:xx:xx:xx:ec:72, num of cids: 5, psm 0x0027, peer_mtu 256
03-14 14:03:58.664  4791  4878 E bluetooth: system/stack/eatt/eatt_impl.h:323 eatt_l2cap_connect_ind: ACL to device xx:xx:xx:xx:ec:72 is unencrypted.
03-14 14:03:58.664  4791  4878 I l2c_csm : system/stack/l2cap/l2c_csm.cc:147 l2c_csm_execute: Enter CSM, chnl_state:CST_W4_L2CA_CONNECT_RSP [4], event:SEND_CREDIT_BASED_CONNECT_RSP_NEG [44]
03-14 14:03:58.666  4791  4878 I bt_bta_dm: system/bta/dm/bta_dm_act.cc:721 bta_dm_acl_up: Acl connected peer:xx:xx:xx:xx:ec:72 transport:BT_TRANSPORT_LE handle:12
03-14 14:03:58.666  4791  4878 W btm_acl : system/stack/acl/btm_acl.cc:2183 acl_peer_supports_sniff_subrating: Unable to find active acl
03-14 14:03:58.666  4791  4878 W btm_acl : system/stack/acl/btm_acl.cc:1631 BTM_ReadRemoteVersion: Remote version information is invalid
03-14 14:03:58.666  4791  4878 I bt_btif_dm: system/btif/src/btif_dm.cc:721 btif_update_remote_version_property: Remote version info valid:false [xx:xx:xx:xx:ec:72]:0x0,0x0,0x0
03-14 14:03:58.666  4791  4878 E bta_gattc_main: system/bta/gatt/bta_gattc_main.cc:392 bta_gattc_hdl_event: Ignore unknown conn ID: 3
03-14 14:03:58.666  4791  4878 E bta_gattc_main: system/bta/gatt/bta_gattc_main.cc:392 bta_gattc_hdl_event: Ignore unknown conn ID: 4
03-14 14:03:58.667  4791  4878 E bta_gattc_main: system/bta/gatt/bta_gattc_main.cc:392 bta_gattc_hdl_event: Ignore unknown conn ID: 7
03-14 14:03:58.667  6086  6127 D BluetoothGattServer: onServerConnectionState() - status=0 serverIf=5 connected=true device=51:2B:A5:22:EC:72
03-14 14:03:58.670  4791  5200 W BatteryService: getBatteryService(): service is NULL
03-14 14:03:58.670  5127  5369 D BluetoothGattServer: onServerConnectionState() - status=0 serverIf=6 connected=true device=51:2B:A5:22:EC:72
03-14 14:03:58.682  1901  1987 W ActivityManager: pid 4791 com.android.bluetooth sent binder code 1 with flags 1 to frozen apps and got error -32
03-14 14:03:58.682  4791  5200 E BluetoothRemoteDevices: RemoteException in calling IBluetoothConnectionCallback
03-14 14:03:58.682  1901  1987 D ActivityManager: Too many transaction errors, throttling freezer binder callback.
03-14 14:03:58.682  4791  5200 E BluetoothRemoteDevices: RemoteException in calling IBluetoothConnectionCallback
03-14 14:03:58.682  4791  5200 E BluetoothRemoteDevices: RemoteException in calling IBluetoothConnectionCallback
03-14 14:03:58.682  4791  5200 E BluetoothRemoteDevices: RemoteException in calling IBluetoothConnectionCallback
03-14 14:03:58.683  4791  5200 E BluetoothRemoteDevices: RemoteException in calling IBluetoothConnectionCallback
03-14 14:03:58.683  4791  5200 E BluetoothRemoteDevices: RemoteException in calling IBluetoothConnectionCallback
03-14 14:03:58.683  4791  5200 E BluetoothRemoteDevices: RemoteException in calling IBluetoothConnectionCallback
03-14 14:03:58.683  4791  5200 E BluetoothRemoteDevices: RemoteException in calling IBluetoothConnectionCallback
03-14 14:03:58.683  4791  5200 E BluetoothRemoteDevices: RemoteException in calling IBluetoothConnectionCallback
03-14 14:03:58.686 11126 11126 I GH.WifiBluetoothRcvr: Connection action: android.bluetooth.device.action.ACL_CONNECTED, device XX:XX:XX:XX:EC:72
03-14 14:03:58.688 11126 11126 I GH.WifiBluetoothRcvr: Wireless projection is available on this phone.
03-14 14:03:58.690 11126  6616 W CAR.BTCapsStore: Device not bonded, thus it's not currently AAW capable.
03-14 14:03:58.690 11126  6616 I CAR.BTCapsStore: AAW status (NOT_BONDED).
03-14 14:03:58.690  4006  4082 W BluetoothEventManager: AclStateChangedHandler: activeDevice is null
03-14 14:03:58.692  1901  2194 D ActivityManager: unfreezing ProcessRecord{71f1c1e 26944:com.google.android.gms.unstable/u0a179}, reason = shouldNotFreeze_allowlist, adj = 925, adjType = cch-empty, adjSource = null
03-14 14:03:58.693  1901  2194 D ActivityManager: sync unfroze 26944 com.google.android.gms.unstable for 10
03-14 14:03:58.695 11126  6617 I GH.CarSvcDataStorage: Using DB version: 13
03-14 14:03:58.698 11126  6617 W CAR.BTCapsStore: Device not bonded, thus it's not currently AAW capable.
03-14 14:03:58.699 11126  6617 I CAR.BTCapsStore: AAW status (NOT_BONDED).
03-14 14:03:58.701  1407  5182 I vendor.qti.bluetooth@1.0-ibs_handler: ProcessIbsCmd: Received IBS_SLEEP_IND: 0xFE
03-14 14:03:58.706 30806 30806 I yyg     : onReceive
03-14 14:03:58.710  1926  1926 I Finsky  : [2] Memory trim requested to level 40
03-14 14:03:58.710  1926  1926 I Finsky  : [2] Flushing in-memory image cache
03-14 14:03:58.712  1901  3807 D ConnectivityService: NetReassign [no changes] [c 1] [a 0] [i 2]
03-14 14:03:58.717 30806 30822 I aale    : (REDACTED) bluetoothConnectionStateChanged. Action: %s
03-14 14:03:58.718 30806 30822 I aakf    : Registering Gemini service client
03-14 14:03:58.718  4791  4803 I AdapterProperties: getBondedDevices: length=9
03-14 14:03:58.718 30806 30822 I aakk    : Initializing PhoneMediaHandler
03-14 14:03:58.719  4791  4803 I AdapterProperties: getBondedDevices: length=9
03-14 14:03:58.729 25173  6631 I Nearby  : (REDACTED) is blocked device type %s, isAuto=%s, isIot=%s, isLatchsky=%s, isChinaWearable=%s, isTv=%s, isWearable=%s (supportWearOs=%s), isChromeOsDevice=%s (supportChromeOs=%s)
03-14 14:03:58.732 25173 25173 D WearableService: Creating wearable service asynchronously.
03-14 14:03:58.737 25173 25173 I NearbyDiscovery: (REDACTED) DiscoveryService onStartCommand action: %s
03-14 14:03:58.738 25173 25173 I NearbyDiscovery: (REDACTED) onAclChange: state=%s, transport=%s, %s
03-14 14:03:58.741 25173 25865 I NearbyDiscovery: (REDACTED) FastPair: lock scan rate if needed, %s, bondState=%s
03-14 14:03:58.741 25173  8800 D WearableService: onGetService: waiting for onCreate to be completed.
03-14 14:03:58.757  1407  5182 I vendor.qti.bluetooth@1.0-ibs_handler: ProcessIbsCmd: Received IBS_WAKE_IND: 0xFD
03-14 14:03:58.757  1407  5182 I vendor.qti.bluetooth@1.0-ibs_handler: ProcessIbsCmd: Writing IBS_WAKE_ACK
03-14 14:03:58.765  6086  6127 D BluetoothGattServer: onConnectionUpdated() - Device=6B:91:BF:61:4E:1F interval=39 latency=0 timeout=500 status=0
03-14 14:03:58.766  5127  5369 D BluetoothGattServer: onConnectionUpdated() - Device=6B:91:BF:61:4E:1F interval=39 latency=0 timeout=500 status=0
03-14 14:03:58.766  5127  5147 D BluetoothGatt: onConnectionUpdated() - Device=6B:91:BF:61:4E:1F interval=39 latency=0 timeout=500 status=0
03-14 14:03:58.773 25173 25504 I Wear_Controller: Wearable module requires a companion app to be installed.
03-14 14:03:58.773 25173 25504 I WearableService: onCreate: Wearable Services not starting. Wear is not available on this device.
03-14 14:03:58.774 25173  8800 W WearableService: onGetService: Wear is not available on this device.
03-14 14:03:58.776 30806 30823 W GoogleApiManager: Not showing notification since connectionResult is not user-facing: ConnectionResult{statusCode=API_UNAVAILABLE, resolution=null, message=null, clientMethodKey=null}
03-14 14:03:58.805  1407  5182 I vendor.qti.bluetooth@1.0-ibs_handler: ProcessIbsCmd: Received IBS_SLEEP_IND: 0xFE
03-14 14:03:58.855  1407  5182 I vendor.qti.bluetooth@1.0-ibs_handler: ProcessIbsCmd: Received IBS_WAKE_IND: 0xFD
03-14 14:03:58.855  1407  5182 I vendor.qti.bluetooth@1.0-ibs_handler: ProcessIbsCmd: Writing IBS_WAKE_ACK
03-14 14:03:58.857  1901  3177 D ActivityManager: freezing 5651 com.google.android.apps.messaging, reason = oom_cached
03-14 14:03:58.896  1407  5182 I vendor.qti.bluetooth@1.0-ibs_handler: ProcessIbsCmd: Received IBS_SLEEP_IND: 0xFE
03-14 14:03:58.911  1407  5182 I vendor.qti.bluetooth@1.0-ibs_handler: ProcessIbsCmd: Received IBS_WAKE_IND: 0xFD
03-14 14:03:58.911  1407  5182 I vendor.qti.bluetooth@1.0-ibs_handler: ProcessIbsCmd: Writing IBS_WAKE_ACK
03-14 14:03:58.916  6086  6127 D BluetoothGattServer: onConnectionUpdated() - Device=51:2B:A5:22:EC:72 interval=6 latency=0 timeout=500 status=0
03-14 14:03:58.916  5127  5147 D BluetoothGattServer: onConnectionUpdated() - Device=51:2B:A5:22:EC:72 interval=6 latency=0 timeout=500 status=0
03-14 14:03:59.166  1901  3177 D ActivityManager: freezing 6374 com.motorola.lifetimedata, reason = oom_cached
03-14 14:03:59.170  1901  3807 D InetDiagMessage: Destroyed 0 sockets, proto=IPPROTO_TCP, family=AF_INET, states=14
03-14 14:03:59.172  1901  3807 D InetDiagMessage: Destroyed 0 sockets, proto=IPPROTO_TCP, family=AF_INET6, states=14
03-14 14:03:59.172  1901  3807 D InetDiagMessage: Destroyed live tcp sockets for uids={10269} in 3ms
03-14 14:03:59.263  1901  3177 D ActivityManager: freezing 6375 com.jio.myjio, reason = oom_cached
03-14 14:03:59.271  1901  3807 D InetDiagMessage: Destroyed 0 sockets, proto=IPPROTO_TCP, family=AF_INET, states=14
03-14 14:03:59.273  1901  3807 D InetDiagMessage: Destroyed 0 sockets, proto=IPPROTO_TCP, family=AF_INET6, states=14
03-14 14:03:59.274  1901  3807 D InetDiagMessage: Destroyed live tcp sockets for uids={10391} in 5ms
03-14 14:03:59.274  1407  5182 I vendor.qti.bluetooth@1.0-ibs_handler: ProcessIbsCmd: Received IBS_SLEEP_IND: 0xFE
03-14 14:03:59.585  1407  5182 I vendor.qti.bluetooth@1.0-ibs_handler: ProcessIbsCmd: Received IBS_WAKE_IND: 0xFD
03-14 14:03:59.585  1407  5182 I vendor.qti.bluetooth@1.0-ibs_handler: ProcessIbsCmd: Writing IBS_WAKE_ACK
03-14 14:03:59.587  6086  6127 D BluetoothGattServer: onConnectionUpdated() - Device=51:2B:A5:22:EC:72 interval=39 latency=0 timeout=500 status=0
03-14 14:03:59.587  5127  5147 D BluetoothGattServer: onConnectionUpdated() - Device=51:2B:A5:22:EC:72 interval=39 latency=0 timeout=500 status=0
03-14 14:03:59.626  1407  5182 I vendor.qti.bluetooth@1.0-ibs_handler: ProcessIbsCmd: Received IBS_SLEEP_IND: 0xFE
03-14 14:03:59.651  1407  5182 I vendor.qti.bluetooth@1.0-ibs_handler: ProcessIbsCmd: Received IBS_WAKE_IND: 0xFD
03-14 14:03:59.651  1407  5182 I vendor.qti.bluetooth@1.0-ibs_handler: ProcessIbsCmd: Writing IBS_WAKE_ACK
03-14 14:03:59.692  1407  5182 I vendor.qti.bluetooth@1.0-ibs_handler: ProcessIbsCmd: Received IBS_SLEEP_IND: 0xFE
03-14 14:03:59.692  1407  5182 I vendor.qti.bluetooth@1.0-ibs_handler: ProcessIbsCmd: Received IBS_WAKE_IND: 0xFD
03-14 14:03:59.692  1407  5182 I vendor.qti.bluetooth@1.0-ibs_handler: ProcessIbsCmd: Writing IBS_WAKE_ACK
03-14 14:03:59.741  1901  1901 W HwBinder:1901_2: type=1400 audit(0.0:1380661): avc:  denied  { read } for  name="u:object_r:moto_df_prop:s0" dev="tmpfs" ino=11157 scontext=u:r:system_server:s0 tcontext=u:object_r:moto_df_prop:s0 tclass=file permissive=0
03-14 14:03:59.744  1901  3236 W libc    : Access denied finding property "persist.mot.dogfooding"
03-14 14:03:59.749  4006  5163 D PowerUI : can't show warning due to - plugged: true status unknown: false
03-14 14:03:59.753  1901  1901 V UiModeManager: updateLocked: null action, mDockState=0, category=null
03-14 14:03:59.753  1901  1901 D UiModeManager: updateConfigurationLocked: mDockState=0; mCarMode=false; mNightMode=2; mNightModeCustomType=-1; uiMode=33
03-14 14:03:59.753  4233  4233 D QtiCarrierConfigHelper: WARNING, no carrier configs on phone Id: 0
03-14 14:03:59.795  1407  5182 I vendor.qti.bluetooth@1.0-ibs_handler: ProcessIbsCmd: Received IBS_SLEEP_IND: 0xFE
03-14 14:04:00.005  4006  4006 V KeyguardStatusViewController: onTimeChanged
03-14 14:04:00.222  1407  5184 I vendor.qti.bluetooth@1.0-ibs_handler: DeviceSleep: TX Awake, Sending SLEEP_IND
03-14 14:04:00.222  1407  5184 D vendor.qti.bluetooth@1.0-ibs_handler: SerialClockVote: vote for UART CLK OFF
03-14 14:04:00.373  1407  4913 D vendor.qti.bluetooth@1.0-wake_lock: Release wakelock is released 
03-14 14:04:00.553  1901  1901 W HwBinder:1901_2: type=1400 audit(0.0:1380662): avc:  denied  { read } for  name="u:object_r:moto_df_prop:s0" dev="tmpfs" ino=11157 scontext=u:r:system_server:s0 tcontext=u:object_r:moto_df_prop:s0 tclass=file permissive=0
03-14 14:04:00.559  1901  3236 W libc    : Access denied finding property "persist.mot.dogfooding"
03-14 14:04:00.570  4006  5312 D PowerUI : can't show warning due to - plugged: true status unknown: false
03-14 14:04:00.573  1901  1901 V UiModeManager: updateLocked: null action, mDockState=0, category=null
03-14 14:04:00.573  1901  1901 D UiModeManager: updateConfigurationLocked: mDockState=0; mCarMode=false; mNightMode=2; mNightModeCustomType=-1; uiMode=33
03-14 14:04:00.574  4233  4233 D QtiCarrierConfigHelper: WARNING, no carrier configs on phone Id: 0
03-14 14:04:01.221  1407  5182 I vendor.qti.bluetooth@1.0-ibs_handler: ProcessIbsCmd: Received IBS_WAKE_IND: 0xFD
03-14 14:04:01.221  1407  5182 D vendor.qti.bluetooth@1.0-ibs_handler: SerialClockVote: vote for UART CLK ON
03-14 14:04:01.222  1407  5182 D vendor.qti.bluetooth@1.0-wake_lock: Acquire wakelock is acquired 
03-14 14:04:01.222  1407  5182 I vendor.qti.bluetooth@1.0-ibs_handler: ProcessIbsCmd: Writing IBS_WAKE_ACK
03-14 14:04:01.278  1407  5182 I vendor.qti.bluetooth@1.0-ibs_handler: ProcessIbsCmd: Received IBS_SLEEP_IND: 0xFE
03-14 14:04:01.278  1407  5182 D vendor.qti.bluetooth@1.0-ibs_handler: SerialClockVote: vote for UART CLK OFF
03-14 14:04:01.304  1407  5182 I vendor.qti.bluetooth@1.0-ibs_handler: ProcessIbsCmd: Received IBS_WAKE_IND: 0xFD
03-14 14:04:01.304  1407  5182 D vendor.qti.bluetooth@1.0-ibs_handler: SerialClockVote: vote for UART CLK ON
03-14 14:04:01.304  1407  5182 I vendor.qti.bluetooth@1.0-ibs_handler: ProcessIbsCmd: Writing IBS_WAKE_ACK
03-14 14:04:01.375  1407  5182 I vendor.qti.bluetooth@1.0-ibs_handler: ProcessIbsCmd: Received IBS_SLEEP_IND: 0xFE
03-14 14:04:01.376  1407  5182 D vendor.qti.bluetooth@1.0-ibs_handler: SerialClockVote: vote for UART CLK OFF
03-14 14:04:01.526  1407  4913 D vendor.qti.bluetooth@1.0-wake_lock: Release wakelock is released 
03-14 14:04:02.610  1407  5182 I vendor.qti.bluetooth@1.0-ibs_handler: ProcessIbsCmd: Received IBS_WAKE_IND: 0xFD
03-14 14:04:02.610  1407  5182 D vendor.qti.bluetooth@1.0-ibs_handler: SerialClockVote: vote for UART CLK ON
03-14 14:04:02.611  1407  5182 D vendor.qti.bluetooth@1.0-wake_lock: Acquire wakelock is acquired 
03-14 14:04:02.611  1407  5182 I vendor.qti.bluetooth@1.0-ibs_handler: ProcessIbsCmd: Writing IBS_WAKE_ACK
03-14 14:04:02.715  1407  5182 I vendor.qti.bluetooth@1.0-ibs_handler: ProcessIbsCmd: Received IBS_SLEEP_IND: 0xFE
03-14 14:04:02.715  1407  5182 D vendor.qti.bluetooth@1.0-ibs_handler: SerialClockVote: vote for UART CLK OFF
03-14 14:04:02.719  1407  5182 I vendor.qti.bluetooth@1.0-ibs_handler: ProcessIbsCmd: Received IBS_WAKE_IND: 0xFD
03-14 14:04:02.720  1407  5182 D vendor.qti.bluetooth@1.0-ibs_handler: SerialClockVote: vote for UART CLK ON
03-14 14:04:02.720  1407  5182 I vendor.qti.bluetooth@1.0-ibs_handler: ProcessIbsCmd: Writing IBS_WAKE_ACK
03-14 14:04:02.761  1407  5182 I vendor.qti.bluetooth@1.0-ibs_handler: ProcessIbsCmd: Received IBS_SLEEP_IND: 0xFE
03-14 14:04:02.761  1407  5182 D vendor.qti.bluetooth@1.0-ibs_handler: SerialClockVote: vote for UART CLK OFF
03-14 14:04:02.912  1407  4913 D vendor.qti.bluetooth@1.0-wake_lock: Release wakelock is released 
03-14 14:04:03.090  1901  3067 D BatteryService: uevent={POWER_SUPPLY_VOLTAGE_NOW=4398017, POWER_SUPPLY_CHARGE_CONTROL_LIMIT_MAX=7, POWER_SUPPLY_TYPE=Battery, POWER_SUPPLY_HEALTH=Good, POWER_SUPPLY_TECHNOLOGY=Li-ion, POWER_SUPPLY_CHARGE_FULL_DESIGN=5142000, SEQNUM=868406, POWER_SUPPLY_CHARGE_CONTROL_LIMIT=0, POWER_SUPPLY_STATUS=Charging, POWER_SUPPLY_CURRENT_MAX=4000000, POWER_SUPPLY_CYCLE_COUNT=303, POWER_SUPPLY_CHARGE_TERM_CURRENT=-100, POWER_SUPPLY_CAPACITY=81, DEVPATH=/devices/platform/soc/1c40000.qcom,spmi/spmi-0/spmi0-02/1c40000.qcom,spmi:qcom,pm7250b@2:qcom,qpnp-smb5-mmi/power_supply/battery, POWER_SUPPLY_CHARGE_TYPE=Fast, POWER_SUPPLY_CHARGE_RATE=Normal, POWER_SUPPLY_INPUT_CURRENT_LIMIT=0, POWER_SUPPLY_CURRENT_NOW=1222229, POWER_SUPPLY_PRESENT=1, POWER_SUPPLY_CHARGE_FULL=5142000, POWER_SUPPLY_TIME_TO_FULL_NOW=6098, POWER_SUPPLY_CONSTANT_CHARGE_CURRENT=4000000, SUBSYSTEM=power_supply, POWER_SUPPLY_TEMP=341, ACTION=change, POWER_SUPPLY_NAME=battery, POWER_SUPPLY_VOLTAGE_MAX=-22, POWER_SUPPLY_CONSTANT_CHARGE_CURRENT_MAX=4000000, POWER_SUPPLY_CHARGE_COUNTER=4048810}
03-14 14:04:03.098  1901  3067 D BatteryService: uevent={POWER_SUPPLY_VOLTAGE_NOW=4398017, POWER_SUPPLY_CHARGE_CONTROL_LIMIT_MAX=7, POWER_SUPPLY_TYPE=Battery, POWER_SUPPLY_HEALTH=Good, POWER_SUPPLY_TECHNOLOGY=Li-ion, POWER_SUPPLY_CHARGE_FULL_DESIGN=5142000, SEQNUM=868407, POWER_SUPPLY_CHARGE_CONTROL_LIMIT=0, POWER_SUPPLY_STATUS=Charging, POWER_SUPPLY_CURRENT_MAX=4000000, POWER_SUPPLY_CYCLE_COUNT=303, POWER_SUPPLY_CHARGE_TERM_CURRENT=-100, POWER_SUPPLY_CAPACITY=81, DEVPATH=/devices/platform/soc/1c40000.qcom,spmi/spmi-0/spmi0-02/1c40000.qcom,spmi:qcom,pm7250b@2:qcom,qpnp-smb5-mmi/power_supply/battery, POWER_SUPPLY_CHARGE_TYPE=Fast, POWER_SUPPLY_INPUT_CURRENT_LIMIT=0, POWER_SUPPLY_CURRENT_NOW=1222229, POWER_SUPPLY_PRESENT=1, POWER_SUPPLY_CHARGE_FULL=5142000, POWER_SUPPLY_TIME_TO_FULL_NOW=6098, POWER_SUPPLY_CONSTANT_CHARGE_CURRENT=4000000, SUBSYSTEM=power_supply, POWER_SUPPLY_TEMP=341, ACTION=change, POWER_SUPPLY_NAME=battery, POWER_SUPPLY_VOLTAGE_MAX=-22, POWER_SUPPLY_CONSTANT_CHARGE_CURRENT_MAX=4000000, POWER_SUPPLY_CHARGE_COUNTER=4048810}
03-14 14:04:03.104  1901  3236 W libc    : Access denied finding property "persist.mot.dogfooding"
03-14 14:04:03.101  1901  1901 W HwBinder:1901_2: type=1400 audit(0.0:1380663): avc:  denied  { read } for  name="u:object_r:moto_df_prop:s0" dev="tmpfs" ino=11157 scontext=u:r:system_server:s0 tcontext=u:object_r:moto_df_prop:s0 tclass=file permissive=0
03-14 14:04:03.109  4006  4532 D PowerUI : can't show warning due to - plugged: true status unknown: false
03-14 14:04:03.105  1901  1901 W HwBinder:1901_2: type=1400 audit(0.0:1380664): avc:  denied  { read } for  name="u:object_r:moto_df_prop:s0" dev="tmpfs" ino=11157 scontext=u:r:system_server:s0 tcontext=u:object_r:moto_df_prop:s0 tclass=file permissive=0
03-14 14:04:03.110  1901  3236 W libc    : Access denied finding property "persist.mot.dogfooding"
03-14 14:04:03.114  1901  1901 V UiModeManager: updateLocked: null action, mDockState=0, category=null
03-14 14:04:03.115  1901  1901 D UiModeManager: updateConfigurationLocked: mDockState=0; mCarMode=false; mNightMode=2; mNightModeCustomType=-1; uiMode=33
03-14 14:04:03.115  4233  4233 D QtiCarrierConfigHelper: WARNING, no carrier configs on phone Id: 0
03-14 14:04:03.468  4791  4878 W ble_sec : system/stack/btm/btm_ble_sec.cc:87 btm_ble_conn_proc_timer_timeout: btm_ble_conn_proc_timer_timeout
03-14 14:04:03.914  1407  5182 I vendor.qti.bluetooth@1.0-ibs_handler: ProcessIbsCmd: Received IBS_WAKE_IND: 0xFD
03-14 14:04:03.914  1407  5182 D vendor.qti.bluetooth@1.0-ibs_handler: SerialClockVote: vote for UART CLK ON
03-14 14:04:03.916  1407  5182 D vendor.qti.bluetooth@1.0-wake_lock: Acquire wakelock is acquired 
03-14 14:04:03.916  1407  5182 I vendor.qti.bluetooth@1.0-ibs_handler: ProcessIbsCmd: Writing IBS_WAKE_ACK
03-14 14:04:03.957  1407  5182 I vendor.qti.bluetooth@1.0-ibs_handler: ProcessIbsCmd: Received IBS_SLEEP_IND: 0xFE
03-14 14:04:03.957  1407  5182 D vendor.qti.bluetooth@1.0-ibs_handler: SerialClockVote: vote for UART CLK OFF
03-14 14:04:03.960  1407  5182 I vendor.qti.bluetooth@1.0-ibs_handler: ProcessIbsCmd: Received IBS_WAKE_IND: 0xFD
03-14 14:04:03.960  1407  5182 D vendor.qti.bluetooth@1.0-ibs_handler: SerialClockVote: vote for UART CLK ON
03-14 14:04:03.960  1407  5182 I vendor.qti.bluetooth@1.0-ibs_handler: ProcessIbsCmd: Writing IBS_WAKE_ACK
03-14 14:04:04.037  1407  5182 I vendor.qti.bluetooth@1.0-ibs_handler: ProcessIbsCmd: Received IBS_SLEEP_IND: 0xFE
03-14 14:04:04.037  1407  5182 D vendor.qti.bluetooth@1.0-ibs_handler: SerialClockVote: vote for UART CLK OFF
03-14 14:04:04.188  1407  4913 D vendor.qti.bluetooth@1.0-wake_lock: Release wakelock is released 
03-14 14:04:05.228  1404  3069 I slpi    : mn78_get_data_dri_befor: gpio_state=0 
03-14 14:04:05.229  1404  3069 I slpi    : mn78_sensor_read_als ag_stage=0, REG0x69=0x8, cmp h = 0x0, l = 0x8, int_flag = 0x4,cmp_rstn = 0x2, lock = 0x1,als_sat = 0x0,als channel 0 = 39,als channel 1 = 119,als channel 2= 3
03-14 14:04:05.229  1404  3069 I slpi    : mn78_get_data_dri_befor als: int_flag = 0x4  ps: int_flag = 0x0
03-14 14:04:05.230  1404  3069 I slpi    : mn78_set_lsensor_intr_threshold - rc=0, low_thd = 96, high_thd = 142
03-14 14:04:05.230  1404  3069 I slpi    : [lux_convert_to_lux]: lux_per_lux=973, new_lpc=223, lux=26 
03-14 14:04:05.231  1404  3069 I slpi    : mn78_sensor_als_report: lux=26, ch1=119, state->als_info.scale =973 
03-14 14:04:05.232  1404  3069 I slpi    : mn78_sensor_ps_report:state->ps_info.ps_last_report  = far , state->ps_info.pdata=1281,state->ps_info.cover_raw=1443,state->ps_info.uncover_raw=183,low_threshold=1817,high_threshold=2422
03-14 14:04:05.232  1404  3069 I slpi    : [mn78_sensor_als_report]: -------------------  lux=26, stage=0, ch0=39, ch1=119 
03-14 14:04:05.233  1404  3069 I slpi    : mn78_sensor_read_als ag_stage=0, REG0x69=0x8, cmp h = 0x0, l = 0x0, int_flag = 0x0,cmp_rstn = 0x2, lock = 0x0,als_sat = 0x0,als channel 0 = 39,als channel 1 = 119,als channel 2= 3
03-14 14:04:05.234  1404  3069 I slpi    : mn78_get_data_dri_after als: int_flag = 0x0  ps: int_flag = 0x0
03-14 14:04:05.234  1404  3069 I slpi    : mn78_get_data_dri_after: gpio_state=1 
03-14 14:04:05.355  1407  5182 I vendor.qti.bluetooth@1.0-ibs_handler: ProcessIbsCmd: Received IBS_WAKE_IND: 0xFD
03-14 14:04:05.355  1407  5182 D vendor.qti.bluetooth@1.0-ibs_handler: SerialClockVote: vote for UART CLK ON
03-14 14:04:05.356  1407  5182 D vendor.qti.bluetooth@1.0-wake_lock: Acquire wakelock is acquired 
03-14 14:04:05.356  1407  5182 I vendor.qti.bluetooth@1.0-ibs_handler: ProcessIbsCmd: Writing IBS_WAKE_ACK
03-14 14:04:05.398  1407  5182 I vendor.qti.bluetooth@1.0-ibs_handler: ProcessIbsCmd: Received IBS_SLEEP_IND: 0xFE
03-14 14:04:05.398  1407  5182 D vendor.qti.bluetooth@1.0-ibs_handler: SerialClockVote: vote for UART CLK OFF
03-14 14:04:05.405  1407  5182 I vendor.qti.bluetooth@1.0-ibs_handler: ProcessIbsCmd: Received IBS_WAKE_IND: 0xFD
03-14 14:04:05.405  1407  5182 D vendor.qti.bluetooth@1.0-ibs_handler: SerialClockVote: vote for UART CLK ON
03-14 14:04:05.405  1407  5182 I vendor.qti.bluetooth@1.0-ibs_handler: ProcessIbsCmd: Writing IBS_WAKE_ACK
03-14 14:04:05.493  1407  5182 I vendor.qti.bluetooth@1.0-ibs_handler: ProcessIbsCmd: Received IBS_SLEEP_IND: 0xFE
03-14 14:04:05.493  1407  5182 D vendor.qti.bluetooth@1.0-ibs_handler: SerialClockVote: vote for UART CLK OFF
03-14 14:04:05.644  1407  4913 D vendor.qti.bluetooth@1.0-wake_lock: Release wakelock is released 
03-14 14:04:06.737  1407  5182 I vendor.qti.bluetooth@1.0-ibs_handler: ProcessIbsCmd: Received IBS_WAKE_IND: 0xFD
03-14 14:04:06.737  1407  5182 D vendor.qti.bluetooth@1.0-ibs_handler: SerialClockVote: vote for UART CLK ON
03-14 14:04:06.739  1407  5182 D vendor.qti.bluetooth@1.0-wake_lock: Acquire wakelock is acquired 
03-14 14:04:06.740  1407  5182 I vendor.qti.bluetooth@1.0-ibs_handler: ProcessIbsCmd: Writing IBS_WAKE_ACK
03-14 14:04:06.783  1407  5182 I vendor.qti.bluetooth@1.0-ibs_handler: ProcessIbsCmd: Received IBS_SLEEP_IND: 0xFE
03-14 14:04:06.783  1407  5182 D vendor.qti.bluetooth@1.0-ibs_handler: SerialClockVote: vote for UART CLK OFF
03-14 14:04:06.788  1407  5182 I vendor.qti.bluetooth@1.0-ibs_handler: ProcessIbsCmd: Received IBS_WAKE_IND: 0xFD
03-14 14:04:06.788  1407  5182 D vendor.qti.bluetooth@1.0-ibs_handler: SerialClockVote: vote for UART CLK ON
03-14 14:04:06.788  1407  5182 I vendor.qti.bluetooth@1.0-ibs_handler: ProcessIbsCmd: Writing IBS_WAKE_ACK
03-14 14:04:06.829  1407  5182 I vendor.qti.bluetooth@1.0-ibs_handler: ProcessIbsCmd: Received IBS_SLEEP_IND: 0xFE
03-14 14:04:06.830  1404  3069 I slpi    : mn78_get_data_dri_befor: gpio_state=0 
03-14 14:04:06.830  1407  5182 D vendor.qti.bluetooth@1.0-ibs_handler: SerialClockVote: vote for UART CLK OFF
03-14 14:04:06.831  1404  3069 I slpi    : mn78_sensor_read_als ag_stage=0, REG0x69=0x8, cmp h = 0x10, l = 0x0, int_flag = 0x4,cmp_rstn = 0x2, lock = 0x1,als_sat = 0x0,als channel 0 = 59,als channel 1 = 145,als channel 2= 3
03-14 14:04:06.832  1404  3069 I slpi    : mn78_get_data_dri_befor als: int_flag = 0x4  ps: int_flag = 0x0
03-14 14:04:06.832  1404  3069 I slpi    : mn78_set_lsensor_intr_threshold - rc=0, low_thd = 116, high_thd = 174
03-14 14:04:06.832  1404  3069 I slpi    : [lux_convert_to_lux]: lux_per_lux=973, new_lpc=223, lux=31 
03-14 14:04:06.833  1404  3069 I slpi    : mn78_sensor_als_report: lux=31, ch1=145, state->als_info.scale =973 
03-14 14:04:06.833  1404  3069 I slpi    : mn78_sensor_ps_report:state->ps_info.ps_last_report  = far , state->ps_info.pdata=1290,state->ps_info.cover_raw=1443,state->ps_info.uncover_raw=183,low_threshold=1817,high_threshold=2422
03-14 14:04:06.834  1404  3069 I slpi    : [mn78_sensor_als_report]: -------------------  lux=31, stage=0, ch0=59, ch1=145 
03-14 14:04:06.836  1404  3069 I slpi    : mn78_sensor_read_als ag_stage=0, REG0x69=0x8, cmp h = 0x0, l = 0x0, int_flag = 0x0,cmp_rstn = 0x2, lock = 0x0,als_sat = 0x0,als channel 0 = 59,als channel 1 = 145,als channel 2= 3
03-14 14:04:06.836  1404  3069 I slpi    : mn78_get_data_dri_after als: int_flag = 0x0  ps: int_flag = 0x0
03-14 14:04:06.836  1404  3069 I slpi    : mn78_get_data_dri_after: gpio_state=1 
03-14 14:04:06.981  1407  4913 D vendor.qti.bluetooth@1.0-wake_lock: Release wakelock is released 
03-14 14:04:08.042  1407  5182 I vendor.qti.bluetooth@1.0-ibs_handler: ProcessIbsCmd: Received IBS_WAKE_IND: 0xFD
03-14 14:04:08.042  1407  5182 D vendor.qti.bluetooth@1.0-ibs_handler: SerialClockVote: vote for UART CLK ON
03-14 14:04:08.044  1407  5182 D vendor.qti.bluetooth@1.0-wake_lock: Acquire wakelock is acquired 
03-14 14:04:08.044  1407  5182 I vendor.qti.bluetooth@1.0-ibs_handler: ProcessIbsCmd: Writing IBS_WAKE_ACK
03-14 14:04:08.140  1407  5182 I vendor.qti.bluetooth@1.0-ibs_handler: ProcessIbsCmd: Received IBS_SLEEP_IND: 0xFE
03-14 14:04:08.140  1407  5182 D vendor.qti.bluetooth@1.0-ibs_handler: SerialClockVote: vote for UART CLK OFF
03-14 14:04:08.212  1901  3067 D BatteryService: uevent={POWER_SUPPLY_VOLTAGE_NOW=4370768, POWER_SUPPLY_CHARGE_CONTROL_LIMIT_MAX=7, POWER_SUPPLY_TYPE=Battery, POWER_SUPPLY_HEALTH=Good, POWER_SUPPLY_TECHNOLOGY=Li-ion, POWER_SUPPLY_CHARGE_FULL_DESIGN=5142000, SEQNUM=868409, POWER_SUPPLY_CHARGE_CONTROL_LIMIT=0, POWER_SUPPLY_STATUS=Charging, POWER_SUPPLY_CURRENT_MAX=4000000, POWER_SUPPLY_CYCLE_COUNT=303, POWER_SUPPLY_CHARGE_TERM_CURRENT=-100, POWER_SUPPLY_CAPACITY=81, DEVPATH=/devices/platform/soc/1c40000.qcom,spmi/spmi-0/spmi0-02/1c40000.qcom,spmi:qcom,pm7250b@2:qcom,qpnp-smb5-mmi/power_supply/battery, POWER_SUPPLY_CHARGE_TYPE=Fast, POWER_SUPPLY_CHARGE_RATE=Normal, POWER_SUPPLY_INPUT_CURRENT_LIMIT=0, POWER_SUPPLY_CURRENT_NOW=1131897, POWER_SUPPLY_PRESENT=1, POWER_SUPPLY_CHARGE_FULL=5142000, POWER_SUPPLY_TIME_TO_FULL_NOW=6097, POWER_SUPPLY_CONSTANT_CHARGE_CURRENT=4000000, SUBSYSTEM=power_supply, POWER_SUPPLY_TEMP=341, ACTION=change, POWER_SUPPLY_NAME=battery, POWER_SUPPLY_VOLTAGE_MAX=-22, POWER_SUPPLY_CONSTANT_CHARGE_CURRENT_MAX=4000000, POWER_SUPPLY_CHARGE_COUNTER=4048810}
03-14 14:04:08.231  1901  3067 D BatteryService: uevent={POWER_SUPPLY_VOLTAGE_NOW=4370768, POWER_SUPPLY_CHARGE_CONTROL_LIMIT_MAX=7, POWER_SUPPLY_TYPE=Battery, POWER_SUPPLY_HEALTH=Good, POWER_SUPPLY_TECHNOLOGY=Li-ion, POWER_SUPPLY_CHARGE_FULL_DESIGN=5142000, SEQNUM=868410, POWER_SUPPLY_CHARGE_CONTROL_LIMIT=0, POWER_SUPPLY_STATUS=Charging, POWER_SUPPLY_CURRENT_MAX=4000000, POWER_SUPPLY_CYCLE_COUNT=303, POWER_SUPPLY_CHARGE_TERM_CURRENT=-100, POWER_SUPPLY_CAPACITY=81, DEVPATH=/devices/platform/soc/1c40000.qcom,spmi/spmi-0/spmi0-02/1c40000.qcom,spmi:qcom,pm7250b@2:qcom,qpnp-smb5-mmi/power_supply/battery, POWER_SUPPLY_CHARGE_TYPE=Fast, POWER_SUPPLY_INPUT_CURRENT_LIMIT=0, POWER_SUPPLY_CURRENT_NOW=1131897, POWER_SUPPLY_PRESENT=1, POWER_SUPPLY_CHARGE_FULL=5142000, POWER_SUPPLY_TIME_TO_FULL_NOW=6097, POWER_SUPPLY_CONSTANT_CHARGE_CURRENT=4000000, SUBSYSTEM=power_supply, POWER_SUPPLY_TEMP=341, ACTION=change, POWER_SUPPLY_NAME=battery, POWER_SUPPLY_VOLTAGE_MAX=-22, POWER_SUPPLY_CONSTANT_CHARGE_CURRENT_MAX=4000000, POWER_SUPPLY_CHARGE_COUNTER=4048810}
03-14 14:04:08.236  1901  3236 W libc    : Access denied finding property "persist.mot.dogfooding"
03-14 14:04:08.233  1901  1901 W HwBinder:1901_2: type=1400 audit(0.0:1380665): avc:  denied  { read } for  name="u:object_r:moto_df_prop:s0" dev="tmpfs" ino=11157 scontext=u:r:system_server:s0 tcontext=u:object_r:moto_df_prop:s0 tclass=file permissive=0
03-14 14:04:08.242  1901  3236 W libc    : Access denied finding property "persist.mot.dogfooding"
03-14 14:04:08.237  1901  1901 W HwBinder:1901_2: type=1400 audit(0.0:1380666): avc:  denied  { read } for  name="u:object_r:moto_df_prop:s0" dev="tmpfs" ino=11157 scontext=u:r:system_server:s0 tcontext=u:object_r:moto_df_prop:s0 tclass=file permissive=0
03-14 14:04:08.246  4006  5022 D PowerUI : can't show warning due to - plugged: true status unknown: false
03-14 14:04:08.249  1901  1901 V UiModeManager: updateLocked: null action, mDockState=0, category=null
03-14 14:04:08.249  1901  1901 D UiModeManager: updateConfigurationLocked: mDockState=0; mCarMode=false; mNightMode=2; mNightModeCustomType=-1; uiMode=33
03-14 14:04:08.250  4233  4233 D QtiCarrierConfigHelper: WARNING, no carrier configs on phone Id: 0
03-14 14:04:08.291  1407  4913 D vendor.qti.bluetooth@1.0-wake_lock: Release wakelock is released 
03-14 14:04:08.729  1901  1901 W HwBinder:1901_2: type=1400 audit(0.0:1380667): avc:  denied  { read } for  name="u:object_r:moto_df_prop:s0" dev="tmpfs" ino=11157 scontext=u:r:system_server:s0 tcontext=u:object_r:moto_df_prop:s0 tclass=file permissive=0
03-14 14:04:08.735  1901  3236 W libc    : Access denied finding property "persist.mot.dogfooding"
03-14 14:04:08.748  4006  4664 D PowerUI : can't show warning due to - plugged: true status unknown: false
03-14 14:04:08.749  1901  1901 V UiModeManager: updateLocked: null action, mDockState=0, category=null
03-14 14:04:08.749  1901  1901 D UiModeManager: updateConfigurationLocked: mDockState=0; mCarMode=false; mNightMode=2; mNightModeCustomType=-1; uiMode=33
03-14 14:04:08.750  4233  4233 D QtiCarrierConfigHelper: WARNING, no carrier configs on phone Id: 0
03-14 14:04:09.634  1407  5182 I vendor.qti.bluetooth@1.0-ibs_handler: ProcessIbsCmd: Received IBS_WAKE_IND: 0xFD
03-14 14:04:09.634  1407  5182 D vendor.qti.bluetooth@1.0-ibs_handler: SerialClockVote: vote for UART CLK ON
03-14 14:04:09.636  1407  5182 D vendor.qti.bluetooth@1.0-wake_lock: Acquire wakelock is acquired 
03-14 14:04:09.636  1407  5182 I vendor.qti.bluetooth@1.0-ibs_handler: ProcessIbsCmd: Writing IBS_WAKE_ACK
03-14 14:04:09.679  1407  5182 I vendor.qti.bluetooth@1.0-ibs_handler: ProcessIbsCmd: Received IBS_SLEEP_IND: 0xFE
03-14 14:04:09.679  1407  5182 D vendor.qti.bluetooth@1.0-ibs_handler: SerialClockVote: vote for UART CLK OFF
03-14 14:04:09.704  1407  5182 I vendor.qti.bluetooth@1.0-ibs_handler: ProcessIbsCmd: Received IBS_WAKE_IND: 0xFD
03-14 14:04:09.705  1407  5182 D vendor.qti.bluetooth@1.0-ibs_handler: SerialClockVote: vote for UART CLK ON
03-14 14:04:09.705  1407  5182 I vendor.qti.bluetooth@1.0-ibs_handler: ProcessIbsCmd: Writing IBS_WAKE_ACK
03-14 14:04:09.746  1407  5182 I vendor.qti.bluetooth@1.0-ibs_handler: ProcessIbsCmd: Received IBS_SLEEP_IND: 0xFE
03-14 14:04:09.746  1407  5182 D vendor.qti.bluetooth@1.0-ibs_handler: SerialClockVote: vote for UART CLK OFF
03-14 14:04:09.897  1407  4913 D vendor.qti.bluetooth@1.0-wake_lock: Release wakelock is released 
03-14 14:04:10.835  1404  3069 I slpi    : mn78_get_data_dri_befor: gpio_state=0 
03-14 14:04:10.836  1404  3069 I slpi    : mn78_sensor_read_als ag_stage=0, REG0x69=0x8, cmp h = 0x0, l = 0x8, int_flag = 0x4,cmp_rstn = 0x2, lock = 0x1,als_sat = 0x0,als channel 0 = 46,als channel 1 = 104,als channel 2= 3
03-14 14:04:10.836  1404  3069 I slpi    : mn78_get_data_dri_befor als: int_flag = 0x4  ps: int_flag = 0x0
03-14 14:04:10.836  1404  3069 I slpi    : mn78_set_lsensor_intr_threshold - rc=0, low_thd = 84, high_thd = 124
03-14 14:04:10.836  1404  3069 I slpi    : [lux_convert_to_lux]: lux_per_lux=973, new_lpc=223, lux=22 
03-14 14:04:10.837  1404  3069 I slpi    : mn78_sensor_als_report: lux=22, ch1=104, state->als_info.scale =973 
03-14 14:04:10.837  1404  3069 I slpi    : mn78_sensor_ps_report:state->ps_info.ps_last_report  = far , state->ps_info.pdata=1294,state->ps_info.cover_raw=1443,state->ps_info.uncover_raw=183,low_threshold=1817,high_threshold=2422
03-14 14:04:10.838  1404  3069 I slpi    : [mn78_sensor_als_report]: -------------------  lux=22, stage=0, ch0=46, ch1=104 
03-14 14:04:10.839  1404  3069 I slpi    : mn78_sensor_read_als ag_stage=0, REG0x69=0x8, cmp h = 0x0, l = 0x0, int_flag = 0x0,cmp_rstn = 0x2, lock = 0x0,als_sat = 0x0,als channel 0 = 46,als channel 1 = 104,als channel 2= 3
03-14 14:04:10.839  1404  3069 I slpi    : mn78_get_data_dri_after als: int_flag = 0x0  ps: int_flag = 0x0
03-14 14:04:10.840  1404  3069 I slpi    : mn78_get_data_dri_after: gpio_state=1 
03-14 14:04:10.940  1407  5182 I vendor.qti.bluetooth@1.0-ibs_handler: ProcessIbsCmd: Received IBS_WAKE_IND: 0xFD
03-14 14:04:10.940  1407  5182 D vendor.qti.bluetooth@1.0-ibs_handler: SerialClockVote: vote for UART CLK ON
03-14 14:04:10.941  1407  5182 D vendor.qti.bluetooth@1.0-wake_lock: Acquire wakelock is acquired 
03-14 14:04:10.941  1407  5182 I vendor.qti.bluetooth@1.0-ibs_handler: ProcessIbsCmd: Writing IBS_WAKE_ACK
03-14 14:04:11.004  1407  5182 I vendor.qti.bluetooth@1.0-ibs_handler: ProcessIbsCmd: Received IBS_SLEEP_IND: 0xFE
03-14 14:04:11.004  1407  5182 D vendor.qti.bluetooth@1.0-ibs_handler: SerialClockVote: vote for UART CLK OFF
03-14 14:04:11.028  1407  5182 I vendor.qti.bluetooth@1.0-ibs_handler: ProcessIbsCmd: Received IBS_WAKE_IND: 0xFD
03-14 14:04:11.029  1407  5182 D vendor.qti.bluetooth@1.0-ibs_handler: SerialClockVote: vote for UART CLK ON
03-14 14:04:11.029  1407  5182 I vendor.qti.bluetooth@1.0-ibs_handler: ProcessIbsCmd: Writing IBS_WAKE_ACK
03-14 14:04:11.038  1404  3069 I slpi    : mn78_get_data_dri_befor: gpio_state=0 
03-14 14:04:11.040  1404  3069 I slpi    : mn78_sensor_read_als ag_stage=0, REG0x69=0x8, cmp h = 0x0, l = 0x0, int_flag = 0x0,cmp_rstn = 0x2, lock = 0x0,als_sat = 0x0,als channel 0 = 46,als channel 1 = 104,als channel 2= 3
03-14 14:04:11.040  1404  3069 I slpi    : mn78_get_data_dri_befor als: int_flag = 0x0  ps: int_flag = 0x4
03-14 14:04:11.041  1404  3069 I slpi    : mn78_sensor_ps_report: -------------------  ps_status=near,ch0=54, ch1=5681
03-14 14:04:11.042  1404  3069 I slpi    : mn78_sensor_read_als ag_stage=0, REG0x69=0x8, cmp h = 0x0, l = 0x0, int_flag = 0x0,cmp_rstn = 0x2, lock = 0x0,als_sat = 0x0,als channel 0 = 46,als channel 1 = 104,als channel 2= 3
03-14 14:04:11.043  1404  3069 I slpi    : mn78_get_data_dri_after als: int_flag = 0x0  ps: int_flag = 0x0
03-14 14:04:11.043  1404  3069 I slpi    : mn78_get_data_dri_after: gpio_state=1 
03-14 14:04:11.056  1403  3242 V MotSpeakerHelperProximity: updated mCurProximityState: NEAR (0.000000)
03-14 14:04:11.056  1403  3242 V MotSpeakerHelperProximity: ThreadLoop event mProximityState = NEAR, previous FAR
03-14 14:04:11.070  1407  5182 I vendor.qti.bluetooth@1.0-ibs_handler: ProcessIbsCmd: Received IBS_SLEEP_IND: 0xFE
03-14 14:04:11.070  1407  5182 D vendor.qti.bluetooth@1.0-ibs_handler: SerialClockVote: vote for UART CLK OFF
03-14 14:04:11.220  1407  4913 D vendor.qti.bluetooth@1.0-wake_lock: Release wakelock is released 
03-14 14:04:11.236  1404  3069 I slpi    : mn78_get_data_dri_befor: gpio_state=0 
03-14 14:04:11.236  1404  3069 I slpi    : mn78_sensor_read_als ag_stage=0, REG0x69=0x8, cmp h = 0x0, l = 0x8, int_flag = 0x4,cmp_rstn = 0x2, lock = 0x1,als_sat = 0x0,als channel 0 = 38,als channel 1 = 48,als channel 2= 3
03-14 14:04:11.236  1404  3069 I slpi    : mn78_get_data_dri_befor als: int_flag = 0x4  ps: int_flag = 0x0
03-14 14:04:11.237  1404  3069 I slpi    : mn78_set_lsensor_intr_threshold - rc=0, low_thd = 39, high_thd = 57
03-14 14:04:11.237  1404  3069 I slpi    : [lux_convert_to_lux]: lux_per_lux=973, new_lpc=223, lux=13 
03-14 14:04:11.237  1404  3069 I slpi    : mn78_sensor_als_report: lux=13, ch1=48, state->als_info.scale =973 
03-14 14:04:11.238  1404  3069 I slpi    : mn78_sensor_ps_report:state->ps_info.ps_last_report  = near , state->ps_info.pdata=5681,state->ps_info.cover_raw=1443,state->ps_info.uncover_raw=183,low_threshold=1817,high_threshold=2422
03-14 14:04:11.241  1404  3069 I slpi    : [mn78_sensor_als_report]: -------------------  lux=13, stage=0, ch0=38, ch1=48 
03-14 14:04:11.242  1404  3069 I slpi    : mn78_sensor_read_als ag_stage=0, REG0x69=0x8, cmp h = 0x0, l = 0x0, int_flag = 0x0,cmp_rstn = 0x2, lock = 0x0,als_sat = 0x0,als channel 0 = 38,als channel 1 = 48,als channel 2= 3
