03-14 14:03:48.742  1901  2194 D ActivityManager: unfreezing ProcessRecord{1b243f1 26536:com.whatsapp/u0a51}, reason = unfreezeTemporarily, adj = 900, adjType = previous-expired, adjSource = null
03-14 14:03:48.748  1901  2194 D ActivityManager: sync unfroze 26536 com.whatsapp for 3
03-14 14:03:48.763  1901  2194 D CompatChangeReporter: Compat change id reported: 151861875; UID 10269; state: ENABLED
03-14 14:03:48.764  1901  2194 V GrammaticalInflectionUtils: AttributionSource: android.content.AttributionSource@a0ad81b8 does not have READ_SYSTEM_GRAMMATICAL_GENDER permission.
03-14 14:03:48.772  1901  3075 D CompatChangeReporter: Compat change id reported: 151861875; UID 10391; state: ENABLED
03-14 14:03:48.772  1901  3075 V GrammaticalInflectionUtils: AttributionSource: android.content.AttributionSource@70dcbd7e does not have READ_SYSTEM_GRAMMATICAL_GENDER permission.
03-14 14:03:48.778  1901  3075 D ActivityManager: unfreezing ProcessRecord{800a1e4 5651:com.google.android.apps.messaging/u0a183}, reason = unfreezeTemporarily, adj = 925, adjType = cch-empty, adjSource = null
03-14 14:03:48.779 26536 26602 D WM-NetworkStateTracker: Network connection lost
03-14 14:03:48.781  1901  3075 D ActivityManager: sync unfroze 5651 com.google.android.apps.messaging for 27
03-14 14:03:48.785  1314  1314 D Zygote  : Forked child process 6374
03-14 14:03:48.786  1901  2197 I ActivityManager: Start proc 6374:com.motorola.lifetimedata/u0a269 for broadcast {com.motorola.lifetimedata/com.motorola.lifetimedata.receiver.LifetimeDataReceiver}
03-14 14:03:48.793  1901  3031 W JobInfo : Job 'com.whatsapp/.alarmservice.AlarmService#3' has a deadline with no functional constraints. The deadline won't improve job execution latency. Consider removing the deadline.
03-14 14:03:48.795  1314  1314 D Zygote  : Forked child process 6375
03-14 14:03:48.800  1901  2197 I ActivityManager: Start proc 6375:com.jio.myjio/u0a391 for service {com.jio.myjio/androidx.work.impl.background.systemjob.SystemJobService}
03-14 14:03:48.806  1901  4090 W ProcessStats: Tracking association SourceState{20d68c6 system/1000 ImpBg #1143744} whose proc state 6 is better than process ProcessState{34a239d com.google.android.apps.messaging/10183 pkg=com.google.android.apps.messaging} proc state 13 (4 skipped)
03-14 14:03:48.810  6375  6375 I com.jio.myjio: Using CollectorTypeCC GC.
03-14 14:03:48.816  6374  6374 I la.lifetimedata: Using CollectorTypeCC GC.
03-14 14:03:48.817  6375  6375 D nativeloader: Load libframework-connectivity-tiramisu-jni.so using APEX ns com_android_tethering for caller /apex/com.android.tethering/javalib/framework-connectivity-t.jar: ok
03-14 14:03:48.821  5651  5788 I ForwardSyncCache: reclaimMemory: Clearing caches
03-14 14:03:48.822  6374  6374 D nativeloader: Load libframework-connectivity-tiramisu-jni.so using APEX ns com_android_tethering for caller /apex/com.android.tethering/javalib/framework-connectivity-t.jar: ok
03-14 14:03:48.826  5651  5788 W Bugle   : TextClassifierLibManagerImpl: Reclaiming memory at level: 40
03-14 14:03:48.835  6375  6375 D ApplicationLoaders: Returning zygote-cached class loader: /system/framework/org.apache.http.legacy.jar
03-14 14:03:48.835  6375  6375 D ApplicationLoaders: Returning zygote-cached class loader: /system_ext/framework/androidx.window.extensions.jar
03-14 14:03:48.835  6375  6375 D ApplicationLoaders: Returning zygote-cached class loader: /system_ext/framework/androidx.window.sidecar.jar
03-14 14:03:48.838  5651  5689 I BugleDataModel: ActionExecutorImpl: ACTION_EXECUTE_QUEUED_CountryCodeDetectorAction
03-14 14:03:48.840  5651  6410 I BugleDataModel: ExecuteActionRunnable: running action CountryCodeDetectorAction
03-14 14:03:48.841 26536 32534 W SQLiteLog: (28) double-quoted string literal: "20"
03-14 14:03:48.841 26536 32534 W SQLiteLog: (28) double-quoted string literal: "40"
03-14 14:03:48.843  5651  6410 I BugleDataModel: ActionExecutorImpl: ACTION_BACKGROUND_QUEUED_CountryCodeDetectorAction
03-14 14:03:48.849  5651  6414 I Bugle   : CountryCodeDetector: updateSmsNetworkCountry from default subscription network country. detected country: in
03-14 14:03:48.850  5651  6414 I BugleDataModel: ActionExecutorImpl: ACTION_RESPONSE_QUEUED_CountryCodeDetectorAction
03-14 14:03:48.860  5651  5788 I ForwardSyncCache: reclaimMemory: Clearing caches
03-14 14:03:48.860  1407  4913 D vendor.qti.bluetooth@1.0-wake_lock: Release wakelock is released 
03-14 14:03:48.861  5651  5788 W Bugle   : TextClassifierLibManagerImpl: Reclaiming memory at level: 40
03-14 14:03:48.933  6374  6374 D nativeloader: Configuring clns-shared-7 for other apk /system/framework/moto-settings.jar. target_sdk_version=35, uses_libraries=ALL, library_path=/system_ext/priv-app/LifetimeData/lib/arm64:/system/lib64:/system_ext/lib64, permitted_path=/data:/mnt/expand:/data/user/0/com.motorola.lifetimedata:/system_ext/priv-app/LifetimeData:/system/lib64:/system_ext/lib64
03-14 14:03:48.933  6374  6374 D nativeloader: Extending system_exposed_libraries: libbinauralrenderer_wrapper.qti.so:libhoaeffects.qti.so:libjni_helper.motocameradesktop.so:libimgTuner_jni.motoimagetuner.so:libupdateprof.qti.so:libdiag_system.qti.so:libqape.qti.so:libqesdk_ndk_platform.qti.so:liblistenjni.qti.so
03-14 14:03:48.937  6374  6374 D ApplicationLoaders: Returning zygote-cached class loader: /system_ext/framework/androidx.window.extensions.jar
03-14 14:03:48.937  6374  6374 D ApplicationLoaders: Returning zygote-cached class loader: /system_ext/framework/androidx.window.sidecar.jar
03-14 14:03:48.942  1901  3978 D FileUtils: Rounded bytes from 12096856064 to 16000000000
03-14 14:03:48.970  6374  6374 D nativeloader: Configuring clns-shared-8 for other apk /system_ext/priv-app/LifetimeData/LifetimeData.apk. target_sdk_version=35, uses_libraries=, library_path=/system_ext/priv-app/LifetimeData/lib/arm64:/system/lib64:/system_ext/lib64, permitted_path=/data:/mnt/expand:/data/user/0/com.motorola.lifetimedata:/system_ext/priv-app/LifetimeData:/system/lib64:/system_ext/lib64
03-14 14:03:48.973  6374  6374 D CompatChangeReporter: Compat change id reported: 202956589; UID 10269; state: ENABLED
03-14 14:03:49.103  6375  6375 W com.jio.myjio: Failed to find entry 'classes.dex': Entry not found
03-14 14:03:49.104  6375  6375 W com.jio.myjio: Failed to find entry 'classes.dex': Entry not found
03-14 14:03:49.105  6375  6375 D nativeloader: Configuring clns-7 for other apk /data/app/~~Y1Ul2JdHZPdlFJfwLQ34vA==/com.jio.myjio-WRUjMzv8wl6G1HQgRx9_0Q==/base.apk:/data/app/~~Y1Ul2JdHZPdlFJfwLQ34vA==/com.jio.myjio-WRUjMzv8wl6G1HQgRx9_0Q==/split_config.arm64_v8a.apk:/data/app/~~Y1Ul2JdHZPdlFJfwLQ34vA==/com.jio.myjio-WRUjMzv8wl6G1HQgRx9_0Q==/split_config.xxhdpi.apk. target_sdk_version=35, uses_libraries=, library_path=/data/app/~~Y1Ul2JdHZPdlFJfwLQ34vA==/com.jio.myjio-WRUjMzv8wl6G1HQgRx9_0Q==/lib/arm64:/data/app/~~Y1Ul2JdHZPdlFJfwLQ34vA==/com.jio.myjio-WRUjMzv8wl6G1HQgRx9_0Q==/base.apk!/lib/arm64-v8a:/data/app/~~Y1Ul2JdHZPdlFJfwLQ34vA==/com.jio.myjio-WRUjMzv8wl6G1HQgRx9_0Q==/split_config.arm64_v8a.apk!/lib/arm64-v8a:/data/app/~~Y1Ul2JdHZPdlFJfwLQ34vA==/com.jio.myjio-WRUjMzv8wl6G1HQgRx9_0Q==/split_config.xxhdpi.apk!/lib/arm64-v8a, permitted_path=/data:/mnt/expand:/data/user/0/com.jio.myjio
03-14 14:03:49.107  6375  6375 D CompatChangeReporter: Compat change id reported: 202956589; UID 10391; state: ENABLED
03-14 14:03:49.118  6375  6375 V GraphicsEnvironment: Currently set values for:
03-14 14:03:49.118  6375  6375 V GraphicsEnvironment:   angle_gl_driver_selection_pkgs=[]
03-14 14:03:49.118  6375  6375 V GraphicsEnvironment:   angle_gl_driver_selection_values=[]
03-14 14:03:49.118  6375  6375 V GraphicsEnvironment: Global.Settings values are invalid: number of packages: 0, number of values: 0
03-14 14:03:49.118  6375  6375 V GraphicsEnvironment: Neither updatable production driver nor prerelease driver is supported.
03-14 14:03:49.118  6374  6374 V GraphicsEnvironment: Currently set values for:
03-14 14:03:49.118  6374  6374 V GraphicsEnvironment:   angle_gl_driver_selection_pkgs=[]
03-14 14:03:49.118  6374  6374 V GraphicsEnvironment:   angle_gl_driver_selection_values=[]
03-14 14:03:49.118  6374  6374 V GraphicsEnvironment: Global.Settings values are invalid: number of packages: 0, number of values: 0
03-14 14:03:49.119  6374  6374 V GraphicsEnvironment: Neither updatable production driver nor prerelease driver is supported.
03-14 14:03:49.130  6374  6374 I Typeface: updateThemeFont new=RobotoSlab-Regular;old=sans-serif;new=RobotoSlab-Stacked;old=
03-14 14:03:49.131  1901  3978 I ActivityManager: Flag disabled. Ignoring finishAttachApplication from uid: 10269. pid: 6374
03-14 14:03:49.134  6374  6374 D CompatChangeReporter: Compat change id reported: 311402873; UID 10269; state: ENABLED
03-14 14:03:49.134  6374  6374 D CompatChangeReporter: Compat change id reported: 323349338; UID 10269; state: ENABLED
03-14 14:03:49.136  1901  3978 D CompatChangeReporter: Compat change id reported: 311402873; UID 10269; state: ENABLED
03-14 14:03:49.136  1901  3978 D CompatChangeReporter: Compat change id reported: 323349338; UID 10269; state: ENABLED
03-14 14:03:49.145  6375  6420 D ApplicationLoaders: Returning zygote-cached class loader: /system/framework/org.apache.http.legacy.jar
03-14 14:03:49.150  6375  6420 D nativeloader: Configuring clns-8 for other apk /system/framework/com.android.location.provider.jar. target_sdk_version=36, uses_libraries=ALL, library_path=/data/app/~~TB6D1zlCHQoq3EB-8btQmQ==/com.google.android.gms-RpjWCmW6KbnSzPxtEZsTvw==/lib/arm64:/data/app/~~TB6D1zlCHQoq3EB-8btQmQ==/com.google.android.gms-RpjWCmW6KbnSzPxtEZsTvw==/base.apk!/lib/arm64-v8a, permitted_path=/data:/mnt/expand:/data/user/0/com.google.android.gms
03-14 14:03:49.150  6375  6420 D nativeloader: Extending system_exposed_libraries: libbinauralrenderer_wrapper.qti.so:libhoaeffects.qti.so:libjni_helper.motocameradesktop.so:libimgTuner_jni.motoimagetuner.so:libupdateprof.qti.so:libdiag_system.qti.so:libqape.qti.so:libqesdk_ndk_platform.qti.so:liblistenjni.qti.so
03-14 14:03:49.157  6374  6427 E LifetimeData: TrafficStatsRepository: updateTrafficStats: no user consent for app usage access
03-14 14:03:49.157  6375  6420 D nativeloader: Configuring clns-9 for other apk /system/framework/com.android.media.remotedisplay.jar. target_sdk_version=36, uses_libraries=ALL, library_path=/data/app/~~TB6D1zlCHQoq3EB-8btQmQ==/com.google.android.gms-RpjWCmW6KbnSzPxtEZsTvw==/lib/arm64:/data/app/~~TB6D1zlCHQoq3EB-8btQmQ==/com.google.android.gms-RpjWCmW6KbnSzPxtEZsTvw==/base.apk!/lib/arm64-v8a, permitted_path=/data:/mnt/expand:/data/user/0/com.google.android.gms
03-14 14:03:49.157  6375  6420 D nativeloader: Extending system_exposed_libraries: libbinauralrenderer_wrapper.qti.so:libhoaeffects.qti.so:libjni_helper.motocameradesktop.so:libimgTuner_jni.motoimagetuner.so:libupdateprof.qti.so:libdiag_system.qti.so:libqape.qti.so:libqesdk_ndk_platform.qti.so:liblistenjni.qti.so
03-14 14:03:49.157  1901  3978 D ConnectivityService: requestNetwork for uid/pid:10391/6375 activeRequest: null callbackRequest: 53122 [NetworkRequest [ REQUEST id=53123, [ Capabilities: INTERNET&NOT_RESTRICTED&TRUSTED&NOT_VCN_MANAGED&NOT_BANDWIDTH_CONSTRAINED Uid: 10391 RequestorUid: 10391 RequestorPkg: com.jio.myjio UnderlyingNetworks: Null] ]] callback flags: 0 order: 2147483647 isUidTracked: false declaredMethods: AVAIL|LOST
03-14 14:03:49.159  1901  4090 D CompatChangeReporter: Compat change id reported: 311208629; UID 10269; state: ENABLED
03-14 14:03:49.160  6375  6420 D ApplicationLoaders: Returning zygote-cached class loader: /system_ext/framework/androidx.window.extensions.jar
03-14 14:03:49.160  6375  6420 D ApplicationLoaders: Returning zygote-cached class loader: /system_ext/framework/androidx.window.sidecar.jar
03-14 14:03:49.164  1901  3794 D WifiNetworkFactory: got request NetworkRequest [ REQUEST id=53123, [ Capabilities: INTERNET&NOT_RESTRICTED&TRUSTED&NOT_VCN_MANAGED&NOT_BANDWIDTH_CONSTRAINED Uid: 10391 RequestorUid: 10391 RequestorPkg: com.jio.myjio UnderlyingNetworks: Null] ]
03-14 14:03:49.164  6375  6422 W com.jio.myjio: ClassLoaderContext classpath size mismatch. expected=1, found=0 (DLC[];PCL[base.apk*2249926499]{PCL[/system/framework/org.apache.http.legacy.jar*437079508]#PCL[/system/framework/com.android.location.provider.jar*3414091812]#PCL[/system/framework/com.android.media.remotedisplay.jar*2042759013]#PCL[/system_ext/framework/androidx.window.extensions.jar*1953488467]#PCL[/system_ext/framework/androidx.window.sidecar.jar*1180937345]} | DLC[];PCL[])
03-14 14:03:49.164  1901  3794 D UntrustedWifiNetworkFactory: got request NetworkRequest [ REQUEST id=53123, [ Capabilities: INTERNET&NOT_RESTRICTED&TRUSTED&NOT_VCN_MANAGED&NOT_BANDWIDTH_CONSTRAINED Uid: 10391 RequestorUid: 10391 RequestorPkg: com.jio.myjio UnderlyingNetworks: Null] ]
03-14 14:03:49.165  1901  3794 D OemPaidWifiNetworkFactory: got request NetworkRequest [ REQUEST id=53123, [ Capabilities: INTERNET&NOT_RESTRICTED&TRUSTED&NOT_VCN_MANAGED&NOT_BANDWIDTH_CONSTRAINED Uid: 10391 RequestorUid: 10391 RequestorPkg: com.jio.myjio UnderlyingNetworks: Null] ]
03-14 14:03:49.166  1901  3794 D MultiInternetWifiNetworkFactory: got request NetworkRequest [ REQUEST id=53123, [ Capabilities: INTERNET&NOT_RESTRICTED&TRUSTED&NOT_VCN_MANAGED&NOT_BANDWIDTH_CONSTRAINED Uid: 10391 RequestorUid: 10391 RequestorPkg: com.jio.myjio UnderlyingNetworks: Null] ]
03-14 14:03:49.167  1901  3807 D ConnectivityService: NetReassign [no changes] [c 0] [a 1] [i 8]
03-14 14:03:49.172  1901 12076 I Telecom : TelecomServiceImpl$1: isInEmergencyCall: false: TSI.iIEC@URM
03-14 14:03:49.174  6375  6446 D CompatChangeReporter: Compat change id reported: 312399441; UID 10391; state: ENABLED
03-14 14:03:49.185  1901  4090 D FileUtils: Rounded bytes from 12096856064 to 16000000000
03-14 14:03:49.190  1901  4090 D FileUtils: Rounded bytes from 12096856064 to 16000000000
03-14 14:03:49.192  6375  6420 D nativeloader: Configuring clns-10 for other apk /data/app/~~TB6D1zlCHQoq3EB-8btQmQ==/com.google.android.gms-RpjWCmW6KbnSzPxtEZsTvw==/base.apk. target_sdk_version=36, uses_libraries=, library_path=/data/app/~~TB6D1zlCHQoq3EB-8btQmQ==/com.google.android.gms-RpjWCmW6KbnSzPxtEZsTvw==/lib/arm64:/data/app/~~TB6D1zlCHQoq3EB-8btQmQ==/com.google.android.gms-RpjWCmW6KbnSzPxtEZsTvw==/base.apk!/lib/arm64-v8a, permitted_path=/data:/mnt/expand:/data/user/0/com.google.android.gms
03-14 14:03:49.193  6375  6422 W System  : ClassLoader referenced unknown path: 
03-14 14:03:49.194  6375  6422 D nativeloader: Configuring clns-11 for other apk . target_sdk_version=36, uses_libraries=, library_path=/data/app/~~TB6D1zlCHQoq3EB-8btQmQ==/com.google.android.gms-RpjWCmW6KbnSzPxtEZsTvw==/lib/arm64:/data/app/~~TB6D1zlCHQoq3EB-8btQmQ==/com.google.android.gms-RpjWCmW6KbnSzPxtEZsTvw==/base.apk!/lib/arm64-v8a, permitted_path=/data:/mnt/expand:/data/user/0/com.google.android.gms
03-14 14:03:49.202  6375  6422 W com.jio.myjio: ClassLoaderContext classpath element checksum mismatch. expected=2249926499, found=4105391352 (DLC[];PCL[base.apk*2249926499]{PCL[/system/framework/org.apache.http.legacy.jar*437079508]#PCL[/system/framework/com.android.location.provider.jar*3414091812]#PCL[/system/framework/com.android.media.remotedisplay.jar*2042759013]#PCL[/system_ext/framework/androidx.window.extensions.jar*1953488467]#PCL[/system_ext/framework/androidx.window.sidecar.jar*1180937345]} | DLC[];PCL[/data/app/~~Y1Ul2JdHZPdlFJfwLQ34vA==/com.jio.myjio-WRUjMzv8wl6G1HQgRx9_0Q==/base.apk*4105391352]{PCL[/system/framework/org.apache.http.legacy.jar*437079508]#PCL[/system_ext/framework/androidx.window.extensions.jar*1953488467]#PCL[/system_ext/framework/androidx.window.sidecar.jar*1180937345]})
03-14 14:03:49.206  6375  6375 D CompatChangeReporter: Compat change id reported: 279646685; UID 10391; state: ENABLED
03-14 14:03:49.230  6375  6375 I Typeface: updateThemeFont new=RobotoSlab-Regular;old=sans-serif;new=RobotoSlab-Stacked;old=
03-14 14:03:49.233  1901  3978 I ActivityManager: Flag disabled. Ignoring finishAttachApplication from uid: 10391. pid: 6375
03-14 14:03:49.242 25173  5498 I PhenotypeResourceReader: unable to find any Phenotype resource metadata for com.jio.myjio
03-14 14:03:49.258  1901 12984 D CompatChangeReporter: Compat change id reported: 311208629; UID 10391; state: ENABLED
03-14 14:03:49.269  6375  6472 E com.jio.myjio: No package ID 6a found for resource ID 0x6a0b0013.
03-14 14:03:49.271  6375  6472 I FA      : App measurement initialized, version: 157000
03-14 14:03:49.271  6375  6472 I FA      : To enable debug logging run: adb shell setprop log.tag.FA VERBOSE
03-14 14:03:49.271  6375  6472 I FA      : To enable faster debug mode event logging run:
03-14 14:03:49.271  6375  6472 I FA      :   adb shell setprop debug.firebase.analytics.app com.jio.myjio
03-14 14:03:49.272  6375  6467 D CompatChangeReporter: Compat change id reported: 311402873; UID 10391; state: ENABLED
03-14 14:03:49.272  6375  6467 D CompatChangeReporter: Compat change id reported: 323349338; UID 10391; state: ENABLED
03-14 14:03:49.273  1901 12984 D CompatChangeReporter: Compat change id reported: 311402873; UID 10391; state: ENABLED
03-14 14:03:49.273  1901 12984 D CompatChangeReporter: Compat change id reported: 323349338; UID 10391; state: ENABLED
03-14 14:03:49.280  1901  3978 D ConnectivityService: requestNetwork for uid/pid:10391/6375 activeRequest: null callbackRequest: 53124 [NetworkRequest [ REQUEST id=53125, [ Capabilities: INTERNET&NOT_RESTRICTED&TRUSTED&NOT_VCN_MANAGED&NOT_BANDWIDTH_CONSTRAINED Uid: 10391 RequestorUid: 10391 RequestorPkg: com.jio.myjio UnderlyingNetworks: Null] ]] callback flags: 0 order: 2147483647 isUidTracked: false declaredMethods: AVAIL|LOST|NC
03-14 14:03:49.282  6375  6375 W IPCThreadState: Transaction failed because process frozen.
03-14 14:03:49.282  6375  6375 E JavaBinder: !!! FAILED BINDER TRANSACTION !!!  (parcel size = 308)
03-14 14:03:49.282  1901 12984 W ActivityManager: pid 6375 com.jio.myjio sent binder code 46 with flags 2 to frozen apps and got error -2147483646
03-14 14:03:49.283  6375  6375 W GmsClient: IGmsServiceBroker.getService failed
03-14 14:03:49.283  6375  6375 W GmsClient: android.os.DeadObjectException: Transaction failed on small parcel; remote process probably died, but this could also be caused by running out of binder buffer space
03-14 14:03:49.283  6375  6375 W GmsClient: 	at android.os.BinderProxy.transactNative(Native Method)
03-14 14:03:49.283  6375  6375 W GmsClient: 	at android.os.BinderProxy.transact(BinderProxy.java:588)
03-14 14:03:49.283  6375  6375 W GmsClient: 	at m7.gb.m(:com.google.android.gms.dynamite_measurementdynamite@260931035@26.09.31 (260400-0):180)
03-14 14:03:49.283  6375  6375 W GmsClient: 	at m7.fy.a(:com.google.android.gms.dynamite_measurementdynamite@260931035@26.09.31 (260400-0):14)
03-14 14:03:49.283  6375  6375 W GmsClient: 	at m7.ga.b(:com.google.android.gms.dynamite_measurementdynamite@260931035@26.09.31 (260400-0):7)
03-14 14:03:49.283  6375  6375 W GmsClient: 	at m7.fr.c(:com.google.android.gms.dynamite_measurementdynamite@260931035@26.09.31 (260400-0):7)
03-14 14:03:49.283  6375  6375 W GmsClient: 	at m7.fu.handleMessage(:com.google.android.gms.dynamite_measurementdynamite@260931035@26.09.31 (260400-0):264)
03-14 14:03:49.283  6375  6375 W GmsClient: 	at android.os.Handler.dispatchMessage(Handler.java:112)
03-14 14:03:49.283  6375  6375 W GmsClient: 	at android.os.Looper.loopOnce(Looper.java:268)
03-14 14:03:49.283  6375  6375 W GmsClient: 	at android.os.Looper.loop(Looper.java:384)
03-14 14:03:49.283  6375  6375 W GmsClient: 	at android.app.ActivityThread.main(ActivityThread.java:8936)
03-14 14:03:49.283  6375  6375 W GmsClient: 	at java.lang.reflect.Method.invoke(Native Method)
03-14 14:03:49.283  6375  6375 W GmsClient: 	at com.android.internal.os.RuntimeInit$MethodAndArgsCaller.run(RuntimeInit.java:580)
03-14 14:03:49.283  6375  6375 W GmsClient: 	at com.android.internal.os.ZygoteInit.main(ZygoteInit.java:907)
03-14 14:03:49.283  1901  2194 I ActivityManager: Killing 5297:com.google.android.gms/u0a179 (adj 915, setSvc -10000): Sync transaction while frozen
03-14 14:03:49.285  1901  3794 D WifiNetworkFactory: got request NetworkRequest [ REQUEST id=53125, [ Capabilities: INTERNET&NOT_RESTRICTED&TRUSTED&NOT_VCN_MANAGED&NOT_BANDWIDTH_CONSTRAINED Uid: 10391 RequestorUid: 10391 RequestorPkg: com.jio.myjio UnderlyingNetworks: Null] ]
03-14 14:03:49.286   694   694 I hwservicemanager: getTransport: Cannot find entry vendor.qti.hardware.iop@2.0::IIop/default in either framework or device VINTF manifest.
03-14 14:03:49.287  1901  3794 D UntrustedWifiNetworkFactory: got request NetworkRequest [ REQUEST id=53125, [ Capabilities: INTERNET&NOT_RESTRICTED&TRUSTED&NOT_VCN_MANAGED&NOT_BANDWIDTH_CONSTRAINED Uid: 10391 RequestorUid: 10391 RequestorPkg: com.jio.myjio UnderlyingNetworks: Null] ]
03-14 14:03:49.288  1901  3794 D OemPaidWifiNetworkFactory: got request NetworkRequest [ REQUEST id=53125, [ Capabilities: INTERNET&NOT_RESTRICTED&TRUSTED&NOT_VCN_MANAGED&NOT_BANDWIDTH_CONSTRAINED Uid: 10391 RequestorUid: 10391 RequestorPkg: com.jio.myjio UnderlyingNetworks: Null] ]
03-14 14:03:49.289  1901  3794 D MultiInternetWifiNetworkFactory: got request NetworkRequest [ REQUEST id=53125, [ Capabilities: INTERNET&NOT_RESTRICTED&TRUSTED&NOT_VCN_MANAGED&NOT_BANDWIDTH_CONSTRAINED Uid: 10391 RequestorUid: 10391 RequestorPkg: com.jio.myjio UnderlyingNetworks: Null] ]
03-14 14:03:49.290  1901  3807 D ConnectivityService: NetReassign [no changes] [c 0] [a 1] [i 7]
03-14 14:03:49.293  1901 12984 I Telecom : TelecomServiceImpl$1: isInEmergencyCall: false: TSI.iIEC@URQ
03-14 14:03:49.430  1901  1987 I ActivityManager: appDiedLocked: app=ProcessRecord{13c7161 5297:com.google.android.gms/u0a179} thread=android.os.BinderProxy@287cee5 fromBinderDied=true isKilledByAm=true reason=null
03-14 14:03:49.431  1314  1314 I Zygote  : Process 5297 exited due to signal 9 (Killed)
03-14 14:03:49.431  1901  2320 I libprocessgroup: Removed cgroup /sys/fs/cgroup/uid_10179/pid_5297
03-14 14:03:49.432  1901  2320 W libprocessgroup: RemoveCgroup: /dev/memcg/apps/uid_10179/pid_5297 does not exist.
03-14 14:03:49.434  1901  1987 D ActivityManager: unfreezing ProcessRecord{95b46 1926:com.android.vending/u0a210}, reason = unfreezeTemporarily, adj = 915, adjType = service, adjSource = ProcessRecord{13c7161 5297:com.google.android.gms/u0a179}
03-14 14:03:49.436  1901  1987 D ActivityManager: sync unfroze 1926 com.android.vending for 27
03-14 14:03:49.437  1901  1987 I ActivityManager: Killing 24658:com.google.android.webview:sandboxed_process0:org.chromium.content.app.SandboxedProcessService0:0/u0a179i596 (adj 0, setSvc -10000): isolated not needed
03-14 14:03:49.437  1926  1926 I Finsky  : [2] Memory trim requested to level 40
03-14 14:03:49.437  1926  1926 I Finsky  : [2] Flushing in-memory image cache
03-14 14:03:49.439   694   694 I hwservicemanager: getTransport: Cannot find entry vendor.qti.hardware.iop@2.0::IIop/default in either framework or device VINTF manifest.
03-14 14:03:49.443  1901  1987 W ActivityManager: Scheduling restart of crashed service com.google.android.gms/.chimera.GmsApiService in 1000ms for connection
03-14 14:03:49.443  1901  1987 W ActivityManager: Scheduling restart of crashed service com.google.android.gms/.measurement.service.MeasurementBrokerService in 11000ms for connection
03-14 14:03:49.443  1901  1987 W ActivityManager: Scheduling restart of crashed service com.google.android.gms/.ads.identifier.service.AdvertisingIdService in 21000ms for connection
03-14 14:03:49.443  1901  1987 D RestartModeController: markWaitRestartAppIsSuicided null processName=com.google.android.gms
03-14 14:03:49.443  1901  1987 D ActivityTaskManager: handleAppDied: uid=10179,diedCount=1,lastDiedTime=381305195,forceStopUids=false
03-14 14:03:49.445  1926  1926 I Finsky  : [2] Memory trim requested to level 40
03-14 14:03:49.445  1926  1926 I Finsky  : [2] Flushing in-memory image cache
03-14 14:03:49.487  1901 11553 I ActivityManager: appDiedLocked: app=ProcessRecord{b579f51 24658:com.google.android.webview:sandboxed_process0:org.chromium.content.app.SandboxedProcessService0:0/u0a179i596} thread=android.os.BinderProxy@efb0dba fromBinderDied=true isKilledByAm=true reason=null
03-14 14:03:49.489 20239 20239 I Zygote  : Process 24658 exited cleanly (0)
03-14 14:03:49.489  1901  2156 D DisplayManagerService: Drop pending events for gone uid 99596
03-14 14:03:49.489  1901  2320 I libprocessgroup: Removed cgroup /sys/fs/cgroup/uid_99596/pid_24658
03-14 14:03:49.490  1901  2320 W libprocessgroup: RemoveCgroup: /dev/memcg/apps/uid_99596/pid_24658 does not exist.
03-14 14:03:49.490  1901 11553 D ActivityTaskManager: handleAppDied: uid=99596,diedCount=0,lastDiedTime=0,forceStopUids=false
03-14 14:03:49.989  1407  5182 I vendor.qti.bluetooth@1.0-ibs_handler: ProcessIbsCmd: Received IBS_WAKE_IND: 0xFD
03-14 14:03:49.989  1407  5182 D vendor.qti.bluetooth@1.0-ibs_handler: SerialClockVote: vote for UART CLK ON
03-14 14:03:49.990  1407  5182 D vendor.qti.bluetooth@1.0-wake_lock: Acquire wakelock is acquired 
03-14 14:03:49.990  1407  5182 I vendor.qti.bluetooth@1.0-ibs_handler: ProcessIbsCmd: Writing IBS_WAKE_ACK
03-14 14:03:50.017  1901  6790 D FileUtils: Rounded bytes from 12096856064 to 16000000000
03-14 14:03:50.029  1901  6790 D CompatChangeReporter: Compat change id reported: 297989574; UID 10391; state: ENABLED
03-14 14:03:50.126  1407  5182 I vendor.qti.bluetooth@1.0-ibs_handler: ProcessIbsCmd: Received IBS_SLEEP_IND: 0xFE
03-14 14:03:50.126  1407  5182 D vendor.qti.bluetooth@1.0-ibs_handler: SerialClockVote: vote for UART CLK OFF
03-14 14:03:50.277  1407  4913 D vendor.qti.bluetooth@1.0-wake_lock: Release wakelock is released 
03-14 14:03:50.449  1901  2188 W MotoBatteryCareService: uid: 10179 pkgName:com.google.android.gms come to foreground
03-14 14:03:50.449  1901  2188 W MotoBatteryCareService: uid: 10179 pkgName:com.google.android.gsf come to foreground
03-14 14:03:50.464  1314  1314 D Zygote  : Forked child process 6569
03-14 14:03:50.465  1901  2197 I ActivityManager: Start proc 6569:com.google.android.gms/u0a179 for service {com.google.android.gms/com.google.android.gms.chimera.GmsApiService}
03-14 14:03:50.496  6569  6569 I gle.android.gms: Using CollectorTypeCC GC.
03-14 14:03:50.503  6569  6569 D nativeloader: Load libframework-connectivity-tiramisu-jni.so using APEX ns com_android_tethering for caller /apex/com.android.tethering/javalib/framework-connectivity-t.jar: ok
03-14 14:03:50.526  6569  6569 D ApplicationLoaders: Returning zygote-cached class loader: /system/framework/org.apache.http.legacy.jar
03-14 14:03:50.531  6569  6569 D nativeloader: Configuring clns-7 for other apk /system/framework/com.android.location.provider.jar. target_sdk_version=36, uses_libraries=ALL, library_path=/data/app/~~TB6D1zlCHQoq3EB-8btQmQ==/com.google.android.gms-RpjWCmW6KbnSzPxtEZsTvw==/lib/arm64:/data/app/~~TB6D1zlCHQoq3EB-8btQmQ==/com.google.android.gms-RpjWCmW6KbnSzPxtEZsTvw==/base.apk!/lib/arm64-v8a, permitted_path=/data:/mnt/expand:/data/user/0/com.google.android.gms
03-14 14:03:50.531  6569  6569 D nativeloader: Extending system_exposed_libraries: libbinauralrenderer_wrapper.qti.so:libhoaeffects.qti.so:libjni_helper.motocameradesktop.so:libimgTuner_jni.motoimagetuner.so:libupdateprof.qti.so:libdiag_system.qti.so:libqape.qti.so:libqesdk_ndk_platform.qti.so:liblistenjni.qti.so
03-14 14:03:50.538  6569  6569 D nativeloader: Configuring clns-8 for other apk /system/framework/com.android.media.remotedisplay.jar. target_sdk_version=36, uses_libraries=ALL, library_path=/data/app/~~TB6D1zlCHQoq3EB-8btQmQ==/com.google.android.gms-RpjWCmW6KbnSzPxtEZsTvw==/lib/arm64:/data/app/~~TB6D1zlCHQoq3EB-8btQmQ==/com.google.android.gms-RpjWCmW6KbnSzPxtEZsTvw==/base.apk!/lib/arm64-v8a, permitted_path=/data:/mnt/expand:/data/user/0/com.google.android.gms
03-14 14:03:50.538  6569  6569 D nativeloader: Extending system_exposed_libraries: libbinauralrenderer_wrapper.qti.so:libhoaeffects.qti.so:libjni_helper.motocameradesktop.so:libimgTuner_jni.motoimagetuner.so:libupdateprof.qti.so:libdiag_system.qti.so:libqape.qti.so:libqesdk_ndk_platform.qti.so:liblistenjni.qti.so
03-14 14:03:50.540  6569  6569 D ApplicationLoaders: Returning zygote-cached class loader: /system_ext/framework/androidx.window.extensions.jar
03-14 14:03:50.540  6569  6569 D ApplicationLoaders: Returning zygote-cached class loader: /system_ext/framework/androidx.window.sidecar.jar
03-14 14:03:50.824 30472 30598 I ThermalEngine: ACTION: override_c - Setting override_c to 0
03-14 14:03:50.824 30472 30598 I ThermalEngine: Monitor:INACTIVE:OVERRIDE-CHG:internal_override=1:DETECT-STANDBY=0
03-14 14:03:50.824 30472 30597 I ThermalEngine: Thermal-Server: Thermal received msg from  override_c
03-14 14:03:50.824 30472  6582 I Thermal-Lib: Thermal-Lib-Client: Client request sent
03-14 14:03:50.834  6569  6569 D nativeloader: Configuring clns-9 for other apk /data/app/~~TB6D1zlCHQoq3EB-8btQmQ==/com.google.android.gms-RpjWCmW6KbnSzPxtEZsTvw==/base.apk. target_sdk_version=36, uses_libraries=, library_path=/data/app/~~TB6D1zlCHQoq3EB-8btQmQ==/com.google.android.gms-RpjWCmW6KbnSzPxtEZsTvw==/lib/arm64:/data/app/~~TB6D1zlCHQoq3EB-8btQmQ==/com.google.android.gms-RpjWCmW6KbnSzPxtEZsTvw==/base.apk!/lib/arm64-v8a, permitted_path=/data:/mnt/expand:/data/user/0/com.google.android.gms
03-14 14:03:50.856  6569  6569 V GraphicsEnvironment: Currently set values for:
03-14 14:03:50.856  6569  6569 V GraphicsEnvironment:   angle_gl_driver_selection_pkgs=[]
03-14 14:03:50.856  6569  6569 V GraphicsEnvironment:   angle_gl_driver_selection_values=[]
03-14 14:03:50.856  6569  6569 V GraphicsEnvironment: Global.Settings values are invalid: number of packages: 0, number of values: 0
03-14 14:03:50.856  6569  6569 V GraphicsEnvironment: Neither updatable production driver nor prerelease driver is supported.
03-14 14:03:50.924  6569  6569 W ProviderHelper: Unknown dynamite feature providerinstaller.dynamite
03-14 14:03:50.924  6569  6569 I DynamiteModule: Considering local module com.google.android.gms.providerinstaller.dynamite:1 and remote module com.google.android.gms.providerinstaller.dynamite:0
03-14 14:03:50.924  6569  6569 I DynamiteModule: Selected local version of com.google.android.gms.providerinstaller.dynamite
03-14 14:03:50.945  6569  6569 D nativeloader: Load /data/app/~~TB6D1zlCHQoq3EB-8btQmQ==/com.google.android.gms-RpjWCmW6KbnSzPxtEZsTvw==/base.apk!/lib/arm64-v8a/libconscrypt_gmscore_jni.so using class loader ns clns-9 (caller=/data/app/~~TB6D1zlCHQoq3EB-8btQmQ==/com.google.android.gms-RpjWCmW6KbnSzPxtEZsTvw==/base.apk): ok
03-14 14:03:50.945  6569  6569 V NativeCrypto: Registering com/google/android/gms/org/conscrypt/NativeCrypto's 334 native methods...
03-14 14:03:50.970  6569  6569 I ProviderInstaller: Installed default security provider GmsCore_OpenSSL
03-14 14:03:50.975  6569  6602 I Watchcat: Started
03-14 14:03:50.977  6569  6569 I Typeface: updateThemeFont new=RobotoSlab-Regular;old=sans-serif;new=RobotoSlab-Stacked;old=
03-14 14:03:50.979  1901  1987 I ActivityManager: Flag disabled. Ignoring finishAttachApplication from uid: 10179. pid: 6569
03-14 14:03:50.979  6569  6602 I GMS_MM_Logger: (REDACTED) Start time: %s
03-14 14:03:50.979  6569  6602 I GMS_MM_Logger: Started.
03-14 14:03:50.987  6569  6569 D BoundBrokerSvc: onBind: Intent { act=com.google.android.gms.potokens.service.START dat=chimera-action:/... cmp=com.google.android.gms/.chimera.GmsApiService }
03-14 14:03:50.987  6569  6569 D BoundBrokerSvc: Loading bound service for intent: Intent { act=com.google.android.gms.potokens.service.START dat=chimera-action:/... cmp=com.google.android.gms/.chimera.GmsApiService }
03-14 14:03:50.997  6569  6569 D BoundBrokerSvc: onBind: Intent { act=com.google.android.gms.appset.service.START dat=chimera-action:/... cmp=com.google.android.gms/.chimera.GmsApiService }
03-14 14:03:50.997  6569  6569 D BoundBrokerSvc: Loading bound service for intent: Intent { act=com.google.android.gms.appset.service.START dat=chimera-action:/... cmp=com.google.android.gms/.chimera.GmsApiService }
03-14 14:03:51.009  6569  6569 D BoundBrokerSvc: onBind: Intent { act=com.google.android.gms.measurement.START pkg=com.google.android.gms }
03-14 14:03:51.009  6569  6569 D BoundBrokerSvc: Loading bound service for intent: Intent { act=com.google.android.gms.measurement.START pkg=com.google.android.gms }
03-14 14:03:51.014  1926  1926 I Finsky  : [2] Memory trim requested to level 40
03-14 14:03:51.014  1926  1926 I Finsky  : [2] Flushing in-memory image cache
03-14 14:03:51.039  1926  1926 I Finsky  : [2] Memory trim requested to level 40
03-14 14:03:51.039  1926  1926 I Finsky  : [2] Flushing in-memory image cache
03-14 14:03:51.436  1407  5182 I vendor.qti.bluetooth@1.0-ibs_handler: ProcessIbsCmd: Received IBS_WAKE_IND: 0xFD
03-14 14:03:51.436  1407  5182 D vendor.qti.bluetooth@1.0-ibs_handler: SerialClockVote: vote for UART CLK ON
03-14 14:03:51.437  1407  5182 D vendor.qti.bluetooth@1.0-wake_lock: Acquire wakelock is acquired 
03-14 14:03:51.437  1407  5182 I vendor.qti.bluetooth@1.0-ibs_handler: ProcessIbsCmd: Writing IBS_WAKE_ACK
03-14 14:03:51.501  1407  5182 I vendor.qti.bluetooth@1.0-ibs_handler: ProcessIbsCmd: Received IBS_SLEEP_IND: 0xFE
03-14 14:03:51.501  1407  5182 D vendor.qti.bluetooth@1.0-ibs_handler: SerialClockVote: vote for UART CLK OFF
03-14 14:03:51.515  1407  5182 I vendor.qti.bluetooth@1.0-ibs_handler: ProcessIbsCmd: Received IBS_WAKE_IND: 0xFD
03-14 14:03:51.515  1407  5182 D vendor.qti.bluetooth@1.0-ibs_handler: SerialClockVote: vote for UART CLK ON
03-14 14:03:51.515  1407  5182 I vendor.qti.bluetooth@1.0-ibs_handler: ProcessIbsCmd: Writing IBS_WAKE_ACK
03-14 14:03:51.559  1407  5182 I vendor.qti.bluetooth@1.0-ibs_handler: ProcessIbsCmd: Received IBS_SLEEP_IND: 0xFE
03-14 14:03:51.559  1407  5182 D vendor.qti.bluetooth@1.0-ibs_handler: SerialClockVote: vote for UART CLK OFF
03-14 14:03:51.709  1407  4913 D vendor.qti.bluetooth@1.0-wake_lock: Release wakelock is released 
03-14 14:03:51.826 30472 30598 I ThermalEngine: Monitor:ACTIVE:OVERRIDE-CHG:internal_override=1:DETECT-STANDBY=1
03-14 14:03:51.827 30472 30598 I ThermalEngine: ACTION: override_c - Setting override_c to 1
03-14 14:03:51.828 30472 30597 I ThermalEngine: Thermal-Server: Thermal received msg from  override_c
03-14 14:03:51.828 30472  6607 I Thermal-Lib: Thermal-Lib-Client: Client request sent
03-14 14:03:52.389  1901  1901 W HwBinder:1901_2: type=1400 audit(0.0:1380656): avc:  denied  { read } for  name="u:object_r:moto_df_prop:s0" dev="tmpfs" ino=11157 scontext=u:r:system_server:s0 tcontext=u:object_r:moto_df_prop:s0 tclass=file permissive=0
03-14 14:03:52.393  1901  3236 W libc    : Access denied finding property "persist.mot.dogfooding"
03-14 14:03:52.398  4006  4788 D PowerUI : can't show warning due to - plugged: true status unknown: false
03-14 14:03:52.402  1901  1901 V UiModeManager: updateLocked: null action, mDockState=0, category=null
03-14 14:03:52.402  1901  1901 D UiModeManager: updateConfigurationLocked: mDockState=0; mCarMode=false; mNightMode=2; mNightModeCustomType=-1; uiMode=33
03-14 14:03:52.403  4233  4233 D QtiCarrierConfigHelper: WARNING, no carrier configs on phone Id: 0
03-14 14:03:52.694  1407  5182 I vendor.qti.bluetooth@1.0-ibs_handler: ProcessIbsCmd: Received IBS_WAKE_IND: 0xFD
03-14 14:03:52.694  1407  5182 D vendor.qti.bluetooth@1.0-ibs_handler: SerialClockVote: vote for UART CLK ON
03-14 14:03:52.696  1407  5182 D vendor.qti.bluetooth@1.0-wake_lock: Acquire wakelock is acquired 
03-14 14:03:52.696  1407  5182 I vendor.qti.bluetooth@1.0-ibs_handler: ProcessIbsCmd: Writing IBS_WAKE_ACK
03-14 14:03:52.738  1407  5182 I vendor.qti.bluetooth@1.0-ibs_handler: ProcessIbsCmd: Received IBS_SLEEP_IND: 0xFE
03-14 14:03:52.738  1407  5182 D vendor.qti.bluetooth@1.0-ibs_handler: SerialClockVote: vote for UART CLK OFF
03-14 14:03:52.794  1407  5182 I vendor.qti.bluetooth@1.0-ibs_handler: ProcessIbsCmd: Received IBS_WAKE_IND: 0xFD
03-14 14:03:52.794  1407  5182 D vendor.qti.bluetooth@1.0-ibs_handler: SerialClockVote: vote for UART CLK ON
03-14 14:03:52.794  1407  5182 I vendor.qti.bluetooth@1.0-ibs_handler: ProcessIbsCmd: Writing IBS_WAKE_ACK
03-14 14:03:52.835  1407  5182 I vendor.qti.bluetooth@1.0-ibs_handler: ProcessIbsCmd: Received IBS_SLEEP_IND: 0xFE
03-14 14:03:52.835  1407  5182 D vendor.qti.bluetooth@1.0-ibs_handler: SerialClockVote: vote for UART CLK OFF
03-14 14:03:52.853  1901  3067 D BatteryService: uevent={POWER_SUPPLY_VOLTAGE_NOW=4392957, POWER_SUPPLY_CHARGE_CONTROL_LIMIT_MAX=7, POWER_SUPPLY_TYPE=Battery, POWER_SUPPLY_HEALTH=Good, POWER_SUPPLY_TECHNOLOGY=Li-ion, POWER_SUPPLY_CHARGE_FULL_DESIGN=5142000, SEQNUM=868399, POWER_SUPPLY_CHARGE_CONTROL_LIMIT=0, POWER_SUPPLY_STATUS=Charging, POWER_SUPPLY_CURRENT_MAX=4000000, POWER_SUPPLY_CYCLE_COUNT=303, POWER_SUPPLY_CHARGE_TERM_CURRENT=-100, POWER_SUPPLY_CAPACITY=81, DEVPATH=/devices/platform/soc/1c40000.qcom,spmi/spmi-0/spmi0-02/1c40000.qcom,spmi:qcom,pm7250b@2:qcom,qpnp-smb5-mmi/power_supply/battery, POWER_SUPPLY_CHARGE_TYPE=Fast, POWER_SUPPLY_CHARGE_RATE=Normal, POWER_SUPPLY_INPUT_CURRENT_LIMIT=0, POWER_SUPPLY_CURRENT_NOW=1218262, POWER_SUPPLY_PRESENT=1, POWER_SUPPLY_CHARGE_FULL=5142000, POWER_SUPPLY_TIME_TO_FULL_NOW=6099, POWER_SUPPLY_CONSTANT_CHARGE_CURRENT=4000000, SUBSYSTEM=power_supply, POWER_SUPPLY_TEMP=341, ACTION=change, POWER_SUPPLY_NAME=battery, POWER_SUPPLY_VOLTAGE_MAX=-22, POWER_SUPPLY_CONSTANT_CHARGE_CURRENT_MAX=4000000, POWER_SUPPLY_CHARGE_COUNTER=4048810}
03-14 14:03:52.856  1901  3067 D BatteryService: uevent={POWER_SUPPLY_VOLTAGE_NOW=4392957, POWER_SUPPLY_CHARGE_CONTROL_LIMIT_MAX=7, POWER_SUPPLY_TYPE=Battery, POWER_SUPPLY_HEALTH=Good, POWER_SUPPLY_TECHNOLOGY=Li-ion, POWER_SUPPLY_CHARGE_FULL_DESIGN=5142000, SEQNUM=868400, POWER_SUPPLY_CHARGE_CONTROL_LIMIT=0, POWER_SUPPLY_STATUS=Charging, POWER_SUPPLY_CURRENT_MAX=4000000, POWER_SUPPLY_CYCLE_COUNT=303, POWER_SUPPLY_CHARGE_TERM_CURRENT=-100, POWER_SUPPLY_CAPACITY=81, DEVPATH=/devices/platform/soc/1c40000.qcom,spmi/spmi-0/spmi0-02/1c40000.qcom,spmi:qcom,pm7250b@2:qcom,qpnp-smb5-mmi/power_supply/battery, POWER_SUPPLY_CHARGE_TYPE=Fast, POWER_SUPPLY_INPUT_CURRENT_LIMIT=0, POWER_SUPPLY_CURRENT_NOW=1218262, POWER_SUPPLY_PRESENT=1, POWER_SUPPLY_CHARGE_FULL=5142000, POWER_SUPPLY_TIME_TO_FULL_NOW=6099, POWER_SUPPLY_CONSTANT_CHARGE_CURRENT=4000000, SUBSYSTEM=power_supply, POWER_SUPPLY_TEMP=341, ACTION=change, POWER_SUPPLY_NAME=battery, POWER_SUPPLY_VOLTAGE_MAX=-22, POWER_SUPPLY_CONSTANT_CHARGE_CURRENT_MAX=4000000, POWER_SUPPLY_CHARGE_COUNTER=4048810}
03-14 14:03:52.861  1901  1901 W HwBinder:1901_2: type=1400 audit(0.0:1380657): avc:  denied  { read } for  name="u:object_r:moto_df_prop:s0" dev="tmpfs" ino=11157 scontext=u:r:system_server:s0 tcontext=u:object_r:moto_df_prop:s0 tclass=file permissive=0
03-14 14:03:52.864  1901  3236 W libc    : Access denied finding property "persist.mot.dogfooding"
03-14 14:03:52.872  1901  3236 W libc    : Access denied finding property "persist.mot.dogfooding"
03-14 14:03:52.869  1901  1901 W HwBinder:1901_2: type=1400 audit(0.0:1380658): avc:  denied  { read } for  name="u:object_r:moto_df_prop:s0" dev="tmpfs" ino=11157 scontext=u:r:system_server:s0 tcontext=u:object_r:moto_df_prop:s0 tclass=file permissive=0
03-14 14:03:52.874  4006  4943 D PowerUI : can't show warning due to - plugged: true status unknown: false
03-14 14:03:52.876  1901  1901 V UiModeManager: updateLocked: null action, mDockState=0, category=null
03-14 14:03:52.876  1901  1901 D UiModeManager: updateConfigurationLocked: mDockState=0; mCarMode=false; mNightMode=2; mNightModeCustomType=-1; uiMode=33
03-14 14:03:52.876  4233  4233 D QtiCarrierConfigHelper: WARNING, no carrier configs on phone Id: 0
03-14 14:03:52.986  1407  4913 D vendor.qti.bluetooth@1.0-wake_lock: Release wakelock is released 
03-14 14:03:53.955  1901  3807 D InetDiagMessage: Destroyed 0 sockets, proto=IPPROTO_TCP, family=AF_INET, states=14
03-14 14:03:53.958  1901  3807 D InetDiagMessage: Destroyed 0 sockets, proto=IPPROTO_TCP, family=AF_INET6, states=14
03-14 14:03:53.958  1901  3807 D InetDiagMessage: Destroyed live tcp sockets for uids={10051} in 5ms
03-14 14:03:53.960  1901  3807 D InetDiagMessage: Destroyed 0 sockets, proto=IPPROTO_TCP, family=AF_INET, states=14
03-14 14:03:53.963  1901  3807 D InetDiagMessage: Destroyed 0 sockets, proto=IPPROTO_TCP, family=AF_INET6, states=14
03-14 14:03:53.963  1901  3807 D InetDiagMessage: Destroyed live tcp sockets for uids={20051} in 4ms
03-14 14:03:54.027  1407  5182 I vendor.qti.bluetooth@1.0-ibs_handler: ProcessIbsCmd: Received IBS_WAKE_IND: 0xFD
03-14 14:03:54.028  1407  5182 D vendor.qti.bluetooth@1.0-ibs_handler: SerialClockVote: vote for UART CLK ON
03-14 14:03:54.029  1407  5182 D vendor.qti.bluetooth@1.0-wake_lock: Acquire wakelock is acquired 
03-14 14:03:54.029  1407  5182 I vendor.qti.bluetooth@1.0-ibs_handler: ProcessIbsCmd: Writing IBS_WAKE_ACK
03-14 14:03:54.108  1407  5182 I vendor.qti.bluetooth@1.0-ibs_handler: ProcessIbsCmd: Received IBS_SLEEP_IND: 0xFE
03-14 14:03:54.109  1407  5182 D vendor.qti.bluetooth@1.0-ibs_handler: SerialClockVote: vote for UART CLK OFF
03-14 14:03:54.259  1407  4913 D vendor.qti.bluetooth@1.0-wake_lock: Release wakelock is released 
03-14 14:03:54.266  1901  3807 D InetDiagMessage: Destroyed 0 sockets, proto=IPPROTO_TCP, family=AF_INET, states=14
03-14 14:03:54.270  1901  3807 D InetDiagMessage: Destroyed 0 sockets, proto=IPPROTO_TCP, family=AF_INET6, states=14
03-14 14:03:54.270  1901  3807 D InetDiagMessage: Destroyed live tcp sockets for uids={10391} in 6ms
03-14 14:03:54.273  1901  3807 D InetDiagMessage: Destroyed 0 sockets, proto=IPPROTO_TCP, family=AF_INET, states=14
03-14 14:03:54.275  1901  3807 D InetDiagMessage: Destroyed 0 sockets, proto=IPPROTO_TCP, family=AF_INET6, states=14
03-14 14:03:54.275  1901  3807 D InetDiagMessage: Destroyed live tcp sockets for uids={20391} in 5ms
03-14 14:03:55.579  1407  5182 I vendor.qti.bluetooth@1.0-ibs_handler: ProcessIbsCmd: Received IBS_WAKE_IND: 0xFD
03-14 14:03:55.579  1407  5182 D vendor.qti.bluetooth@1.0-ibs_handler: SerialClockVote: vote for UART CLK ON
03-14 14:03:55.580  1407  5182 D vendor.qti.bluetooth@1.0-wake_lock: Acquire wakelock is acquired 
03-14 14:03:55.580  1407  5182 I vendor.qti.bluetooth@1.0-ibs_handler: ProcessIbsCmd: Writing IBS_WAKE_ACK
03-14 14:03:55.656  1407  5182 I vendor.qti.bluetooth@1.0-ibs_handler: ProcessIbsCmd: Received IBS_SLEEP_IND: 0xFE
03-14 14:03:55.656  1407  5182 D vendor.qti.bluetooth@1.0-ibs_handler: SerialClockVote: vote for UART CLK OFF
03-14 14:03:55.662  1407  5182 I vendor.qti.bluetooth@1.0-ibs_handler: ProcessIbsCmd: Received IBS_WAKE_IND: 0xFD
03-14 14:03:55.662  1407  5182 D vendor.qti.bluetooth@1.0-ibs_handler: SerialClockVote: vote for UART CLK ON
03-14 14:03:55.662  1407  5182 I vendor.qti.bluetooth@1.0-ibs_handler: ProcessIbsCmd: Writing IBS_WAKE_ACK
03-14 14:03:55.704  1407  5182 I vendor.qti.bluetooth@1.0-ibs_handler: ProcessIbsCmd: Received IBS_SLEEP_IND: 0xFE
03-14 14:03:55.704  1407  5182 D vendor.qti.bluetooth@1.0-ibs_handler: SerialClockVote: vote for UART CLK OFF
03-14 14:03:55.854  1407  4913 D vendor.qti.bluetooth@1.0-wake_lock: Release wakelock is released 
03-14 14:03:56.019  1404  3069 I slpi    : mn78_get_data_dri_befor: gpio_state=0 
03-14 14:03:56.020  1404  3069 I slpi    : mn78_sensor_read_als ag_stage=0, REG0x69=0x8, cmp h = 0x10, l = 0x0, int_flag = 0x4,cmp_rstn = 0x2, lock = 0x1,als_sat = 0x0,als channel 0 = 66,als channel 1 = 191,als channel 2= 3
03-14 14:03:56.021  1404  3069 I slpi    : mn78_get_data_dri_befor als: int_flag = 0x4  ps: int_flag = 0x0
03-14 14:03:56.021  1404  3069 I slpi    : mn78_set_lsensor_intr_threshold - rc=0, low_thd = 153, high_thd = 229
03-14 14:03:56.022  1404  3069 I slpi    : [lux_convert_to_lux]: lux_per_lux=973, new_lpc=223, lux=41 
03-14 14:03:56.022  1404  3069 I slpi    : mn78_sensor_als_report: lux=41, ch1=191, state->als_info.scale =973 
03-14 14:03:56.023  1404  3069 I slpi    : mn78_sensor_ps_report:state->ps_info.ps_last_report  = far , state->ps_info.pdata=1294,state->ps_info.cover_raw=1443,state->ps_info.uncover_raw=183,low_threshold=1817,high_threshold=2422
03-14 14:03:56.023  1404  3069 I slpi    : [mn78_sensor_als_report]: -------------------  lux=41, stage=0, ch0=66, ch1=191 
03-14 14:03:56.025  1404  3069 I slpi    : mn78_sensor_read_als ag_stage=0, REG0x69=0x8, cmp h = 0x0, l = 0x0, int_flag = 0x0,cmp_rstn = 0x2, lock = 0x0,als_sat = 0x0,als channel 0 = 66,als channel 1 = 191,als channel 2= 3
03-14 14:03:56.025  1404  3069 I slpi    : mn78_get_data_dri_after als: int_flag = 0x0  ps: int_flag = 0x0
03-14 14:03:56.025  1404  3069 I slpi    : mn78_get_data_dri_after: gpio_state=1 
03-14 14:03:56.620  1404  3069 I slpi    : mn78_get_data_dri_befor: gpio_state=0 
03-14 14:03:56.621  1404  3069 I slpi    : mn78_sensor_read_als ag_stage=0, REG0x69=0x8, cmp h = 0x0, l = 0x8, int_flag = 0x4,cmp_rstn = 0x2, lock = 0x1,als_sat = 0x0,als channel 0 = 62,als channel 1 = 151,als channel 2= 2
03-14 14:03:56.622  1404  3069 I slpi    : mn78_get_data_dri_befor als: int_flag = 0x4  ps: int_flag = 0x0
03-14 14:03:56.622  1404  3069 I slpi    : mn78_set_lsensor_intr_threshold - rc=0, low_thd = 121, high_thd = 181
03-14 14:03:56.622  1404  3069 I slpi    : [lux_convert_to_lux]: lux_per_lux=973, new_lpc=223, lux=33 
03-14 14:03:56.622  1404  3069 I slpi    : mn78_sensor_als_report: lux=33, ch1=151, state->als_info.scale =973 
03-14 14:03:56.624  1404  3069 I slpi    : mn78_sensor_ps_report:state->ps_info.ps_last_report  = far , state->ps_info.pdata=1268,state->ps_info.cover_raw=1443,state->ps_info.uncover_raw=183,low_threshold=1817,high_threshold=2422
03-14 14:03:56.624  1404  3069 I slpi    : [mn78_sensor_als_report]: -------------------  lux=33, stage=0, ch0=62, ch1=151 
03-14 14:03:56.625  1404  3069 I slpi    : mn78_sensor_read_als ag_stage=0, REG0x69=0x8, cmp h = 0x0, l = 0x0, int_flag = 0x0,cmp_rstn = 0x2, lock = 0x0,als_sat = 0x0,als channel 0 = 62,als channel 1 = 151,als channel 2= 2
03-14 14:03:56.625  1404  3069 I slpi    : mn78_get_data_dri_after als: int_flag = 0x0  ps: int_flag = 0x0
03-14 14:03:56.626  1404  3069 I slpi    : mn78_get_data_dri_after: gpio_state=1 
03-14 14:03:56.834  1407  5182 I vendor.qti.bluetooth@1.0-ibs_handler: ProcessIbsCmd: Received IBS_WAKE_IND: 0xFD
03-14 14:03:56.834  1407  5182 D vendor.qti.bluetooth@1.0-ibs_handler: SerialClockVote: vote for UART CLK ON
03-14 14:03:56.835  1407  5182 D vendor.qti.bluetooth@1.0-wake_lock: Acquire wakelock is acquired 
03-14 14:03:56.835  1407  5182 I vendor.qti.bluetooth@1.0-ibs_handler: ProcessIbsCmd: Writing IBS_WAKE_ACK
03-14 14:03:56.877  1407  5182 I vendor.qti.bluetooth@1.0-ibs_handler: ProcessIbsCmd: Received IBS_SLEEP_IND: 0xFE
03-14 14:03:56.877  1407  5182 D vendor.qti.bluetooth@1.0-ibs_handler: SerialClockVote: vote for UART CLK OFF
03-14 14:03:56.896  1407  5182 I vendor.qti.bluetooth@1.0-ibs_handler: ProcessIbsCmd: Received IBS_WAKE_IND: 0xFD
03-14 14:03:56.896  1407  5182 D vendor.qti.bluetooth@1.0-ibs_handler: SerialClockVote: vote for UART CLK ON
03-14 14:03:56.896  1407  5182 I vendor.qti.bluetooth@1.0-ibs_handler: ProcessIbsCmd: Writing IBS_WAKE_ACK
03-14 14:03:56.957  1407  5182 I vendor.qti.bluetooth@1.0-ibs_handler: ProcessIbsCmd: Received IBS_SLEEP_IND: 0xFE
03-14 14:03:56.957  1407  5182 D vendor.qti.bluetooth@1.0-ibs_handler: SerialClockVote: vote for UART CLK OFF
03-14 14:03:57.108  1407  4913 D vendor.qti.bluetooth@1.0-wake_lock: Release wakelock is released 
03-14 14:03:57.877  1407  5182 I vendor.qti.bluetooth@1.0-ibs_handler: ProcessIbsCmd: Received IBS_WAKE_IND: 0xFD
03-14 14:03:57.877  1407  5182 D vendor.qti.bluetooth@1.0-ibs_handler: SerialClockVote: vote for UART CLK ON
03-14 14:03:57.879  1407  5182 D vendor.qti.bluetooth@1.0-wake_lock: Acquire wakelock is acquired 
03-14 14:03:57.879  1407  5182 I vendor.qti.bluetooth@1.0-ibs_handler: ProcessIbsCmd: Writing IBS_WAKE_ACK
03-14 14:03:57.884  4791  4878 E bt_bta_gattc: system/bta/gatt/bta_gattc_act.cc:1553 bta_gattc_process_srvc_chg_ind: service changed s_handle=0x1, e_handle=0xffff
03-14 14:03:57.884  4791  4878 E bt_bta_gattc: system/bta/gatt/bta_gattc_act.cc:1553 bta_gattc_process_srvc_chg_ind: service changed s_handle=0x1, e_handle=0xffff
03-14 14:03:57.884  4791  4878 W ble_bta_hh: system/bta/hh/bta_hh_le.cc:2176 bta_hh_le_service_changed: Received close event with unknown device:xx:xx:xx:xx:4e:1f[public][BT_TRANSPORT_LE]
03-14 14:03:57.884  4791  4878 E bt_bta_gattc: system/bta/gatt/bta_gattc_act.cc:1553 bta_gattc_process_srvc_chg_ind: service changed s_handle=0x1, e_handle=0xffff
03-14 14:03:57.884  4791  4878 I gatt_api: system/stack/gatt/gatt_api.cc:1148 GATTC_SendHandleValueConfirm: conn_id=0x0107 , cid=0x0004
03-14 14:03:57.884  4791  4878 I gatt_api: system/stack/gatt/gatt_api.cc:1162 GATTC_SendHandleValueConfirm: Received confirmation, ind_count= 5, sending confirmation
03-14 14:03:57.885  4791  4878 I l2c_ble_conn_params: system/stack/l2cap/l2c_ble_conn_params.cc:128 L2CA_LockBleConnParamsForServiceDiscovery: xx:xx:xx:xx:4e:1f Locking/unlocking conn params for service discovery: true
03-14 14:03:57.885  4791  4878 I bluetooth-asha: system/bta/hearing_aid/hearing_aid.cc:2243 GetDeviceCount: Not initialized yet
03-14 14:03:57.886  4791  4878 I bt_bta_gattc: system/bta/gatt/bta_gattc_act.cc:968 bta_gattc_continue_with_version_and_cache_known: pending service discovery, read db hash first conn_id:0x107
03-14 14:03:57.886  1407  1407 I vendor.qti.bluetooth@1.0-ibs_handler: DeviceWakeUp: Writing IBS_WAKE_IND
03-14 14:03:57.886  1407  5182 I vendor.qti.bluetooth@1.0-ibs_handler: ProcessIbsCmd: Received IBS_WAKE_ACK: 0xFC
03-14 14:03:57.886  1407  5182 I vendor.qti.bluetooth@1.0-ibs_handler: ProcessIbsCmd: Signal wack_cond_
