--------- beginning of main
03-14 14:02:19.320  1407  5182 I vendor.qti.bluetooth@1.0-ibs_handler: ProcessIbsCmd: Received IBS_WAKE_IND: 0xFD
03-14 14:02:19.320  1407  5182 D vendor.qti.bluetooth@1.0-ibs_handler: SerialClockVote: vote for UART CLK ON
03-14 14:02:19.320  1407  5182 I vendor.qti.bluetooth@1.0-ibs_handler: ProcessIbsCmd: Writing IBS_WAKE_ACK
03-14 14:02:19.361  1407  5182 I vendor.qti.bluetooth@1.0-ibs_handler: ProcessIbsCmd: Received IBS_SLEEP_IND: 0xFE
03-14 14:02:19.361  1407  5182 D vendor.qti.bluetooth@1.0-ibs_handler: SerialClockVote: vote for UART CLK OFF
03-14 14:02:19.362  1407  5182 I vendor.qti.bluetooth@1.0-ibs_handler: ProcessIbsCmd: Received IBS_WAKE_IND: 0xFD
03-14 14:02:19.362  1407  5182 D vendor.qti.bluetooth@1.0-ibs_handler: SerialClockVote: vote for UART CLK ON
03-14 14:02:19.362  1407  5182 I vendor.qti.bluetooth@1.0-ibs_handler: ProcessIbsCmd: Writing IBS_WAKE_ACK
03-14 14:02:19.403  1407  5182 I vendor.qti.bluetooth@1.0-ibs_handler: ProcessIbsCmd: Received IBS_SLEEP_IND: 0xFE
03-14 14:02:19.403  1407  5182 D vendor.qti.bluetooth@1.0-ibs_handler: SerialClockVote: vote for UART CLK OFF
03-14 14:02:19.411  1407  5182 I vendor.qti.bluetooth@1.0-ibs_handler: ProcessIbsCmd: Received IBS_WAKE_IND: 0xFD
03-14 14:02:19.412  1407  5182 D vendor.qti.bluetooth@1.0-ibs_handler: SerialClockVote: vote for UART CLK ON
03-14 14:02:19.412  1407  5182 I vendor.qti.bluetooth@1.0-ibs_handler: ProcessIbsCmd: Writing IBS_WAKE_ACK
03-14 14:02:19.453  1407  5182 I vendor.qti.bluetooth@1.0-ibs_handler: ProcessIbsCmd: Received IBS_SLEEP_IND: 0xFE
03-14 14:02:19.453  1407  5182 D vendor.qti.bluetooth@1.0-ibs_handler: SerialClockVote: vote for UART CLK OFF
03-14 14:02:19.464  1407  5182 I vendor.qti.bluetooth@1.0-ibs_handler: ProcessIbsCmd: Received IBS_WAKE_IND: 0xFD
03-14 14:02:19.464  1407  5182 D vendor.qti.bluetooth@1.0-ibs_handler: SerialClockVote: vote for UART CLK ON
03-14 14:02:19.464  1407  5182 I vendor.qti.bluetooth@1.0-ibs_handler: ProcessIbsCmd: Writing IBS_WAKE_ACK
03-14 14:02:19.518  1407  5182 I vendor.qti.bluetooth@1.0-ibs_handler: ProcessIbsCmd: Received IBS_SLEEP_IND: 0xFE
03-14 14:02:19.518  1407  5182 D vendor.qti.bluetooth@1.0-ibs_handler: SerialClockVote: vote for UART CLK OFF
03-14 14:02:19.548  1407  5182 I vendor.qti.bluetooth@1.0-ibs_handler: ProcessIbsCmd: Received IBS_WAKE_IND: 0xFD
03-14 14:02:19.548  1407  5182 D vendor.qti.bluetooth@1.0-ibs_handler: SerialClockVote: vote for UART CLK ON
03-14 14:02:19.548  1407  5182 I vendor.qti.bluetooth@1.0-ibs_handler: ProcessIbsCmd: Writing IBS_WAKE_ACK
03-14 14:02:19.610  1407  5182 I vendor.qti.bluetooth@1.0-ibs_handler: ProcessIbsCmd: Received IBS_SLEEP_IND: 0xFE
03-14 14:02:19.610  1407  5182 D vendor.qti.bluetooth@1.0-ibs_handler: SerialClockVote: vote for UART CLK OFF
03-14 14:02:19.637  1407  5182 I vendor.qti.bluetooth@1.0-ibs_handler: ProcessIbsCmd: Received IBS_WAKE_IND: 0xFD
03-14 14:02:19.637  1407  5182 D vendor.qti.bluetooth@1.0-ibs_handler: SerialClockVote: vote for UART CLK ON
03-14 14:02:19.637  1407  5182 I vendor.qti.bluetooth@1.0-ibs_handler: ProcessIbsCmd: Writing IBS_WAKE_ACK
03-14 14:02:19.714  1407  5182 I vendor.qti.bluetooth@1.0-ibs_handler: ProcessIbsCmd: Received IBS_SLEEP_IND: 0xFE
03-14 14:02:19.714  1407  5182 D vendor.qti.bluetooth@1.0-ibs_handler: SerialClockVote: vote for UART CLK OFF
03-14 14:02:19.752  1407  5182 I vendor.qti.bluetooth@1.0-ibs_handler: ProcessIbsCmd: Received IBS_WAKE_IND: 0xFD
03-14 14:02:19.752  1407  5182 D vendor.qti.bluetooth@1.0-ibs_handler: SerialClockVote: vote for UART CLK ON
03-14 14:02:19.752  1407  5182 I vendor.qti.bluetooth@1.0-ibs_handler: ProcessIbsCmd: Writing IBS_WAKE_ACK
03-14 14:02:19.794  1407  5182 I vendor.qti.bluetooth@1.0-ibs_handler: ProcessIbsCmd: Received IBS_SLEEP_IND: 0xFE
03-14 14:02:19.794  1407  5182 D vendor.qti.bluetooth@1.0-ibs_handler: SerialClockVote: vote for UART CLK OFF
03-14 14:02:19.847  1407  5182 I vendor.qti.bluetooth@1.0-ibs_handler: ProcessIbsCmd: Received IBS_WAKE_IND: 0xFD
03-14 14:02:19.847  1407  5182 D vendor.qti.bluetooth@1.0-ibs_handler: SerialClockVote: vote for UART CLK ON
03-14 14:02:19.848  1407  5182 I vendor.qti.bluetooth@1.0-ibs_handler: ProcessIbsCmd: Writing IBS_WAKE_ACK
03-14 14:02:19.926  1407  5182 I vendor.qti.bluetooth@1.0-ibs_handler: ProcessIbsCmd: Received IBS_SLEEP_IND: 0xFE
03-14 14:02:19.927  1407  5182 D vendor.qti.bluetooth@1.0-ibs_handler: SerialClockVote: vote for UART CLK OFF
03-14 14:02:19.955  1407  5182 I vendor.qti.bluetooth@1.0-ibs_handler: ProcessIbsCmd: Received IBS_WAKE_IND: 0xFD
03-14 14:02:19.955  1407  5182 D vendor.qti.bluetooth@1.0-ibs_handler: SerialClockVote: vote for UART CLK ON
03-14 14:02:19.955  1407  5182 I vendor.qti.bluetooth@1.0-ibs_handler: ProcessIbsCmd: Writing IBS_WAKE_ACK
03-14 14:02:19.996  1407  5182 I vendor.qti.bluetooth@1.0-ibs_handler: ProcessIbsCmd: Received IBS_SLEEP_IND: 0xFE
03-14 14:02:19.997  1407  5182 D vendor.qti.bluetooth@1.0-ibs_handler: SerialClockVote: vote for UART CLK OFF
03-14 14:02:20.047  1407  5182 I vendor.qti.bluetooth@1.0-ibs_handler: ProcessIbsCmd: Received IBS_WAKE_IND: 0xFD
03-14 14:02:20.047  1407  5182 D vendor.qti.bluetooth@1.0-ibs_handler: SerialClockVote: vote for UART CLK ON
03-14 14:02:20.047  1407  5182 I vendor.qti.bluetooth@1.0-ibs_handler: ProcessIbsCmd: Writing IBS_WAKE_ACK
03-14 14:02:20.116  1407  5182 I vendor.qti.bluetooth@1.0-ibs_handler: ProcessIbsCmd: Received IBS_SLEEP_IND: 0xFE
03-14 14:02:20.116  1407  5182 D vendor.qti.bluetooth@1.0-ibs_handler: SerialClockVote: vote for UART CLK OFF
03-14 14:02:20.158  1407  5182 I vendor.qti.bluetooth@1.0-ibs_handler: ProcessIbsCmd: Received IBS_WAKE_IND: 0xFD
03-14 14:02:20.158  1407  5182 D vendor.qti.bluetooth@1.0-ibs_handler: SerialClockVote: vote for UART CLK ON
03-14 14:02:20.158  1407  5182 I vendor.qti.bluetooth@1.0-ibs_handler: ProcessIbsCmd: Writing IBS_WAKE_ACK
03-14 14:02:20.199  1407  5182 I vendor.qti.bluetooth@1.0-ibs_handler: ProcessIbsCmd: Received IBS_SLEEP_IND: 0xFE
03-14 14:02:20.199  1407  5182 D vendor.qti.bluetooth@1.0-ibs_handler: SerialClockVote: vote for UART CLK OFF
03-14 14:02:20.201  1407  5182 I vendor.qti.bluetooth@1.0-ibs_handler: ProcessIbsCmd: Received IBS_WAKE_IND: 0xFD
03-14 14:02:20.201  1407  5182 D vendor.qti.bluetooth@1.0-ibs_handler: SerialClockVote: vote for UART CLK ON
03-14 14:02:20.201  1407  5182 I vendor.qti.bluetooth@1.0-ibs_handler: ProcessIbsCmd: Writing IBS_WAKE_ACK
03-14 14:02:20.244  1407  5182 I vendor.qti.bluetooth@1.0-ibs_handler: ProcessIbsCmd: Received IBS_SLEEP_IND: 0xFE
03-14 14:02:20.244  1407  5182 D vendor.qti.bluetooth@1.0-ibs_handler: SerialClockVote: vote for UART CLK OFF
03-14 14:02:20.267  1407  5182 I vendor.qti.bluetooth@1.0-ibs_handler: ProcessIbsCmd: Received IBS_WAKE_IND: 0xFD
03-14 14:02:20.267  1407  5182 D vendor.qti.bluetooth@1.0-ibs_handler: SerialClockVote: vote for UART CLK ON
03-14 14:02:20.268  1407  5182 I vendor.qti.bluetooth@1.0-ibs_handler: ProcessIbsCmd: Writing IBS_WAKE_ACK
03-14 14:02:20.309  1407  5182 I vendor.qti.bluetooth@1.0-ibs_handler: ProcessIbsCmd: Received IBS_SLEEP_IND: 0xFE
03-14 14:02:20.309  1407  5182 D vendor.qti.bluetooth@1.0-ibs_handler: SerialClockVote: vote for UART CLK OFF
03-14 14:02:20.366  1407  5182 I vendor.qti.bluetooth@1.0-ibs_handler: ProcessIbsCmd: Received IBS_WAKE_IND: 0xFD
03-14 14:02:20.366  1407  5182 D vendor.qti.bluetooth@1.0-ibs_handler: SerialClockVote: vote for UART CLK ON
03-14 14:02:20.366  1407  5182 I vendor.qti.bluetooth@1.0-ibs_handler: ProcessIbsCmd: Writing IBS_WAKE_ACK
03-14 14:02:20.384 11756 11899 I DGW     : I[sendRequest:85] StreamGroupConnectivityAwareNetworkLayer[notifgateway] buffering request with connection state: 2
03-14 14:02:20.450  1407  5182 I vendor.qti.bluetooth@1.0-ibs_handler: ProcessIbsCmd: Received IBS_SLEEP_IND: 0xFE
03-14 14:02:20.450  1407  5182 D vendor.qti.bluetooth@1.0-ibs_handler: SerialClockVote: vote for UART CLK OFF
03-14 14:02:20.464  1407  5182 I vendor.qti.bluetooth@1.0-ibs_handler: ProcessIbsCmd: Received IBS_WAKE_IND: 0xFD
03-14 14:02:20.464  1407  5182 D vendor.qti.bluetooth@1.0-ibs_handler: SerialClockVote: vote for UART CLK ON
03-14 14:02:20.464  1407  5182 I vendor.qti.bluetooth@1.0-ibs_handler: ProcessIbsCmd: Writing IBS_WAKE_ACK
03-14 14:02:20.556  1407  5182 I vendor.qti.bluetooth@1.0-ibs_handler: ProcessIbsCmd: Received IBS_SLEEP_IND: 0xFE
03-14 14:02:20.556  1407  5182 D vendor.qti.bluetooth@1.0-ibs_handler: SerialClockVote: vote for UART CLK OFF
03-14 14:02:20.596  1407  5182 I vendor.qti.bluetooth@1.0-ibs_handler: ProcessIbsCmd: Received IBS_WAKE_IND: 0xFD
03-14 14:02:20.596  1407  5182 D vendor.qti.bluetooth@1.0-ibs_handler: SerialClockVote: vote for UART CLK ON
03-14 14:02:20.596  1407  5182 I vendor.qti.bluetooth@1.0-ibs_handler: ProcessIbsCmd: Writing IBS_WAKE_ACK
03-14 14:02:20.665  1407  5182 I vendor.qti.bluetooth@1.0-ibs_handler: ProcessIbsCmd: Received IBS_SLEEP_IND: 0xFE
03-14 14:02:20.665  1407  5182 D vendor.qti.bluetooth@1.0-ibs_handler: SerialClockVote: vote for UART CLK OFF
--------- beginning of system
03-14 14:02:20.690  1901  3067 D BatteryService: uevent={POWER_SUPPLY_VOLTAGE_NOW=4387312, POWER_SUPPLY_CHARGE_CONTROL_LIMIT_MAX=7, POWER_SUPPLY_TYPE=Battery, POWER_SUPPLY_HEALTH=Good, POWER_SUPPLY_TECHNOLOGY=Li-ion, POWER_SUPPLY_CHARGE_FULL_DESIGN=5142000, SEQNUM=868332, POWER_SUPPLY_CHARGE_CONTROL_LIMIT=0, POWER_SUPPLY_STATUS=Charging, POWER_SUPPLY_CURRENT_MAX=4000000, POWER_SUPPLY_CYCLE_COUNT=303, POWER_SUPPLY_CHARGE_TERM_CURRENT=-100, POWER_SUPPLY_CAPACITY=80, DEVPATH=/devices/platform/soc/1c40000.qcom,spmi/spmi-0/spmi0-02/1c40000.qcom,spmi:qcom,pm7250b@2:qcom,qpnp-smb5-mmi/power_supply/battery, POWER_SUPPLY_CHARGE_TYPE=Fast, POWER_SUPPLY_CHARGE_RATE=Normal, POWER_SUPPLY_INPUT_CURRENT_LIMIT=0, POWER_SUPPLY_CURRENT_NOW=1248169, POWER_SUPPLY_PRESENT=1, POWER_SUPPLY_CHARGE_FULL=5142000, POWER_SUPPLY_TIME_TO_FULL_NOW=6141, POWER_SUPPLY_CONSTANT_CHARGE_CURRENT=4000000, SUBSYSTEM=power_supply, POWER_SUPPLY_TEMP=341, ACTION=change, POWER_SUPPLY_NAME=battery, POWER_SUPPLY_VOLTAGE_MAX=-22, POWER_SUPPLY_CONSTANT_CHARGE_CURRENT_MAX=4000000, POWER_SUPPLY_CHARGE_COUNTER=4006132}
03-14 14:02:20.693  1901  3067 D BatteryService: uevent={POWER_SUPPLY_VOLTAGE_NOW=4387312, POWER_SUPPLY_CHARGE_CONTROL_LIMIT_MAX=7, POWER_SUPPLY_TYPE=Battery, POWER_SUPPLY_HEALTH=Good, POWER_SUPPLY_TECHNOLOGY=Li-ion, POWER_SUPPLY_CHARGE_FULL_DESIGN=5142000, SEQNUM=868333, POWER_SUPPLY_CHARGE_CONTROL_LIMIT=0, POWER_SUPPLY_STATUS=Charging, POWER_SUPPLY_CURRENT_MAX=4000000, POWER_SUPPLY_CYCLE_COUNT=303, POWER_SUPPLY_CHARGE_TERM_CURRENT=-100, POWER_SUPPLY_CAPACITY=80, DEVPATH=/devices/platform/soc/1c40000.qcom,spmi/spmi-0/spmi0-02/1c40000.qcom,spmi:qcom,pm7250b@2:qcom,qpnp-smb5-mmi/power_supply/battery, POWER_SUPPLY_CHARGE_TYPE=Fast, POWER_SUPPLY_INPUT_CURRENT_LIMIT=0, POWER_SUPPLY_CURRENT_NOW=1248169, POWER_SUPPLY_PRESENT=1, POWER_SUPPLY_CHARGE_FULL=5142000, POWER_SUPPLY_TIME_TO_FULL_NOW=6141, POWER_SUPPLY_CONSTANT_CHARGE_CURRENT=4000000, SUBSYSTEM=power_supply, POWER_SUPPLY_TEMP=341, ACTION=change, POWER_SUPPLY_NAME=battery, POWER_SUPPLY_VOLTAGE_MAX=-22, POWER_SUPPLY_CONSTANT_CHARGE_CURRENT_MAX=4000000, POWER_SUPPLY_CHARGE_COUNTER=4006132}
03-14 14:02:20.693  1901  1901 W HwBinder:1901_2: type=1400 audit(0.0:1380601): avc:  denied  { read } for  name="u:object_r:moto_df_prop:s0" dev="tmpfs" ino=11157 scontext=u:r:system_server:s0 tcontext=u:object_r:moto_df_prop:s0 tclass=file permissive=0
03-14 14:02:20.698  1901  3236 W libc    : Access denied finding property "persist.mot.dogfooding"
03-14 14:02:20.704  4006  4788 D PowerUI : can't show warning due to - plugged: true status unknown: false
03-14 14:02:20.704  1901  3236 W libc    : Access denied finding property "persist.mot.dogfooding"
03-14 14:02:20.701  1901  1901 W HwBinder:1901_2: type=1400 audit(0.0:1380602): avc:  denied  { read } for  name="u:object_r:moto_df_prop:s0" dev="tmpfs" ino=11157 scontext=u:r:system_server:s0 tcontext=u:object_r:moto_df_prop:s0 tclass=file permissive=0
03-14 14:02:20.709  1901  1901 V UiModeManager: updateLocked: null action, mDockState=0, category=null
03-14 14:02:20.709  1901  1901 D UiModeManager: updateConfigurationLocked: mDockState=0; mCarMode=false; mNightMode=2; mNightModeCustomType=-1; uiMode=33
03-14 14:02:20.709  4233  4233 D QtiCarrierConfigHelper: WARNING, no carrier configs on phone Id: 0
03-14 14:02:20.728  1407  5182 I vendor.qti.bluetooth@1.0-ibs_handler: ProcessIbsCmd: Received IBS_WAKE_IND: 0xFD
03-14 14:02:20.728  1407  5182 D vendor.qti.bluetooth@1.0-ibs_handler: SerialClockVote: vote for UART CLK ON
03-14 14:02:20.728  1407  5182 I vendor.qti.bluetooth@1.0-ibs_handler: ProcessIbsCmd: Writing IBS_WAKE_ACK
03-14 14:02:20.846  1407  5182 I vendor.qti.bluetooth@1.0-ibs_handler: ProcessIbsCmd: Received IBS_SLEEP_IND: 0xFE
03-14 14:02:20.846  1407  5182 D vendor.qti.bluetooth@1.0-ibs_handler: SerialClockVote: vote for UART CLK OFF
03-14 14:02:20.912  1407  5182 I vendor.qti.bluetooth@1.0-ibs_handler: ProcessIbsCmd: Received IBS_WAKE_IND: 0xFD
03-14 14:02:20.912  1407  5182 D vendor.qti.bluetooth@1.0-ibs_handler: SerialClockVote: vote for UART CLK ON
03-14 14:02:20.912  1407  5182 I vendor.qti.bluetooth@1.0-ibs_handler: ProcessIbsCmd: Writing IBS_WAKE_ACK
03-14 14:02:21.054  1407  5182 I vendor.qti.bluetooth@1.0-ibs_handler: ProcessIbsCmd: Received IBS_SLEEP_IND: 0xFE
03-14 14:02:21.055  1407  5182 D vendor.qti.bluetooth@1.0-ibs_handler: SerialClockVote: vote for UART CLK OFF
03-14 14:02:21.144  1407  5182 I vendor.qti.bluetooth@1.0-ibs_handler: ProcessIbsCmd: Received IBS_WAKE_IND: 0xFD
03-14 14:02:21.144  1407  5182 D vendor.qti.bluetooth@1.0-ibs_handler: SerialClockVote: vote for UART CLK ON
03-14 14:02:21.144  1407  5182 I vendor.qti.bluetooth@1.0-ibs_handler: ProcessIbsCmd: Writing IBS_WAKE_ACK
03-14 14:02:21.187  1407  5182 I vendor.qti.bluetooth@1.0-ibs_handler: ProcessIbsCmd: Received IBS_SLEEP_IND: 0xFE
03-14 14:02:21.187  1407  5182 D vendor.qti.bluetooth@1.0-ibs_handler: SerialClockVote: vote for UART CLK OFF
03-14 14:02:21.217  1407  5182 I vendor.qti.bluetooth@1.0-ibs_handler: ProcessIbsCmd: Received IBS_WAKE_IND: 0xFD
03-14 14:02:21.217  1407  5182 D vendor.qti.bluetooth@1.0-ibs_handler: SerialClockVote: vote for UART CLK ON
03-14 14:02:21.217  1407  5182 I vendor.qti.bluetooth@1.0-ibs_handler: ProcessIbsCmd: Writing IBS_WAKE_ACK
03-14 14:02:21.290  1407  5182 I vendor.qti.bluetooth@1.0-ibs_handler: ProcessIbsCmd: Received IBS_SLEEP_IND: 0xFE
03-14 14:02:21.291  1407  5182 D vendor.qti.bluetooth@1.0-ibs_handler: SerialClockVote: vote for UART CLK OFF
03-14 14:02:21.317  1407  5182 I vendor.qti.bluetooth@1.0-ibs_handler: ProcessIbsCmd: Received IBS_WAKE_IND: 0xFD
03-14 14:02:21.317  1407  5182 D vendor.qti.bluetooth@1.0-ibs_handler: SerialClockVote: vote for UART CLK ON
03-14 14:02:21.317  1407  5182 I vendor.qti.bluetooth@1.0-ibs_handler: ProcessIbsCmd: Writing IBS_WAKE_ACK
03-14 14:02:21.398  1407  5182 I vendor.qti.bluetooth@1.0-ibs_handler: ProcessIbsCmd: Received IBS_SLEEP_IND: 0xFE
03-14 14:02:21.398  1407  5182 D vendor.qti.bluetooth@1.0-ibs_handler: SerialClockVote: vote for UART CLK OFF
03-14 14:02:21.433  1407  5182 I vendor.qti.bluetooth@1.0-ibs_handler: ProcessIbsCmd: Received IBS_WAKE_IND: 0xFD
03-14 14:02:21.433  1407  5182 D vendor.qti.bluetooth@1.0-ibs_handler: SerialClockVote: vote for UART CLK ON
03-14 14:02:21.433  1407  5182 I vendor.qti.bluetooth@1.0-ibs_handler: ProcessIbsCmd: Writing IBS_WAKE_ACK
03-14 14:02:21.454  6338  6338 D AndroidRuntime: >>>>>> START com.android.internal.os.RuntimeInit uid 2000 <<<<<<
03-14 14:02:21.460  6338  6338 I AndroidRuntime: Using default boot image
03-14 14:02:21.460  6338  6338 I AndroidRuntime: Leaving lock profiling enabled
03-14 14:02:21.463  6338  6338 I app_process: Using CollectorTypeCC GC.
03-14 14:02:21.523  1407  5182 I vendor.qti.bluetooth@1.0-ibs_handler: ProcessIbsCmd: Received IBS_SLEEP_IND: 0xFE
03-14 14:02:21.523  1407  5182 D vendor.qti.bluetooth@1.0-ibs_handler: SerialClockVote: vote for UART CLK OFF
03-14 14:02:21.528  1407  5182 I vendor.qti.bluetooth@1.0-ibs_handler: ProcessIbsCmd: Received IBS_WAKE_IND: 0xFD
03-14 14:02:21.528  1407  5182 D vendor.qti.bluetooth@1.0-ibs_handler: SerialClockVote: vote for UART CLK ON
03-14 14:02:21.528  1407  5182 I vendor.qti.bluetooth@1.0-ibs_handler: ProcessIbsCmd: Writing IBS_WAKE_ACK
03-14 14:02:21.535  6338  6338 D nativeloader: InitDefaultPublicLibraries for_preload=1: libandroid.so:libaaudio.so:libamidi.so:libbinder_ndk.so:libc.so:libcamera2ndk.so:libdl.so:libEGL.so:libGLESv1_CM.so:libGLESv2.so:libGLESv3.so:libicu.so:libicui18n.so:libicuuc.so:libjnigraphics.so:liblog.so:libmediandk.so:libm.so:libnativehelper.so:libnativewindow.so:libOpenMAXAL.so:libOpenSLES.so:libRS.so:libstdc++.so:libsync.so:libvulkan.so:libwebviewchromium_plat_support.so:libz.so
03-14 14:02:21.549  6338  6338 D nativeloader: Load libicu_jni.so using APEX ns com_android_art for caller /apex/com.android.art/javalib/core-oj.jar: ok
03-14 14:02:21.549  6338  6338 D app_process: u_setTimeZoneFilesDirectory("/apex/com.android.tzdata/etc/tz/versioned/8/icu") succeeded. 
03-14 14:02:21.549  6338  6338 D app_process: I18n APEX ICU file found: /apex/com.android.i18n/etc/icu/icudt75l.dat
03-14 14:02:21.551  6338  6338 D nativeloader: Load libjavacore.so using APEX ns com_android_art for caller /apex/com.android.art/javalib/core-oj.jar: ok
03-14 14:02:21.552  6338  6338 D nativeloader: Load libopenjdk.so using APEX ns com_android_art for caller /apex/com.android.art/javalib/core-oj.jar: ok
03-14 14:02:21.553  6338  6338 I app_process: Priority-to-niceness mapping: 19, 16, 13, 10, 0, -2, -4, -5, -6, -8
03-14 14:02:21.573  1407  5182 I vendor.qti.bluetooth@1.0-ibs_handler: ProcessIbsCmd: Received IBS_SLEEP_IND: 0xFE
03-14 14:02:21.573  1407  5182 D vendor.qti.bluetooth@1.0-ibs_handler: SerialClockVote: vote for UART CLK OFF
03-14 14:02:21.580  6338  6338 D nativeloader: Load libframework-connectivity-tiramisu-jni.so using APEX ns com_android_tethering for caller /apex/com.android.tethering/javalib/framework-connectivity-t.jar: ok
03-14 14:02:21.580  6338  6338 D AndroidRuntime: Calling main entry com.android.commands.monkey.Monkey
03-14 14:02:21.581  6338  6338 W Monkey  : args: [-p, com.survivalmesh.app, -c, android.intent.category.LAUNCHER, 1]
03-14 14:02:21.581  6338  6338 W Monkey  :  arg: "-p"
03-14 14:02:21.581  6338  6338 W Monkey  :  arg: "com.survivalmesh.app"
03-14 14:02:21.581  6338  6338 W Monkey  :  arg: "-c"
03-14 14:02:21.581  6338  6338 W Monkey  :  arg: "android.intent.category.LAUNCHER"
03-14 14:02:21.582  6338  6338 W Monkey  :  arg: "1"
03-14 14:02:21.582  6338  6338 W Monkey  : data="com.survivalmesh.app"
03-14 14:02:21.582  6338  6338 W Monkey  : data="android.intent.category.LAUNCHER"
03-14 14:02:21.601  1901  3031 D ActivityTaskManager: setActivityController: android.app.IActivityController$Stub$Proxy@202cf38,imAMonkey=true
03-14 14:02:21.603  1901  3031 W ActivityManager: registerReceiverWithFeature: no app for null
03-14 14:02:21.618  1901  3031 W ActivityTaskManager: callingPackage for (uid=2000, pid=6338) has no WPC
03-14 14:02:21.619  1901  3031 D ActivityTaskManager: getPreferredLaunchDisplay userset_displayid true user set display id 0, current focus display 0
03-14 14:02:21.619  1901  3031 I SettingsAccessControlPolicy: isDeviceSettingsChangeDisabled: value -> false
03-14 14:02:21.619  1901  3031 W OptProp : Cannot read opt property android.window.PROPERTY_COMPAT_ALLOW_ORIENTATION_OVERRIDE
03-14 14:02:21.619  1901  3031 V GrammaticalInflectionUtils: AttributionSource: android.content.AttributionSource@b1abd242 does not have READ_SYSTEM_GRAMMATICAL_GENDER permission.
03-14 14:02:21.620  1901  3031 W OptProp : Cannot read opt property android.window.PROPERTY_COMPAT_ALLOW_RESIZEABLE_ACTIVITY_OVERRIDES
03-14 14:02:21.620  1901  3031 W OptProp : Cannot read opt property android.window.PROPERTY_COMPAT_ALLOW_MIN_ASPECT_RATIO_OVERRIDE
03-14 14:02:21.620  1901  3031 D ActivityTaskManager: getPreferredLaunchDisplay userset_displayid true user set display id 0, current focus display 0
03-14 14:02:21.620  1901  3031 D ActivityTaskManager: getPreferredLaunchDisplay userset_displayid true user set display id 0, current focus display 0
03-14 14:02:21.620  1901  3031 D ActivityTaskManager: getPreferredLaunchDisplay userset_displayid false user set display id 0, current focus display 0
03-14 14:02:21.620  1901  3031 D ActivityTaskManager: getPreferredLaunchDisplay userset_displayid false user set display id 0, current focus display 0
03-14 14:02:21.620  1901  3031 D ActivityTaskManager: getPreferredLaunchDisplay userset_displayid false user set display id 0, current focus display 0
03-14 14:02:21.620  1901  3031 D ActivityTaskManager: getPreferredLaunchDisplay userset_displayid false user set display id 0, current focus display 0
03-14 14:02:21.622  1901  3031 I ActivityTaskManager: START u0 {act=android.intent.action.MAIN cat=[android.intent.category.LAUNCHER] flg=0x10200000 cmp=com.survivalmesh.app/.MainActivity} with LAUNCH_SINGLE_TASK from uid 2000 (startActivityAsUser) (BAL_ALLOW_PERMISSION) result code=3
03-14 14:02:21.622  6338  6338 I Monkey  : Events injected: 1
03-14 14:02:21.623  4006  4052 V WindowManagerShell: Transition requested (#12370): android.os.BinderProxy@3f08fff TransitionRequestInfo { type = OPEN, triggerTask = TaskInfo{userId=0 taskId=3577 displayId=0 isRunning=true baseIntent=Intent { act=android.intent.action.MAIN cat=[android.intent.category.LAUNCHER] flg=0x10200000 cmp=com.survivalmesh.app/.MainActivity } baseActivity=ComponentInfo{com.survivalmesh.app/com.survivalmesh.app.MainActivity} topActivity=ComponentInfo{com.survivalmesh.app/com.survivalmesh.app.MainActivity} origActivity=null realActivity=ComponentInfo{com.survivalmesh.app/com.survivalmesh.app.MainActivity} numActivities=1 lastActiveTime=849552128 supportsMultiWindow=true supportsGlobalFreeform=true resizeMode=1 isResizeable=true isAppLocked=false isShowDecorCaptionWindowRequest=false canKillAndRestart=false minWidth=-1 minHeight=-1 defaultMinSize=200 token=WCT{android.window.IWindowContainerToken$Stub$Proxy@78731cc} topActivityType=1 pictureInPictureParams=null shouldDockBigOverlays=false launchIntoPipHostTaskId=-1 lastParentTaskIdBeforePip=-1 displayCutoutSafeInsets=null topActivityInfo=ActivityInfo{5848c15 com.survivalmesh.app.MainActivity} launchCookies=[] positionInParent=Point(0, 0) parentTaskId=-1 isFocused=true isVisible=true isVisibleRequested=true isSleeping=false locusId=null displayAreaFeatureId=1 isTopActivityTransparent=false appCompatTaskInfo=AppCompatTaskInfo { topActivityInSizeCompat=false topActivityEligibleForLetterboxEducation= falseisLetterboxEducationEnabled= false isLetterboxDoubleTapEnabled= false topActivityEligibleForUserAspectRatioButton= false topActivityBoundsLetterboxed= false isFromLetterboxDoubleTap= false topActivityLetterboxVerticalPosition= -1 topActivityLetterboxHorizontalPosition= -1 topActivityLetterboxWidth=1080 topActivityLetterboxHeight=2400 isUserFullscreenOverrideEnabled=false isSystemFullscreenOverrideEnabled=false cameraCompatTaskInfo=CameraCompatTaskInfo { cameraCompatControlState=hidden freeformCameraCompatMode=inactive}}}, pipTask = null, remoteTransition = null, displayChange = null, flags = 0, debugId = 12370 }
03-14 14:02:21.629  1901  3031 D ActivityTaskManager: setActivityController: null,imAMonkey=true
03-14 14:02:21.631  4006  4052 D WindowManagerShell: onActivityRestartAttempt: ComponentInfo{com.survivalmesh.app/com.survivalmesh.app.MainActivity}
03-14 14:02:21.634  4006  7695 V WindowManagerShell: onTransitionReady(transaction=8164733762653)
03-14 14:02:21.634  4006  4052 V WindowManagerShell: onTransitionReady (#12370) android.os.BinderProxy@3f08fff: {id=12370 t=OPEN f=0x0 trk=0 r=[] c=[]}
03-14 14:02:21.634  4006  4052 V WindowManagerShell: No transition roots in (#12370) android.os.BinderProxy@3f08fff@0 so abort
03-14 14:02:21.635  1901  2150 V WindowManager: Sent Transition (#12370) createdAt=03-14 14:02:21.620 via request=TransitionRequestInfo { type = OPEN, triggerTask = TaskInfo{userId=0 taskId=3577 displayId=0 isRunning=true baseIntent=Intent { act=android.intent.action.MAIN cat=[android.intent.category.LAUNCHER] flg=0x10200000 cmp=com.survivalmesh.app/.MainActivity } baseActivity=ComponentInfo{com.survivalmesh.app/com.survivalmesh.app.MainActivity} topActivity=ComponentInfo{com.survivalmesh.app/com.survivalmesh.app.MainActivity} origActivity=null realActivity=ComponentInfo{com.survivalmesh.app/com.survivalmesh.app.MainActivity} numActivities=1 lastActiveTime=849552128 supportsMultiWindow=true supportsGlobalFreeform=true resizeMode=1 isResizeable=true isAppLocked=false isShowDecorCaptionWindowRequest=false canKillAndRestart=true minWidth=-1 minHeight=-1 defaultMinSize=200 token=WCT{RemoteToken{bbbba73 Task{cac788 #3577 type=standard A=10579:com.survivalmesh.app}}} topActivityType=1 pictureInPictureParams=null shouldDockBigOverlays=false launchIntoPipHostTaskId=-1 lastParentTaskIdBeforePip=-1 displayCutoutSafeInsets=null topActivityInfo=ActivityInfo{714c0d com.survivalmesh.app.MainActivity} launchCookies=[] positionInParent=Point(0, 0) parentTaskId=-1 isFocused=true isVisible=true isVisibleRequested=true isSleeping=false locusId=null displayAreaFeatureId=1 isTopActivityTransparent=false appCompatTaskInfo=AppCompatTaskInfo { topActivityInSizeCompat=false topActivityEligibleForLetterboxEducation= falseisLetterboxEducationEnabled= false isLetterboxDoubleTapEnabled= false topActivityEligibleForUserAspectRatioButton= false topActivityBoundsLetterboxed= false isFromLetterboxDoubleTap= false topActivityLetterboxVerticalPosition= -1 topActivityLetterboxHorizontalPosition= -1 topActivityLetterboxWidth=1080 topActivityLetterboxHeight=2400 isUserFullscreenOverrideEnabled=false isSystemFullscreenOverrideEnabled=false cameraCompatTaskInfo=CameraCompatTaskInfo { cameraCompatControlState=hidden freeformCameraCompatMode=inactive}}}, pipTask = null, remoteTransition = null, displayChange = null, flags = 0, debugId = 12370 }
03-14 14:02:21.635  1901  2150 V WindowManager:     startWCT=WindowContainerTransaction { changes = {} hops = [] errorCallbackToken=null taskFragmentOrganizer=null }
03-14 14:02:21.635  1901  2150 V WindowManager:     info={id=12370 t=OPEN f=0x0 trk=0 r=[] c=[]}
03-14 14:02:21.635  4006  4052 V WindowManagerShell: Transition animation finished (aborted=true), notifying core (#12370) android.os.BinderProxy@3f08fff@0
03-14 14:02:21.635  5127  5127 W unknown:BridgelessReact: ReactHost{0}.onHostPause(activity)
03-14 14:02:21.636  1404  1404 I sensors-hal: batch:240, android.sensor.accelerometer/11, period=66667000, max_latency=0
03-14 14:02:21.636  1404  1404 I sensors-hal: set_config:64, sample_period_ns is adjusted to 66667000 based on min/max delay_ns
03-14 14:02:21.636  1404  1404 I sensors-hal: batch:249, android.sensor.accelerometer/11, period=66667000, max_latency=0 request completed
03-14 14:02:21.638  1901  2150 V WindowManager: Finish Transition (#12370): created at 03-14 14:02:21.620 collect-started=0.038ms request-sent=1.299ms started=9.11ms ready=9.064ms sent=12.738ms finished=17.081ms
03-14 14:02:21.640  5127  5127 W unknown:BridgelessReact: ReactHost{0}.ReactContext.onHostPause()
03-14 14:02:21.641  4006  4052 V WindowManagerShell: Track 0 became idle
03-14 14:02:21.641  4006  4052 V WindowManagerShell: All active transition animations finished
03-14 14:02:21.642  6338  6338 I Monkey  : ## Network stats: elapsed time=12ms (0ms mobile, 0ms wifi, 12ms not connected)
03-14 14:02:21.643  6338  6338 I app_process: System.exit called, status: 0
03-14 14:02:21.643  6338  6338 I AndroidRuntime: VM exiting with result code 0.
03-14 14:02:21.646  1901  9132 I MediaFocusControl: abandonAudioFocus() from uid/pid 10579/5127 clientId=android.media.AudioManager@6467383expo.modules.av.AVManager@d4e1299
03-14 14:02:21.646  1901  9132 I MediaFocusControl: removeFocusStackEntry client:android.media.AudioManager@6467383expo.modules.av.AVManager@d4e1299
03-14 14:02:21.646  1901 13992 W UserManagerService: Requested status bar icon for non-badged user 0
03-14 14:02:21.648  1407  5182 I vendor.qti.bluetooth@1.0-ibs_handler: ProcessIbsCmd: Received IBS_WAKE_IND: 0xFD
03-14 14:02:21.648  1407  5182 D vendor.qti.bluetooth@1.0-ibs_handler: SerialClockVote: vote for UART CLK ON
03-14 14:02:21.648  1407  5182 I vendor.qti.bluetooth@1.0-ibs_handler: ProcessIbsCmd: Writing IBS_WAKE_ACK
03-14 14:02:21.650  5127  5127 W unknown:BridgelessReact: ReactHost{0}.onHostResume(activity)
03-14 14:02:21.651  1404  1404 I sensors-hal: flush:269, android.sensor.accelerometer/11
03-14 14:02:21.651  1404  1404 I sensors-hal: send_sync_sensor_request:359, send sync request
03-14 14:02:21.651  1404  1404 I sensors-hal: send_sync_sensor_request:385, wait for notification of response
03-14 14:02:21.652  1404 21022 I sensors-hal: ssc_conn_resp_cb:666, resp_value = 0
03-14 14:02:21.652  1404  1404 I sensors-hal: send_sync_sensor_request:391, takes 0 ms to receive the response with 0
03-14 14:02:21.652  1404  1404 I sensors-hal: flush:275, android.sensor.accelerometer/11 completed
03-14 14:02:21.655  5127  5127 W unknown:BridgelessReact: ReactHost{0}.ReactContext.onHostResume()
03-14 14:02:21.671  1901  2188 W MotoBatteryCareService: uid: 10579 pkgName:com.survivalmesh.app come to foreground
03-14 14:02:21.673  1901  2162 I ActivityManager: Killing 29503:com.motorola.freeform/u0a277 (adj 999, setSvc -10000): empty #41
03-14 14:02:21.677   694   694 I hwservicemanager: getTransport: Cannot find entry vendor.qti.hardware.iop@2.0::IIop/default in either framework or device VINTF manifest.
03-14 14:02:21.678  1901  2162 I ActivityManager: Killing 32268:com.android.providers.calendar/u11a110 (adj 999, setSvc -10000): empty #42
03-14 14:02:21.680   694   694 I hwservicemanager: getTransport: Cannot find entry vendor.qti.hardware.iop@2.0::IIop/default in either framework or device VINTF manifest.
03-14 14:02:21.681  1901  2162 W ProcessStats: Tracking association SourceState{9064566 com.android.settings/1000 Service #1143715} whose proc state 8 is better than process ProcessState{924069c com.google.android.apps.wellbeing/10213 pkg=com.google.android.apps.wellbeing} proc state 15 (22 skipped)
03-14 14:02:21.685  1901  2188 D addPss  : tracker=ProcessState{6dd4ed com.survivalmesh.app/10579 pkg=com.survivalmesh.app}
03-14 14:02:21.687  1901  2188 D addPss  : tracker=ProcessState{4431357 com.flipkart.android/10266 pkg=com.flipkart.android}
03-14 14:02:21.688  1901  2188 D addPss  : tracker=ProcessState{34a239d com.google.android.apps.messaging/10183 pkg=com.google.android.apps.messaging}
03-14 14:02:21.691  1901  2188 D addPss  : tracker=ProcessState{8869bc com.android.carrierdefaultapp/1110129 pkg=com.android.carrierdefaultapp}
03-14 14:02:21.692  1901  2188 D addPss  : tracker=ProcessState{45bb4d5 com.android.carrierdefaultapp/10129 pkg=com.android.carrierdefaultapp}
03-14 14:02:21.693  1901  2188 D addPss  : tracker=ProcessState{4f7fa4e com.motorola.help/10186 pkg=com.motorola.help}
03-14 14:02:21.694  1901  2188 D addPss  : tracker=ProcessState{2178444 com.android.vending:background/10210 pkg=com.android.vending}
03-14 14:02:21.697  5651  5788 I ForwardSyncCache: reclaimMemory: Clearing caches
03-14 14:02:21.699  5651  5788 W Bugle   : TextClassifierLibManagerImpl: Reclaiming memory at level: 40
03-14 14:02:21.710  1407  5182 I vendor.qti.bluetooth@1.0-ibs_handler: ProcessIbsCmd: Received IBS_SLEEP_IND: 0xFE
03-14 14:02:21.710  1407  5182 D vendor.qti.bluetooth@1.0-ibs_handler: SerialClockVote: vote for UART CLK OFF
03-14 14:02:21.711  1901 13992 I ActivityManager: appDiedLocked: app=ProcessRecord{bee8f7d 32268:com.android.providers.calendar/u11a110} thread=android.os.BinderProxy@2647668 fromBinderDied=true isKilledByAm=true reason=null
03-14 14:02:21.712  1901 13992 D RestartModeController: markWaitRestartAppIsSuicided null processName=com.android.providers.calendar
03-14 14:02:21.712  1314  1314 I Zygote  : Process 32268 exited due to signal 9 (Killed)
03-14 14:02:21.712  1901  2156 D DisplayManagerService: Drop pending events for gone uid 1110110
03-14 14:02:21.712  1901 13992 D ActivityTaskManager: handleAppDied: uid=1110110,diedCount=1,lastDiedTime=372759423,forceStopUids=false
03-14 14:02:21.744  1407  5182 I vendor.qti.bluetooth@1.0-ibs_handler: ProcessIbsCmd: Received IBS_WAKE_IND: 0xFD
03-14 14:02:21.744  1407  5182 D vendor.qti.bluetooth@1.0-ibs_handler: SerialClockVote: vote for UART CLK ON
03-14 14:02:21.744  1407  5182 I vendor.qti.bluetooth@1.0-ibs_handler: ProcessIbsCmd: Writing IBS_WAKE_ACK
03-14 14:02:21.818  1407  5182 I vendor.qti.bluetooth@1.0-ibs_handler: ProcessIbsCmd: Received IBS_SLEEP_IND: 0xFE
03-14 14:02:21.818  1407  5182 D vendor.qti.bluetooth@1.0-ibs_handler: SerialClockVote: vote for UART CLK OFF
03-14 14:02:21.845  1407  5182 I vendor.qti.bluetooth@1.0-ibs_handler: ProcessIbsCmd: Received IBS_WAKE_IND: 0xFD
03-14 14:02:21.845  1407  5182 D vendor.qti.bluetooth@1.0-ibs_handler: SerialClockVote: vote for UART CLK ON
03-14 14:02:21.846  1407  5182 I vendor.qti.bluetooth@1.0-ibs_handler: ProcessIbsCmd: Writing IBS_WAKE_ACK
03-14 14:02:21.889  1407  5182 I vendor.qti.bluetooth@1.0-ibs_handler: ProcessIbsCmd: Received IBS_SLEEP_IND: 0xFE
03-14 14:02:21.889  1407  5182 D vendor.qti.bluetooth@1.0-ibs_handler: SerialClockVote: vote for UART CLK OFF
03-14 14:02:21.919  1901  6599 I ActivityManager: appDiedLocked: app=ProcessRecord{684f9b1 29503:com.motorola.freeform/u0a277} thread=android.os.BinderProxy@c1b3726 fromBinderDied=true isKilledByAm=true reason=null
03-14 14:02:21.920  1314  1314 I Zygote  : Process 29503 exited due to signal 9 (Killed)
03-14 14:02:21.920  1901  6599 D RestartModeController: markWaitRestartAppIsSuicided null processName=com.motorola.freeform
03-14 14:02:21.921  1901  2320 I libprocessgroup: Removed cgroup /sys/fs/cgroup/uid_10277/pid_29503
03-14 14:02:21.921  1901  2320 W libprocessgroup: RemoveCgroup: /dev/memcg/apps/uid_10277/pid_29503 does not exist.
03-14 14:02:21.921  1901  6599 D ActivityTaskManager: handleAppDied: uid=10277,diedCount=1,lastDiedTime=380236389,forceStopUids=false
03-14 14:02:21.922  1901  2156 D DisplayManagerService: Drop pending events for gone uid 10277
03-14 14:02:21.923  1901  2320 I libprocessgroup: Removed cgroup /sys/fs/cgroup/uid_1110110/pid_32268
03-14 14:02:21.923  1901  2320 W libprocessgroup: RemoveCgroup: /dev/memcg/apps/uid_1110110/pid_32268 does not exist.
03-14 14:02:21.993  1407  5182 I vendor.qti.bluetooth@1.0-ibs_handler: ProcessIbsCmd: Received IBS_WAKE_IND: 0xFD
03-14 14:02:21.993  1407  5182 D vendor.qti.bluetooth@1.0-ibs_handler: SerialClockVote: vote for UART CLK ON
03-14 14:02:21.993  1407  5182 I vendor.qti.bluetooth@1.0-ibs_handler: ProcessIbsCmd: Writing IBS_WAKE_ACK
03-14 14:02:22.035  1407  5182 I vendor.qti.bluetooth@1.0-ibs_handler: ProcessIbsCmd: Received IBS_SLEEP_IND: 0xFE
03-14 14:02:22.035  1407  5182 D vendor.qti.bluetooth@1.0-ibs_handler: SerialClockVote: vote for UART CLK OFF
03-14 14:02:22.056  1407  5182 I vendor.qti.bluetooth@1.0-ibs_handler: ProcessIbsCmd: Received IBS_WAKE_IND: 0xFD
03-14 14:02:22.056  1407  5182 D vendor.qti.bluetooth@1.0-ibs_handler: SerialClockVote: vote for UART CLK ON
03-14 14:02:22.057  1407  5182 I vendor.qti.bluetooth@1.0-ibs_handler: ProcessIbsCmd: Writing IBS_WAKE_ACK
03-14 14:02:22.136  1407  5182 I vendor.qti.bluetooth@1.0-ibs_handler: ProcessIbsCmd: Received IBS_SLEEP_IND: 0xFE
03-14 14:02:22.137  1407  5182 D vendor.qti.bluetooth@1.0-ibs_handler: SerialClockVote: vote for UART CLK OFF
03-14 14:02:22.196  1407  5182 I vendor.qti.bluetooth@1.0-ibs_handler: ProcessIbsCmd: Received IBS_WAKE_IND: 0xFD
03-14 14:02:22.197  1407  5182 D vendor.qti.bluetooth@1.0-ibs_handler: SerialClockVote: vote for UART CLK ON
03-14 14:02:22.197  1407  5182 I vendor.qti.bluetooth@1.0-ibs_handler: ProcessIbsCmd: Writing IBS_WAKE_ACK
03-14 14:02:22.238  1407  5182 I vendor.qti.bluetooth@1.0-ibs_handler: ProcessIbsCmd: Received IBS_SLEEP_IND: 0xFE
03-14 14:02:22.238  1407  5182 D vendor.qti.bluetooth@1.0-ibs_handler: SerialClockVote: vote for UART CLK OFF
03-14 14:02:22.299  1407  5182 I vendor.qti.bluetooth@1.0-ibs_handler: ProcessIbsCmd: Received IBS_WAKE_IND: 0xFD
03-14 14:02:22.299  1407  5182 D vendor.qti.bluetooth@1.0-ibs_handler: SerialClockVote: vote for UART CLK ON
03-14 14:02:22.299  1407  5182 I vendor.qti.bluetooth@1.0-ibs_handler: ProcessIbsCmd: Writing IBS_WAKE_ACK
03-14 14:02:22.342  1407  5182 I vendor.qti.bluetooth@1.0-ibs_handler: ProcessIbsCmd: Received IBS_SLEEP_IND: 0xFE
03-14 14:02:22.343  1407  5182 D vendor.qti.bluetooth@1.0-ibs_handler: SerialClockVote: vote for UART CLK OFF
03-14 14:02:22.347  1407  5182 I vendor.qti.bluetooth@1.0-ibs_handler: ProcessIbsCmd: Received IBS_WAKE_IND: 0xFD
03-14 14:02:22.347  1407  5182 D vendor.qti.bluetooth@1.0-ibs_handler: SerialClockVote: vote for UART CLK ON
03-14 14:02:22.347  1407  5182 I vendor.qti.bluetooth@1.0-ibs_handler: ProcessIbsCmd: Writing IBS_WAKE_ACK
03-14 14:02:22.431  1407  5182 I vendor.qti.bluetooth@1.0-ibs_handler: ProcessIbsCmd: Received IBS_SLEEP_IND: 0xFE
03-14 14:02:22.431  1407  5182 D vendor.qti.bluetooth@1.0-ibs_handler: SerialClockVote: vote for UART CLK OFF
03-14 14:02:22.471  1407  5182 I vendor.qti.bluetooth@1.0-ibs_handler: ProcessIbsCmd: Received IBS_WAKE_IND: 0xFD
03-14 14:02:22.471  1407  5182 D vendor.qti.bluetooth@1.0-ibs_handler: SerialClockVote: vote for UART CLK ON
03-14 14:02:22.471  1407  5182 I vendor.qti.bluetooth@1.0-ibs_handler: ProcessIbsCmd: Writing IBS_WAKE_ACK
03-14 14:02:22.552  1407  5182 I vendor.qti.bluetooth@1.0-ibs_handler: ProcessIbsCmd: Received IBS_SLEEP_IND: 0xFE
03-14 14:02:22.553  1407  5182 D vendor.qti.bluetooth@1.0-ibs_handler: SerialClockVote: vote for UART CLK OFF
03-14 14:02:22.561  1901  1901 W HwBinder:1901_2: type=1400 audit(0.0:1380603): avc:  denied  { read } for  name="u:object_r:moto_df_prop:s0" dev="tmpfs" ino=11157 scontext=u:r:system_server:s0 tcontext=u:object_r:moto_df_prop:s0 tclass=file permissive=0
03-14 14:02:22.568  1901  3236 W libc    : Access denied finding property "persist.mot.dogfooding"
03-14 14:02:22.575  4006  4943 D PowerUI : can't show warning due to - plugged: true status unknown: false
03-14 14:02:22.582  1901  1901 V UiModeManager: updateLocked: null action, mDockState=0, category=null
03-14 14:02:22.582  1901  1901 D UiModeManager: updateConfigurationLocked: mDockState=0; mCarMode=false; mNightMode=2; mNightModeCustomType=-1; uiMode=33
03-14 14:02:22.583  4233  4233 D QtiCarrierConfigHelper: WARNING, no carrier configs on phone Id: 0
03-14 14:02:22.602  1407  5182 I vendor.qti.bluetooth@1.0-ibs_handler: ProcessIbsCmd: Received IBS_WAKE_IND: 0xFD
03-14 14:02:22.603  1407  5182 D vendor.qti.bluetooth@1.0-ibs_handler: SerialClockVote: vote for UART CLK ON
03-14 14:02:22.603  1407  5182 I vendor.qti.bluetooth@1.0-ibs_handler: ProcessIbsCmd: Writing IBS_WAKE_ACK
03-14 14:02:22.672  1407  5182 I vendor.qti.bluetooth@1.0-ibs_handler: ProcessIbsCmd: Received IBS_SLEEP_IND: 0xFE
03-14 14:02:22.672  1407  5182 D vendor.qti.bluetooth@1.0-ibs_handler: SerialClockVote: vote for UART CLK OFF
03-14 14:02:22.682  1407  5182 I vendor.qti.bluetooth@1.0-ibs_handler: ProcessIbsCmd: Received IBS_WAKE_IND: 0xFD
03-14 14:02:22.682  1407  5182 D vendor.qti.bluetooth@1.0-ibs_handler: SerialClockVote: vote for UART CLK ON
03-14 14:02:22.682  1407  5182 I vendor.qti.bluetooth@1.0-ibs_handler: ProcessIbsCmd: Writing IBS_WAKE_ACK
03-14 14:02:22.725  1407  5182 I vendor.qti.bluetooth@1.0-ibs_handler: ProcessIbsCmd: Received IBS_SLEEP_IND: 0xFE
03-14 14:02:22.725  1407  5182 D vendor.qti.bluetooth@1.0-ibs_handler: SerialClockVote: vote for UART CLK OFF
03-14 14:02:22.765  1407  5182 I vendor.qti.bluetooth@1.0-ibs_handler: ProcessIbsCmd: Received IBS_WAKE_IND: 0xFD
03-14 14:02:22.765  1407  5182 D vendor.qti.bluetooth@1.0-ibs_handler: SerialClockVote: vote for UART CLK ON
03-14 14:02:22.765  1407  5182 I vendor.qti.bluetooth@1.0-ibs_handler: ProcessIbsCmd: Writing IBS_WAKE_ACK
03-14 14:02:22.868  1407  5182 I vendor.qti.bluetooth@1.0-ibs_handler: ProcessIbsCmd: Received IBS_SLEEP_IND: 0xFE
03-14 14:02:22.868  1407  5182 D vendor.qti.bluetooth@1.0-ibs_handler: SerialClockVote: vote for UART CLK OFF
03-14 14:02:22.883  1407  5182 I vendor.qti.bluetooth@1.0-ibs_handler: ProcessIbsCmd: Received IBS_WAKE_IND: 0xFD
03-14 14:02:22.883  1407  5182 D vendor.qti.bluetooth@1.0-ibs_handler: SerialClockVote: vote for UART CLK ON
03-14 14:02:22.883  1407  5182 I vendor.qti.bluetooth@1.0-ibs_handler: ProcessIbsCmd: Writing IBS_WAKE_ACK
03-14 14:02:22.982  1407  5182 I vendor.qti.bluetooth@1.0-ibs_handler: ProcessIbsCmd: Received IBS_SLEEP_IND: 0xFE
03-14 14:02:22.982  1407  5182 D vendor.qti.bluetooth@1.0-ibs_handler: SerialClockVote: vote for UART CLK OFF
03-14 14:02:22.982  1407  5182 I vendor.qti.bluetooth@1.0-ibs_handler: ProcessIbsCmd: Received IBS_WAKE_IND: 0xFD
03-14 14:02:22.982  1407  5182 D vendor.qti.bluetooth@1.0-ibs_handler: SerialClockVote: vote for UART CLK ON
03-14 14:02:22.982  1407  5182 I vendor.qti.bluetooth@1.0-ibs_handler: ProcessIbsCmd: Writing IBS_WAKE_ACK
03-14 14:02:23.023  1407  5182 I vendor.qti.bluetooth@1.0-ibs_handler: ProcessIbsCmd: Received IBS_SLEEP_IND: 0xFE
03-14 14:02:23.024  1407  5182 D vendor.qti.bluetooth@1.0-ibs_handler: SerialClockVote: vote for UART CLK OFF
03-14 14:02:23.027  1407  5182 I vendor.qti.bluetooth@1.0-ibs_handler: ProcessIbsCmd: Received IBS_WAKE_IND: 0xFD
03-14 14:02:23.027  1407  5182 D vendor.qti.bluetooth@1.0-ibs_handler: SerialClockVote: vote for UART CLK ON
03-14 14:02:23.027  1407  5182 I vendor.qti.bluetooth@1.0-ibs_handler: ProcessIbsCmd: Writing IBS_WAKE_ACK
03-14 14:02:23.074  1407  5182 I vendor.qti.bluetooth@1.0-ibs_handler: ProcessIbsCmd: Received IBS_SLEEP_IND: 0xFE
03-14 14:02:23.074  1407  5182 D vendor.qti.bluetooth@1.0-ibs_handler: SerialClockVote: vote for UART CLK OFF
03-14 14:02:23.095  1407  5182 I vendor.qti.bluetooth@1.0-ibs_handler: ProcessIbsCmd: Received IBS_WAKE_IND: 0xFD
03-14 14:02:23.095  1407  5182 D vendor.qti.bluetooth@1.0-ibs_handler: SerialClockVote: vote for UART CLK ON
03-14 14:02:23.095  1407  5182 I vendor.qti.bluetooth@1.0-ibs_handler: ProcessIbsCmd: Writing IBS_WAKE_ACK
03-14 14:02:23.138  1407  5182 I vendor.qti.bluetooth@1.0-ibs_handler: ProcessIbsCmd: Received IBS_SLEEP_IND: 0xFE
03-14 14:02:23.138  1407  5182 D vendor.qti.bluetooth@1.0-ibs_handler: SerialClockVote: vote for UART CLK OFF
03-14 14:02:23.143  1407  5182 I vendor.qti.bluetooth@1.0-ibs_handler: ProcessIbsCmd: Received IBS_WAKE_IND: 0xFD
03-14 14:02:23.143  1407  5182 D vendor.qti.bluetooth@1.0-ibs_handler: SerialClockVote: vote for UART CLK ON
03-14 14:02:23.143  1407  5182 I vendor.qti.bluetooth@1.0-ibs_handler: ProcessIbsCmd: Writing IBS_WAKE_ACK
03-14 14:02:23.184  1407  5182 I vendor.qti.bluetooth@1.0-ibs_handler: ProcessIbsCmd: Received IBS_SLEEP_IND: 0xFE
03-14 14:02:23.184  1407  5182 D vendor.qti.bluetooth@1.0-ibs_handler: SerialClockVote: vote for UART CLK OFF
03-14 14:02:23.200  1407  5182 I vendor.qti.bluetooth@1.0-ibs_handler: ProcessIbsCmd: Received IBS_WAKE_IND: 0xFD
03-14 14:02:23.200  1407  5182 D vendor.qti.bluetooth@1.0-ibs_handler: SerialClockVote: vote for UART CLK ON
03-14 14:02:23.200  1407  5182 I vendor.qti.bluetooth@1.0-ibs_handler: ProcessIbsCmd: Writing IBS_WAKE_ACK
03-14 14:02:23.285  1407  5182 I vendor.qti.bluetooth@1.0-ibs_handler: ProcessIbsCmd: Received IBS_SLEEP_IND: 0xFE
03-14 14:02:23.286  1407  5182 D vendor.qti.bluetooth@1.0-ibs_handler: SerialClockVote: vote for UART CLK OFF
03-14 14:02:23.305  1407  5182 I vendor.qti.bluetooth@1.0-ibs_handler: ProcessIbsCmd: Received IBS_WAKE_IND: 0xFD
03-14 14:02:23.306  1407  5182 D vendor.qti.bluetooth@1.0-ibs_handler: SerialClockVote: vote for UART CLK ON
03-14 14:02:23.306  1407  5182 I vendor.qti.bluetooth@1.0-ibs_handler: ProcessIbsCmd: Writing IBS_WAKE_ACK
03-14 14:02:23.388  1407  5182 I vendor.qti.bluetooth@1.0-ibs_handler: ProcessIbsCmd: Received IBS_SLEEP_IND: 0xFE
03-14 14:02:23.389  1407  5182 D vendor.qti.bluetooth@1.0-ibs_handler: SerialClockVote: vote for UART CLK OFF
03-14 14:02:23.409  1407  5182 I vendor.qti.bluetooth@1.0-ibs_handler: ProcessIbsCmd: Received IBS_WAKE_IND: 0xFD
03-14 14:02:23.409  1407  5182 D vendor.qti.bluetooth@1.0-ibs_handler: SerialClockVote: vote for UART CLK ON
03-14 14:02:23.409  1407  5182 I vendor.qti.bluetooth@1.0-ibs_handler: ProcessIbsCmd: Writing IBS_WAKE_ACK
03-14 14:02:23.490  1407  5182 I vendor.qti.bluetooth@1.0-ibs_handler: ProcessIbsCmd: Received IBS_SLEEP_IND: 0xFE
03-14 14:02:23.490  1407  5182 D vendor.qti.bluetooth@1.0-ibs_handler: SerialClockVote: vote for UART CLK OFF
03-14 14:02:23.495  1407  5182 I vendor.qti.bluetooth@1.0-ibs_handler: ProcessIbsCmd: Received IBS_WAKE_IND: 0xFD
03-14 14:02:23.495  1407  5182 D vendor.qti.bluetooth@1.0-ibs_handler: SerialClockVote: vote for UART CLK ON
03-14 14:02:23.495  1407  5182 I vendor.qti.bluetooth@1.0-ibs_handler: ProcessIbsCmd: Writing IBS_WAKE_ACK
03-14 14:02:23.544  1407  5182 I vendor.qti.bluetooth@1.0-ibs_handler: ProcessIbsCmd: Received IBS_SLEEP_IND: 0xFE
03-14 14:02:23.544  1407  5182 D vendor.qti.bluetooth@1.0-ibs_handler: SerialClockVote: vote for UART CLK OFF
03-14 14:02:23.619  1407  5182 I vendor.qti.bluetooth@1.0-ibs_handler: ProcessIbsCmd: Received IBS_WAKE_IND: 0xFD
03-14 14:02:23.619  1407  5182 D vendor.qti.bluetooth@1.0-ibs_handler: SerialClockVote: vote for UART CLK ON
03-14 14:02:23.620  1407  5182 I vendor.qti.bluetooth@1.0-ibs_handler: ProcessIbsCmd: Writing IBS_WAKE_ACK
03-14 14:02:23.700  1407  5182 I vendor.qti.bluetooth@1.0-ibs_handler: ProcessIbsCmd: Received IBS_SLEEP_IND: 0xFE
03-14 14:02:23.700  1407  5182 D vendor.qti.bluetooth@1.0-ibs_handler: SerialClockVote: vote for UART CLK OFF
03-14 14:02:23.731  1407  5182 I vendor.qti.bluetooth@1.0-ibs_handler: ProcessIbsCmd: Received IBS_WAKE_IND: 0xFD
03-14 14:02:23.732  1407  5182 D vendor.qti.bluetooth@1.0-ibs_handler: SerialClockVote: vote for UART CLK ON
03-14 14:02:23.732  1407  5182 I vendor.qti.bluetooth@1.0-ibs_handler: ProcessIbsCmd: Writing IBS_WAKE_ACK
03-14 14:02:23.825  1407  5182 I vendor.qti.bluetooth@1.0-ibs_handler: ProcessIbsCmd: Received IBS_SLEEP_IND: 0xFE
03-14 14:02:23.825  1407  5182 D vendor.qti.bluetooth@1.0-ibs_handler: SerialClockVote: vote for UART CLK OFF
03-14 14:02:23.828  1407  5182 I vendor.qti.bluetooth@1.0-ibs_handler: ProcessIbsCmd: Received IBS_WAKE_IND: 0xFD
03-14 14:02:23.828  1407  5182 D vendor.qti.bluetooth@1.0-ibs_handler: SerialClockVote: vote for UART CLK ON
03-14 14:02:23.829  1407  5182 I vendor.qti.bluetooth@1.0-ibs_handler: ProcessIbsCmd: Writing IBS_WAKE_ACK
03-14 14:02:23.907  1407  5182 I vendor.qti.bluetooth@1.0-ibs_handler: ProcessIbsCmd: Received IBS_SLEEP_IND: 0xFE
03-14 14:02:23.907  1407  5182 D vendor.qti.bluetooth@1.0-ibs_handler: SerialClockVote: vote for UART CLK OFF
03-14 14:02:23.967  1407  5182 I vendor.qti.bluetooth@1.0-ibs_handler: ProcessIbsCmd: Received IBS_WAKE_IND: 0xFD
03-14 14:02:23.967  1407  5182 D vendor.qti.bluetooth@1.0-ibs_handler: SerialClockVote: vote for UART CLK ON
03-14 14:02:23.967  1407  5182 I vendor.qti.bluetooth@1.0-ibs_handler: ProcessIbsCmd: Writing IBS_WAKE_ACK
03-14 14:02:24.008  1407  5182 I vendor.qti.bluetooth@1.0-ibs_handler: ProcessIbsCmd: Received IBS_SLEEP_IND: 0xFE
03-14 14:02:24.009  1407  5182 D vendor.qti.bluetooth@1.0-ibs_handler: SerialClockVote: vote for UART CLK OFF
03-14 14:02:24.073  1407  5182 I vendor.qti.bluetooth@1.0-ibs_handler: ProcessIbsCmd: Received IBS_WAKE_IND: 0xFD
03-14 14:02:24.073  1407  5182 D vendor.qti.bluetooth@1.0-ibs_handler: SerialClockVote: vote for UART CLK ON
03-14 14:02:24.073  1407  5182 I vendor.qti.bluetooth@1.0-ibs_handler: ProcessIbsCmd: Writing IBS_WAKE_ACK
03-14 14:02:24.118  1407  5182 I vendor.qti.bluetooth@1.0-ibs_handler: ProcessIbsCmd: Received IBS_SLEEP_IND: 0xFE
03-14 14:02:24.118  1407  5182 D vendor.qti.bluetooth@1.0-ibs_handler: SerialClockVote: vote for UART CLK OFF
03-14 14:02:24.152  1407  5182 I vendor.qti.bluetooth@1.0-ibs_handler: ProcessIbsCmd: Received IBS_WAKE_IND: 0xFD
03-14 14:02:24.152  1407  5182 D vendor.qti.bluetooth@1.0-ibs_handler: SerialClockVote: vote for UART CLK ON
03-14 14:02:24.152  1407  5182 I vendor.qti.bluetooth@1.0-ibs_handler: ProcessIbsCmd: Writing IBS_WAKE_ACK
03-14 14:02:24.193  1407  5182 I vendor.qti.bluetooth@1.0-ibs_handler: ProcessIbsCmd: Received IBS_SLEEP_IND: 0xFE
03-14 14:02:24.194  1407  5182 D vendor.qti.bluetooth@1.0-ibs_handler: SerialClockVote: vote for UART CLK OFF
03-14 14:02:24.265  1407  5182 I vendor.qti.bluetooth@1.0-ibs_handler: ProcessIbsCmd: Received IBS_WAKE_IND: 0xFD
03-14 14:02:24.265  1407  5182 D vendor.qti.bluetooth@1.0-ibs_handler: SerialClockVote: vote for UART CLK ON
03-14 14:02:24.265  1407  5182 I vendor.qti.bluetooth@1.0-ibs_handler: ProcessIbsCmd: Writing IBS_WAKE_ACK
03-14 14:02:24.323  1407  5182 I vendor.qti.bluetooth@1.0-ibs_handler: ProcessIbsCmd: Received IBS_SLEEP_IND: 0xFE
03-14 14:02:24.323  1407  5182 D vendor.qti.bluetooth@1.0-ibs_handler: SerialClockVote: vote for UART CLK OFF
03-14 14:02:24.362  1407  5182 I vendor.qti.bluetooth@1.0-ibs_handler: ProcessIbsCmd: Received IBS_WAKE_IND: 0xFD
03-14 14:02:24.362  1407  5182 D vendor.qti.bluetooth@1.0-ibs_handler: SerialClockVote: vote for UART CLK ON
03-14 14:02:24.362  1407  5182 I vendor.qti.bluetooth@1.0-ibs_handler: ProcessIbsCmd: Writing IBS_WAKE_ACK
03-14 14:02:24.432  1407  5182 I vendor.qti.bluetooth@1.0-ibs_handler: ProcessIbsCmd: Received IBS_SLEEP_IND: 0xFE
03-14 14:02:24.432  1407  5182 D vendor.qti.bluetooth@1.0-ibs_handler: SerialClockVote: vote for UART CLK OFF
03-14 14:02:24.439  1407  5182 I vendor.qti.bluetooth@1.0-ibs_handler: ProcessIbsCmd: Received IBS_WAKE_IND: 0xFD
